Archive member included to satisfy reference by file (symbol)

.\CortexM3\ARM_GCC_541\Debug\hello_world_label.a(I2C.o)
                              .\CortexM3\ARM_GCC_541\Debug\main.o (I2C_Start)
.\CortexM3\ARM_GCC_541\Debug\hello_world_label.a(I2C_INT.o)
                              .\CortexM3\ARM_GCC_541\Debug\hello_world_label.a(I2C.o) (I2C_ISR)
.\CortexM3\ARM_GCC_541\Debug\hello_world_label.a(I2C_PM.o)
                              .\CortexM3\ARM_GCC_541\Debug\hello_world_label.a(I2C.o) (I2C_backup)
.\CortexM3\ARM_GCC_541\Debug\hello_world_label.a(I2C_MASTER.o)
                              .\CortexM3\ARM_GCC_541\Debug\SSD1306.o (I2C_MasterWriteBuf)
.\CortexM3\ARM_GCC_541\Debug\hello_world_label.a(UART_Log.o)
                              .\CortexM3\ARM_GCC_541\Debug\main.o (UART_Log_Start)
.\CortexM3\ARM_GCC_541\Debug\hello_world_label.a(CyLib.o)
                              .\CortexM3\ARM_GCC_541\Debug\Cm3Start.o (CyHalt)
.\CortexM3\ARM_GCC_541\Debug\hello_world_label.a(cyPm.o)
                              .\CortexM3\ARM_GCC_541\Debug\hello_world_label.a(CyLib.o) (CyPmReadStatus)
.\CortexM3\ARM_GCC_541\Debug\hello_world_label.a(Timer.o)
                              .\CortexM3\ARM_GCC_541\Debug\main.o (Timer_ReadStatusRegister)
.\CortexM3\ARM_GCC_541\Debug\hello_world_label.a(isr_Timer.o)
                              .\CortexM3\ARM_GCC_541\Debug\main.o (isr_Timer_StartEx)
.\CortexM3\ARM_GCC_541\Debug\hello_world_label.a(UART_Log_AsmGnu.o)
                              .\CortexM3\ARM_GCC_541\Debug\DBG.o (UART_Log_PutChar)
.\CortexM3\ARM_GCC_541\Debug\hello_world_label.a(CyBootAsmGnu.o)
                              .\CortexM3\ARM_GCC_541\Debug\cyfitter_cfg.o (CyDelayCycles)
.\CortexM3\ARM_GCC_541\Debug\hello_world_label.a(CyFlash.o)
                              .\CortexM3\ARM_GCC_541\Debug\hello_world_label.a(cyPm.o) (CyFlash_SetWaitCycles)
.\CortexM3\ARM_GCC_541\Debug\hello_world_label.a(CySpc.o)
                              .\CortexM3\ARM_GCC_541\Debug\hello_world_label.a(CyFlash.o) (CySpcStart)
c:/program files (x86)/cypress/psoc creator/4.2/psoc creator/import/gnu/arm/5.4.1/bin/../lib/gcc/arm-none-eabi/5.4.1/armv7-m\libgcc.a(_udivsi3.o)
                              .\CortexM3\ARM_GCC_541\Debug\hello_world_label.a(UART_Log_AsmGnu.o) (__aeabi_uidiv)
c:/program files (x86)/cypress/psoc creator/4.2/psoc creator/import/gnu/arm/5.4.1/bin/../lib/gcc/arm-none-eabi/5.4.1/armv7-m\libgcc.a(_dvmd_tls.o)
                              c:/program files (x86)/cypress/psoc creator/4.2/psoc creator/import/gnu/arm/5.4.1/bin/../lib/gcc/arm-none-eabi/5.4.1/armv7-m\libgcc.a(_udivsi3.o) (__aeabi_idiv0)
c:/program files (x86)/cypress/psoc creator/4.2/psoc creator/import/gnu/arm/5.4.1/bin/../lib/gcc/arm-none-eabi/5.4.1/../../../../arm-none-eabi/lib/armv7-m\libg_nano.a(lib_a-errno.o)
                              .\CortexM3\ARM_GCC_541\Debug\Cm3Start.o (__errno)
c:/program files (x86)/cypress/psoc creator/4.2/psoc creator/import/gnu/arm/5.4.1/bin/../lib/gcc/arm-none-eabi/5.4.1/../../../../arm-none-eabi/lib/armv7-m\libg_nano.a(lib_a-exit.o)
                              c:/program files (x86)/cypress/psoc creator/4.2/psoc creator/import/gnu/arm/5.4.1/bin/../lib/gcc/arm-none-eabi/5.4.1/../../../../arm-none-eabi/lib/armv7-m/crt0.o (exit)
c:/program files (x86)/cypress/psoc creator/4.2/psoc creator/import/gnu/arm/5.4.1/bin/../lib/gcc/arm-none-eabi/5.4.1/../../../../arm-none-eabi/lib/armv7-m\libg_nano.a(lib_a-impure.o)
                              c:/program files (x86)/cypress/psoc creator/4.2/psoc creator/import/gnu/arm/5.4.1/bin/../lib/gcc/arm-none-eabi/5.4.1/../../../../arm-none-eabi/lib/armv7-m\libg_nano.a(lib_a-exit.o) (_global_impure_ptr)
c:/program files (x86)/cypress/psoc creator/4.2/psoc creator/import/gnu/arm/5.4.1/bin/../lib/gcc/arm-none-eabi/5.4.1/../../../../arm-none-eabi/lib/armv7-m\libg_nano.a(lib_a-init.o)
                              c:/program files (x86)/cypress/psoc creator/4.2/psoc creator/import/gnu/arm/5.4.1/bin/../lib/gcc/arm-none-eabi/5.4.1/../../../../arm-none-eabi/lib/armv7-m/crt0.o (__libc_init_array)
c:/program files (x86)/cypress/psoc creator/4.2/psoc creator/import/gnu/arm/5.4.1/bin/../lib/gcc/arm-none-eabi/5.4.1/../../../../arm-none-eabi/lib/armv7-m\libg_nano.a(lib_a-memcpy-stub.o)
                              .\CortexM3\ARM_GCC_541\Debug\SSD1306.o (memcpy)
c:/program files (x86)/cypress/psoc creator/4.2/psoc creator/import/gnu/arm/5.4.1/bin/../lib/gcc/arm-none-eabi/5.4.1/../../../../arm-none-eabi/lib/armv7-m\libg_nano.a(lib_a-memset.o)
                              c:/program files (x86)/cypress/psoc creator/4.2/psoc creator/import/gnu/arm/5.4.1/bin/../lib/gcc/arm-none-eabi/5.4.1/../../../../arm-none-eabi/lib/armv7-m/crt0.o (memset)
c:/program files (x86)/cypress/psoc creator/4.2/psoc creator/import/gnu/arm/5.4.1/bin/../lib/gcc/arm-none-eabi/5.4.1/../../../../arm-none-eabi/lib/armv7-m\libg_nano.a(lib_a-strcpy.o)
[...]
Memory Configuration

Name             Origin             Length             Attributes
rom              0x00000000         0x00040000         xr
ram              0x1fff8000         0x00010000         xrw
*default*        0x00000000         0xffffffff

Linker script and memory map

LOAD c:/program files (x86)/cypress/psoc creator/4.2/psoc creator/import/gnu/arm/5.4.1/bin/../lib/gcc/arm-none-eabi/5.4.1/armv7-m/crti.o
LOAD c:/program files (x86)/cypress/psoc creator/4.2/psoc creator/import/gnu/arm/5.4.1/bin/../lib/gcc/arm-none-eabi/5.4.1/armv7-m/crtbegin.o
LOAD c:/program files (x86)/cypress/psoc creator/4.2/psoc creator/import/gnu/arm/5.4.1/bin/../lib/gcc/arm-none-eabi/5.4.1/../../../../arm-none-eabi/lib/armv7-m/crt0.o
START GROUP
LOAD .\CortexM3\ARM_GCC_541\Debug\main.o
LOAD .\CortexM3\ARM_GCC_541\Debug\DBG.o
LOAD .\CortexM3\ARM_GCC_541\Debug\SSD1306.o
LOAD .\CortexM3\ARM_GCC_541\Debug\lv_group.o
LOAD .\CortexM3\ARM_GCC_541\Debug\lv_indev.o
LOAD .\CortexM3\ARM_GCC_541\Debug\lv_lang.o
LOAD .\CortexM3\ARM_GCC_541\Debug\lv_obj.o
LOAD .\CortexM3\ARM_GCC_541\Debug\lv_refr.o
LOAD .\CortexM3\ARM_GCC_541\Debug\lv_style.o
LOAD .\CortexM3\ARM_GCC_541\Debug\lv_vdb.o
LOAD .\CortexM3\ARM_GCC_541\Debug\lv_draw.o
LOAD .\CortexM3\ARM_GCC_541\Debug\lv_draw_arc.o
LOAD .\CortexM3\ARM_GCC_541\Debug\lv_draw_img.o
LOAD .\CortexM3\ARM_GCC_541\Debug\lv_draw_label.o
LOAD .\CortexM3\ARM_GCC_541\Debug\lv_draw_line.o
LOAD .\CortexM3\ARM_GCC_541\Debug\lv_draw_rbasic.o
LOAD .\CortexM3\ARM_GCC_541\Debug\lv_draw_rect.o
LOAD .\CortexM3\ARM_GCC_541\Debug\lv_draw_triangle.o
LOAD .\CortexM3\ARM_GCC_541\Debug\lv_draw_vbasic.o
LOAD .\CortexM3\ARM_GCC_541\Debug\lv_font_builtin.o
LOAD .\CortexM3\ARM_GCC_541\Debug\lv_font_dejavu_10.o
LOAD .\CortexM3\ARM_GCC_541\Debug\lv_font_dejavu_10_cyrillic.o
LOAD .\CortexM3\ARM_GCC_541\Debug\lv_font_dejavu_10_latin_sup.o
LOAD .\CortexM3\ARM_GCC_541\Debug\lv_font_dejavu_20.o
LOAD .\CortexM3\ARM_GCC_541\Debug\lv_font_dejavu_20_cyrillic.o
LOAD .\CortexM3\ARM_GCC_541\Debug\lv_font_dejavu_20_latin_sup.o
LOAD .\CortexM3\ARM_GCC_541\Debug\lv_font_dejavu_30.o
LOAD .\CortexM3\ARM_GCC_541\Debug\lv_font_dejavu_30_cyrillic.o
LOAD .\CortexM3\ARM_GCC_541\Debug\lv_font_dejavu_30_latin_sup.o
LOAD .\CortexM3\ARM_GCC_541\Debug\lv_font_dejavu_40.o
LOAD .\CortexM3\ARM_GCC_541\Debug\lv_font_dejavu_40_cyrillic.o
LOAD .\CortexM3\ARM_GCC_541\Debug\lv_font_dejavu_40_latin_sup.o
LOAD .\CortexM3\ARM_GCC_541\Debug\lv_font_monospace_8.o
LOAD .\CortexM3\ARM_GCC_541\Debug\lv_font_symbol_10.o
LOAD .\CortexM3\ARM_GCC_541\Debug\lv_font_symbol_20.o
LOAD .\CortexM3\ARM_GCC_541\Debug\lv_font_symbol_30.o
LOAD .\CortexM3\ARM_GCC_541\Debug\lv_font_symbol_40.o
LOAD .\CortexM3\ARM_GCC_541\Debug\lv_hal_disp.o
LOAD .\CortexM3\ARM_GCC_541\Debug\lv_hal_indev.o
LOAD .\CortexM3\ARM_GCC_541\Debug\lv_hal_tick.o
LOAD .\CortexM3\ARM_GCC_541\Debug\lv_anim.o
LOAD .\CortexM3\ARM_GCC_541\Debug\lv_area.o
LOAD .\CortexM3\ARM_GCC_541\Debug\lv_circ.o
LOAD .\CortexM3\ARM_GCC_541\Debug\lv_color.o
LOAD .\CortexM3\ARM_GCC_541\Debug\lv_font.o
LOAD .\CortexM3\ARM_GCC_541\Debug\lv_fs.o
LOAD .\CortexM3\ARM_GCC_541\Debug\lv_gc.o
LOAD .\CortexM3\ARM_GCC_541\Debug\lv_ll.o
LOAD .\CortexM3\ARM_GCC_541\Debug\lv_log.o
LOAD .\CortexM3\ARM_GCC_541\Debug\lv_math.o
LOAD .\CortexM3\ARM_GCC_541\Debug\lv_mem.o
LOAD .\CortexM3\ARM_GCC_541\Debug\lv_task.o
LOAD .\CortexM3\ARM_GCC_541\Debug\lv_templ.o
LOAD .\CortexM3\ARM_GCC_541\Debug\lv_txt.o
LOAD .\CortexM3\ARM_GCC_541\Debug\lv_ufs.o
LOAD .\CortexM3\ARM_GCC_541\Debug\lv_arc.o
LOAD .\CortexM3\ARM_GCC_541\Debug\lv_bar.o
LOAD .\CortexM3\ARM_GCC_541\Debug\lv_btn.o
LOAD .\CortexM3\ARM_GCC_541\Debug\lv_btnm.o
LOAD .\CortexM3\ARM_GCC_541\Debug\lv_calendar.o
LOAD .\CortexM3\ARM_GCC_541\Debug\lv_canvas.o
LOAD .\CortexM3\ARM_GCC_541\Debug\lv_cb.o
LOAD .\CortexM3\ARM_GCC_541\Debug\lv_chart.o
LOAD .\CortexM3\ARM_GCC_541\Debug\lv_cont.o
LOAD .\CortexM3\ARM_GCC_541\Debug\lv_ddlist.o
LOAD .\CortexM3\ARM_GCC_541\Debug\lv_gauge.o
LOAD .\CortexM3\ARM_GCC_541\Debug\lv_img.o
LOAD .\CortexM3\ARM_GCC_541\Debug\lv_imgbtn.o
LOAD .\CortexM3\ARM_GCC_541\Debug\lv_kb.o
LOAD .\CortexM3\ARM_GCC_541\Debug\lv_label.o
LOAD .\CortexM3\ARM_GCC_541\Debug\lv_led.o
LOAD .\CortexM3\ARM_GCC_541\Debug\lv_line.o
LOAD .\CortexM3\ARM_GCC_541\Debug\lv_list.o
LOAD .\CortexM3\ARM_GCC_541\Debug\lv_lmeter.o
LOAD .\CortexM3\ARM_GCC_541\Debug\lv_mbox.o
LOAD .\CortexM3\ARM_GCC_541\Debug\lv_objx_templ.o
LOAD .\CortexM3\ARM_GCC_541\Debug\lv_page.o
LOAD .\CortexM3\ARM_GCC_541\Debug\lv_preload.o
LOAD .\CortexM3\ARM_GCC_541\Debug\lv_roller.o
LOAD .\CortexM3\ARM_GCC_541\Debug\lv_slider.o
LOAD .\CortexM3\ARM_GCC_541\Debug\lv_spinbox.o
LOAD .\CortexM3\ARM_GCC_541\Debug\lv_sw.o
LOAD .\CortexM3\ARM_GCC_541\Debug\lv_ta.o
LOAD .\CortexM3\ARM_GCC_541\Debug\lv_table.o
LOAD .\CortexM3\ARM_GCC_541\Debug\lv_tabview.o
LOAD .\CortexM3\ARM_GCC_541\Debug\lv_tileview.o
LOAD .\CortexM3\ARM_GCC_541\Debug\lv_win.o
LOAD .\CortexM3\ARM_GCC_541\Debug\lv_port_disp_templ.o
LOAD .\CortexM3\ARM_GCC_541\Debug\lv_port_fs_templ.o
LOAD .\CortexM3\ARM_GCC_541\Debug\lv_port_indev_templ.o
LOAD .\CortexM3\ARM_GCC_541\Debug\lv_theme.o
LOAD .\CortexM3\ARM_GCC_541\Debug\lv_theme_alien.o
LOAD .\CortexM3\ARM_GCC_541\Debug\lv_theme_default.o
LOAD .\CortexM3\ARM_GCC_541\Debug\lv_theme_material.o
LOAD .\CortexM3\ARM_GCC_541\Debug\lv_theme_mono.o
LOAD .\CortexM3\ARM_GCC_541\Debug\lv_theme_nemo.o
LOAD .\CortexM3\ARM_GCC_541\Debug\lv_theme_night.o
LOAD .\CortexM3\ARM_GCC_541\Debug\lv_theme_templ.o
LOAD .\CortexM3\ARM_GCC_541\Debug\lv_theme_zen.o
LOAD .\CortexM3\ARM_GCC_541\Debug\cyfitter_cfg.o
LOAD .\CortexM3\ARM_GCC_541\Debug\cymetadata.o
LOAD .\CortexM3\ARM_GCC_541\Debug\Cm3Start.o
LOAD .\CortexM3\ARM_GCC_541\Debug\hello_world_label.a
LOAD C:\Program Files (x86)\Cypress\PSoC Creator\4.2\PSoC Creator\psoc\content\cycomponentlibrary\CyComponentLibrary.cylib\CortexM3\ARM_GCC_541\Debug\CyComponentLibrary.a
END GROUP
START GROUP
LOAD c:/program files (x86)/cypress/psoc creator/4.2/psoc creator/import/gnu/arm/5.4.1/bin/../lib/gcc/arm-none-eabi/5.4.1/armv7-m\libgcc.a
LOAD c:/program files (x86)/cypress/psoc creator/4.2/psoc creator/import/gnu/arm/5.4.1/bin/../lib/gcc/arm-none-eabi/5.4.1/../../../../arm-none-eabi/lib/armv7-m\libg_nano.a
LOAD c:/program files (x86)/cypress/psoc creator/4.2/psoc creator/import/gnu/arm/5.4.1/bin/../lib/gcc/arm-none-eabi/5.4.1/../../../../arm-none-eabi/lib/armv7-m\libc_nano.a
END GROUP
START GROUP
LOAD c:/program files (x86)/cypress/psoc creator/4.2/psoc creator/import/gnu/arm/5.4.1/bin/../lib/gcc/arm-none-eabi/5.4.1/armv7-m\libgcc.a
LOAD c:/program files (x86)/cypress/psoc creator/4.2/psoc creator/import/gnu/arm/5.4.1/bin/../lib/gcc/arm-none-eabi/5.4.1/../../../../arm-none-eabi/lib/armv7-m\libc_nano.a
END GROUP
LOAD c:/program files (x86)/cypress/psoc creator/4.2/psoc creator/import/gnu/arm/5.4.1/bin/../lib/gcc/arm-none-eabi/5.4.1/armv7-m/crtend.o
LOAD c:/program files (x86)/cypress/psoc creator/4.2/psoc creator/import/gnu/arm/5.4.1/bin/../lib/gcc/arm-none-eabi/5.4.1/armv7-m/crtn.o
START GROUP
LOAD c:/program files (x86)/cypress/psoc creator/4.2/psoc creator/import/gnu/arm/5.4.1/bin/../lib/gcc/arm-none-eabi/5.4.1/armv7-m\libgcc.a
LOAD c:/program files (x86)/cypress/psoc creator/4.2/psoc creator/import/gnu/arm/5.4.1/bin/../lib/gcc/arm-none-eabi/5.4.1/../../../../arm-none-eabi/lib/armv7-m\libc.a
LOAD c:/program files (x86)/cypress/psoc creator/4.2/psoc creator/import/gnu/arm/5.4.1/bin/../lib/gcc/arm-none-eabi/5.4.1/../../../../arm-none-eabi/lib/armv7-m\libnosys.a
END GROUP
                0x00000000                CY_APPL_ORIGIN = 0x0
                0x00000100                CY_FLASH_ROW_SIZE = 0x100
                0x00000020                CY_ECC_ROW_SIZE = 0x20
                0x00000000                CY_EE_IN_BTLDR = 0x0
                0x00000000                CY_APPL_LOADABLE = 0x0
                0x00000800                CY_EE_SIZE = 0x800
                0x00000001                CY_APPL_NUM = 0x1
                0x00000001                CY_APPL_MAX = 0x1
                0x00000040                CY_METADATA_SIZE = 0x40
                0x00000000                CY_APPL_LOADABLE = 0x0
                0x00000000                CY_CHECKSUM_EXCLUDE_SIZE = ALIGN (0x0, CY_FLASH_ROW_SIZE)
                [!provide]                PROVIDE (__cy_heap_start, _end)
                0x00000001                PROVIDE (__cy_region_num, ((__cy_regions_end - __cy_regions) / 0x10))
                0x20008000                PROVIDE (__cy_stack, (ORIGIN (ram) + LENGTH (ram)))
                [!provide]                PROVIDE (__cy_heap_end, (__cy_stack - 0x800))

.cybootloader   0x00000000        0x0
 *(.cybootloader)
                0x00000000                appl1_start = CY_APPL_ORIGIN?CY_APPL_ORIGIN:ALIGN (CY_FLASH_ROW_SIZE)
                0x0001ff00                appl2_start = (appl1_start + ALIGN ((((LENGTH (rom) - appl1_start) - (0x2 * CY_FLASH_ROW_SIZE)) / 0x2), CY_FLASH_ROW_SIZE))
                0x00000000                appl_start = (CY_APPL_NUM == 0x1)?appl1_start:appl2_start
                0x00000000                ecc_offset = ((appl_start / CY_FLASH_ROW_SIZE) * CY_ECC_ROW_SIZE)
                0x00000000                ee_offset = (CY_APPL_LOADABLE && ! (CY_EE_IN_BTLDR))?((CY_EE_SIZE / CY_APPL_MAX) * (CY_APPL_NUM - 0x1)):0x0
                0x00000800                ee_size = (CY_APPL_LOADABLE && ! (CY_EE_IN_BTLDR))?(CY_EE_SIZE / CY_APPL_MAX):CY_EE_SIZE
                [!provide]                PROVIDE (CY_ECC_OFFSET, ecc_offset)

.text           0x00000000     0x7b40
 CREATE_OBJECT_SYMBOLS
                0x00000000                PROVIDE (__cy_interrupt_vector, RomVectors)
 *(.romvectors)
 .romvectors    0x00000000       0x10 .\CortexM3\ARM_GCC_541\Debug\Cm3Start.o
                0x00000000                RomVectors
                0x00000001                ASSERT ((. != __cy_interrupt_vector), No interrupt vector)
                0x00000001                ASSERT (CY_APPL_ORIGIN?(SIZEOF (.cybootloader) <= CY_APPL_ORIGIN):0x1, Wrong image location)
                0x00000010                PROVIDE (__cy_reset, Reset)
 *(.text.Reset)
 .text.Reset    0x00000010       0x18 .\CortexM3\ARM_GCC_541\Debug\Cm3Start.o
                0x00000010                Reset
                0x00000001                ASSERT ((. != __cy_reset), No reset code)
 *(.dma_init)
                0x00000001                ASSERT ((((appl_start + .) <= 0x10000) || 0x1), DMA Init must be within the first 64k of flash)
 *(.text .text.* .gnu.linkonce.t.*)
 .text          0x00000028       0x5c c:/program files (x86)/cypress/psoc creator/4.2/psoc creator/import/gnu/arm/5.4.1/bin/../lib/gcc/arm-none-eabi/5.4.1/armv7-m/crtbegin.o
 .text.print_log
                0x00000084       0x10 .\CortexM3\ARM_GCC_541\Debug\main.o
 .text.timer_handler
                0x00000094       0x10 .\CortexM3\ARM_GCC_541\Debug\main.o
                0x00000094                timer_handler
 .text.ssd_set_pixel
                0x000000a4       0x3c .\CortexM3\ARM_GCC_541\Debug\main.o
                0x000000a4                ssd_set_pixel
 .text.ssd1306_flush
                0x000000e0       0xe0 .\CortexM3\ARM_GCC_541\Debug\main.o
                0x000000e0                ssd1306_flush
 .text.main     0x000001c0       0x88 .\CortexM3\ARM_GCC_541\Debug\main.o
                0x000001c0                main
 .text.DBG_clear_screen
                0x00000248        0xc .\CortexM3\ARM_GCC_541\Debug\DBG.o
                0x00000248                DBG_clear_screen
 .text.DBG_println
                0x00000254       0x48 .\CortexM3\ARM_GCC_541\Debug\DBG.o
                0x00000254                DBG_println
 .text.ssd_send_command
                0x0000029c       0x34 .\CortexM3\ARM_GCC_541\Debug\SSD1306.o
                0x0000029c                ssd_send_command
 .text.ssd_set_column_addr
                0x000002d0       0x1c .\CortexM3\ARM_GCC_541\Debug\SSD1306.o
                0x000002d0                ssd_set_column_addr
 .text.ssd_set_page_addr
                0x000002ec       0x1c .\CortexM3\ARM_GCC_541\Debug\SSD1306.o
                0x000002ec                ssd_set_page_addr
 .text.ssd_send_buffer
                0x00000308       0x48 .\CortexM3\ARM_GCC_541\Debug\SSD1306.o
                0x00000308                ssd_send_buffer
 .text.ssd_init
                0x00000350       0xd0 .\CortexM3\ARM_GCC_541\Debug\SSD1306.o
                0x00000350                ssd_init
 .text.indev_proc_reset_query_handler
                0x00000420       0x3c .\CortexM3\ARM_GCC_541\Debug\lv_indev.o
 .text.indev_search_obj
                0x0000045c       0x74 .\CortexM3\ARM_GCC_541\Debug\lv_indev.o
 .text.indev_drag
                0x000004d0      0x134 .\CortexM3\ARM_GCC_541\Debug\lv_indev.o
 .text.indev_proc_press
                0x00000604      0x1c0 .\CortexM3\ARM_GCC_541\Debug\lv_indev.o
 .text.indev_drag_throw
                0x000007c4      0x114 .\CortexM3\ARM_GCC_541\Debug\lv_indev.o
 .text.indev_proc_release
                0x000008d8       0x90 .\CortexM3\ARM_GCC_541\Debug\lv_indev.o
 .text.indev_pointer_proc
                0x00000968       0x50 .\CortexM3\ARM_GCC_541\Debug\lv_indev.o
 .text.indev_button_proc
                0x000009b8       0x48 .\CortexM3\ARM_GCC_541\Debug\lv_indev.o
 .text.indev_proc_task
                0x00000a00       0xb0 .\CortexM3\ARM_GCC_541\Debug\lv_indev.o
 .text.lv_indev_get_act
                0x00000ab0        0xc .\CortexM3\ARM_GCC_541\Debug\lv_indev.o
                0x00000ab0                lv_indev_get_act
 .text.lv_indev_reset
                0x00000abc       0x30 .\CortexM3\ARM_GCC_541\Debug\lv_indev.o
                0x00000abc                lv_indev_reset
 .text.lv_indev_init
                0x00000aec       0x1c .\CortexM3\ARM_GCC_541\Debug\lv_indev.o
                0x00000aec                lv_indev_init
 .text.refresh_childen_position
                0x00000b08       0x48 .\CortexM3\ARM_GCC_541\Debug\lv_obj.o
 .text.lv_obj_set_click
                0x00000b50       0x10 .\CortexM3\ARM_GCC_541\Debug\lv_obj.o
                0x00000b50                lv_obj_set_click
 .text.lv_obj_set_signal_func
                0x00000b60        0x4 .\CortexM3\ARM_GCC_541\Debug\lv_obj.o
                0x00000b60                lv_obj_set_signal_func
 .text.lv_obj_set_design_func
                0x00000b64        0x4 .\CortexM3\ARM_GCC_541\Debug\lv_obj.o
                0x00000b64                lv_obj_set_design_func
 .text.lv_obj_allocate_ext_attr
                0x00000b68       0x10 .\CortexM3\ARM_GCC_541\Debug\lv_obj.o
                0x00000b68                lv_obj_allocate_ext_attr
 .text.lv_scr_act
                0x00000b78        0xc .\CortexM3\ARM_GCC_541\Debug\lv_obj.o
                0x00000b78                lv_scr_act
 .text.lv_layer_top
                0x00000b84        0xc .\CortexM3\ARM_GCC_541\Debug\lv_obj.o
                0x00000b84                lv_layer_top
 .text.lv_layer_sys
                0x00000b90        0xc .\CortexM3\ARM_GCC_541\Debug\lv_obj.o
                0x00000b90                lv_layer_sys
 .text.lv_obj_get_parent
                0x00000b9c        0x4 .\CortexM3\ARM_GCC_541\Debug\lv_obj.o
                0x00000b9c                lv_obj_get_parent
 .text.lv_obj_get_screen
                0x00000ba0       0x18 .\CortexM3\ARM_GCC_541\Debug\lv_obj.o
                0x00000ba0                lv_obj_get_screen
 .text.lv_obj_get_child
                0x00000bb8       0x14 .\CortexM3\ARM_GCC_541\Debug\lv_obj.o
                0x00000bb8                lv_obj_get_child
 .text.lv_obj_get_coords
                0x00000bcc        0xc .\CortexM3\ARM_GCC_541\Debug\lv_obj.o
                0x00000bcc                lv_obj_get_coords
 .text.lv_obj_get_x
                0x00000bd8       0x18 .\CortexM3\ARM_GCC_541\Debug\lv_obj.o
                0x00000bd8                lv_obj_get_x
 .text.lv_obj_get_y
                0x00000bf0       0x18 .\CortexM3\ARM_GCC_541\Debug\lv_obj.o
                0x00000bf0                lv_obj_get_y
 .text.lv_obj_get_width
                0x00000c08       0x10 .\CortexM3\ARM_GCC_541\Debug\lv_obj.o
                0x00000c08                lv_obj_get_width
 .text.lv_obj_get_height
                0x00000c18       0x10 .\CortexM3\ARM_GCC_541\Debug\lv_obj.o
                0x00000c18                lv_obj_get_height
 .text.lv_obj_get_style
                0x00000c28       0x2c .\CortexM3\ARM_GCC_541\Debug\lv_obj.o
                0x00000c28                lv_obj_get_style
 .text.lv_obj_get_hidden
                0x00000c54        0xc .\CortexM3\ARM_GCC_541\Debug\lv_obj.o
                0x00000c54                lv_obj_get_hidden
 .text.lv_obj_invalidate
                0x00000c60       0xa4 .\CortexM3\ARM_GCC_541\Debug\lv_obj.o
                0x00000c60                lv_obj_invalidate
 .text.lv_obj_set_pos
                0x00000d04       0x8c .\CortexM3\ARM_GCC_541\Debug\lv_obj.o
                0x00000d04                lv_obj_set_pos
 .text.lv_obj_align
                0x00000d90      0x338 .\CortexM3\ARM_GCC_541\Debug\lv_obj.o
                0x00000d90                lv_obj_align
 .text.lv_obj_align_origo
                0x000010c8      0x2c4 .\CortexM3\ARM_GCC_541\Debug\lv_obj.o
                0x000010c8                lv_obj_align_origo
 .text.lv_obj_realign
                0x0000138c       0x40 .\CortexM3\ARM_GCC_541\Debug\lv_obj.o
                0x0000138c                lv_obj_realign
 .text.lv_obj_create
                0x000013cc      0x2b0 .\CortexM3\ARM_GCC_541\Debug\lv_obj.o
                0x000013cc                lv_obj_create
 .text.lv_obj_set_size
                0x0000167c       0x74 .\CortexM3\ARM_GCC_541\Debug\lv_obj.o
                0x0000167c                lv_obj_set_size
 .text.lv_obj_set_height
                0x000016f0       0x18 .\CortexM3\ARM_GCC_541\Debug\lv_obj.o
                0x000016f0                lv_obj_set_height
 .text.lv_obj_refresh_style
                0x00001708       0x1c .\CortexM3\ARM_GCC_541\Debug\lv_obj.o
                0x00001708                lv_obj_refresh_style
 .text.refresh_childen_style
                0x00001724       0x40 .\CortexM3\ARM_GCC_541\Debug\lv_obj.o
 .text.lv_obj_set_style
                0x00001764       0x14 .\CortexM3\ARM_GCC_541\Debug\lv_obj.o
                0x00001764                lv_obj_set_style
 .text.lv_init  0x00001778       0xc8 .\CortexM3\ARM_GCC_541\Debug\lv_obj.o
                0x00001778                lv_init
 .text.lv_obj_refresh_ext_size
                0x00001840       0x18 .\CortexM3\ARM_GCC_541\Debug\lv_obj.o
                0x00001840                lv_obj_refresh_ext_size
 .text.lv_obj_get_click
                0x00001858        0xc .\CortexM3\ARM_GCC_541\Debug\lv_obj.o
                0x00001858                lv_obj_get_click
 .text.lv_obj_get_drag
                0x00001864        0xc .\CortexM3\ARM_GCC_541\Debug\lv_obj.o
                0x00001864                lv_obj_get_drag
 .text.lv_obj_get_drag_throw
                0x00001870        0xc .\CortexM3\ARM_GCC_541\Debug\lv_obj.o
                0x00001870                lv_obj_get_drag_throw
 .text.lv_obj_get_drag_parent
                0x0000187c        0xc .\CortexM3\ARM_GCC_541\Debug\lv_obj.o
                0x0000187c                lv_obj_get_drag_parent
 .text.lv_obj_get_opa_scale
                0x00001888       0x20 .\CortexM3\ARM_GCC_541\Debug\lv_obj.o
                0x00001888                lv_obj_get_opa_scale
 .text.lv_obj_design
                0x000018a8       0xa0 .\CortexM3\ARM_GCC_541\Debug\lv_obj.o
 .text.lv_obj_is_protected
                0x00001948       0x10 .\CortexM3\ARM_GCC_541\Debug\lv_obj.o
                0x00001948                lv_obj_is_protected
 .text.lv_obj_signal
                0x00001958       0x78 .\CortexM3\ARM_GCC_541\Debug\lv_obj.o
 .text.lv_obj_get_signal_func
                0x000019d0        0x4 .\CortexM3\ARM_GCC_541\Debug\lv_obj.o
                0x000019d0                lv_obj_get_signal_func
 .text.lv_obj_get_ext_attr
                0x000019d4        0x4 .\CortexM3\ARM_GCC_541\Debug\lv_obj.o
                0x000019d4                lv_obj_get_ext_attr
 .text.lv_refr_join_area
                0x000019d8       0xa4 .\CortexM3\ARM_GCC_541\Debug\lv_refr.o
 .text.lv_refr_get_top_obj
                0x00001a7c       0x7c .\CortexM3\ARM_GCC_541\Debug\lv_refr.o
 .text.lv_refr_obj
                0x00001af8       0xe4 .\CortexM3\ARM_GCC_541\Debug\lv_refr.o
 .text.lv_refr_obj_and_children
                0x00001bdc       0x78 .\CortexM3\ARM_GCC_541\Debug\lv_refr.o
 .text.lv_refr_area_part_vdb
                0x00001c54       0x5c .\CortexM3\ARM_GCC_541\Debug\lv_refr.o
 .text.lv_refr_area_with_vdb
                0x00001cb0      0x128 .\CortexM3\ARM_GCC_541\Debug\lv_refr.o
 .text.lv_refr_areas
                0x00001dd8       0x54 .\CortexM3\ARM_GCC_541\Debug\lv_refr.o
 .text.lv_refr_task
                0x00001e2c       0x80 .\CortexM3\ARM_GCC_541\Debug\lv_refr.o
 .text.lv_refr_init
                0x00001eac       0x30 .\CortexM3\ARM_GCC_541\Debug\lv_refr.o
                0x00001eac                lv_refr_init
 .text.lv_inv_area
                0x00001edc       0xa0 .\CortexM3\ARM_GCC_541\Debug\lv_refr.o
                0x00001edc                lv_inv_area
 .text.lv_refr_get_buf_size
                0x00001f7c        0xc .\CortexM3\ARM_GCC_541\Debug\lv_refr.o
                0x00001f7c                lv_refr_get_buf_size
 .text.lv_refr_pop_from_buf
                0x00001f88       0x24 .\CortexM3\ARM_GCC_541\Debug\lv_refr.o
                0x00001f88                lv_refr_pop_from_buf
 .text.lv_style_init
                0x00001fac      0x470 .\CortexM3\ARM_GCC_541\Debug\lv_style.o
                0x00001fac                lv_style_init
 .text.lv_vdb_get
                0x0000241c       0x18 .\CortexM3\ARM_GCC_541\Debug\lv_vdb.o
                0x0000241c                lv_vdb_get
 .text.lv_vdb_flush
                0x00002434       0x48 .\CortexM3\ARM_GCC_541\Debug\lv_vdb.o
                0x00002434                lv_vdb_flush
 .text.lv_flush_ready
                0x0000247c        0xc .\CortexM3\ARM_GCC_541\Debug\lv_vdb.o
                0x0000247c                lv_flush_ready
 .text.lv_draw_aa_get_opa
                0x00002488       0x34 .\CortexM3\ARM_GCC_541\Debug\lv_draw.o
                0x00002488                lv_draw_aa_get_opa
 .text.hex_char_to_num
                0x000024bc       0x40 .\CortexM3\ARM_GCC_541\Debug\lv_draw_label.o
 .text.lv_draw_label
                0x000024fc      0x374 .\CortexM3\ARM_GCC_541\Debug\lv_draw_label.o
                0x000024fc                lv_draw_label
 .text.lv_draw_cont_radius_corr
                0x00002870       0x24 .\CortexM3\ARM_GCC_541\Debug\lv_draw_rect.o
 .text.lv_draw_rect_main_mid
                0x00002894      0x140 .\CortexM3\ARM_GCC_541\Debug\lv_draw_rect.o
 .text.lv_draw_rect_border_straight
                0x000029d4      0x44c .\CortexM3\ARM_GCC_541\Debug\lv_draw_rect.o
 .text.antialias_get_opa_circ
                0x00002e20       0x2c .\CortexM3\ARM_GCC_541\Debug\lv_draw_rect.o
 .text.lv_draw_rect_border_corner
                0x00002e4c      0xa18 .\CortexM3\ARM_GCC_541\Debug\lv_draw_rect.o
 .text.lv_draw_rect_main_corner
                0x00003864      0x9c0 .\CortexM3\ARM_GCC_541\Debug\lv_draw_rect.o
 .text.lv_draw_rect
                0x00004224       0x84 .\CortexM3\ARM_GCC_541\Debug\lv_draw_rect.o
                0x00004224                lv_draw_rect
 .text.sw_color_fill
                0x000042a8      0x138 .\CortexM3\ARM_GCC_541\Debug\lv_draw_vbasic.o
 .text.sw_mem_blend
                0x000043e0       0x38 .\CortexM3\ARM_GCC_541\Debug\lv_draw_vbasic.o
 .text.lv_vpx   0x00004418       0xc4 .\CortexM3\ARM_GCC_541\Debug\lv_draw_vbasic.o
                0x00004418                lv_vpx
 .text.lv_vfill
                0x000044dc       0x94 .\CortexM3\ARM_GCC_541\Debug\lv_draw_vbasic.o
                0x000044dc                lv_vfill
 .text.lv_vletter
                0x00004570      0x360 .\CortexM3\ARM_GCC_541\Debug\lv_draw_vbasic.o
                0x00004570                lv_vletter
 .text.lv_vmap  0x000048d0      0x344 .\CortexM3\ARM_GCC_541\Debug\lv_draw_vbasic.o
                0x000048d0                lv_vmap
 .text.lv_font_builtin_init
                0x00004c14        0x4 .\CortexM3\ARM_GCC_541\Debug\lv_font_builtin.o
                0x00004c14                lv_font_builtin_init
 .text.lv_disp_drv_init
                0x00004c18        0xc .\CortexM3\ARM_GCC_541\Debug\lv_hal_disp.o
                0x00004c18                lv_disp_drv_init
 .text.lv_disp_drv_register
                0x00004c24       0x68 .\CortexM3\ARM_GCC_541\Debug\lv_hal_disp.o
                0x00004c24                lv_disp_drv_register
 .text.lv_disp_get_active
                0x00004c8c        0xc .\CortexM3\ARM_GCC_541\Debug\lv_hal_disp.o
                0x00004c8c                lv_disp_get_active
 .text.lv_disp_flush
                0x00004c98       0x70 .\CortexM3\ARM_GCC_541\Debug\lv_hal_disp.o
                0x00004c98                lv_disp_flush
 .text.lv_indev_next
                0x00004d08       0x10 .\CortexM3\ARM_GCC_541\Debug\lv_hal_indev.o
                0x00004d08                lv_indev_next
 .text.lv_indev_read
                0x00004d18       0x60 .\CortexM3\ARM_GCC_541\Debug\lv_hal_indev.o
                0x00004d18                lv_indev_read
 .text.lv_tick_inc
                0x00004d78       0x14 .\CortexM3\ARM_GCC_541\Debug\lv_hal_tick.o
                0x00004d78                lv_tick_inc
 .text.lv_tick_get
                0x00004d8c       0x18 .\CortexM3\ARM_GCC_541\Debug\lv_hal_tick.o
                0x00004d8c                lv_tick_get
 .text.lv_tick_elaps
                0x00004da4       0x14 .\CortexM3\ARM_GCC_541\Debug\lv_hal_tick.o
                0x00004da4                lv_tick_elaps
 .text.lv_area_set
                0x00004db8       0x10 .\CortexM3\ARM_GCC_541\Debug\lv_area.o
                0x00004db8                lv_area_set
 .text.lv_area_get_size
                0x00004dc8       0x1c .\CortexM3\ARM_GCC_541\Debug\lv_area.o
                0x00004dc8                lv_area_get_size
 .text.lv_area_intersect
                0x00004de4       0x58 .\CortexM3\ARM_GCC_541\Debug\lv_area.o
                0x00004de4                lv_area_intersect
 .text.lv_area_join
                0x00004e3c       0x48 .\CortexM3\ARM_GCC_541\Debug\lv_area.o
                0x00004e3c                lv_area_join
 .text.lv_area_is_point_on
                0x00004e84       0x3c .\CortexM3\ARM_GCC_541\Debug\lv_area.o
                0x00004e84                lv_area_is_point_on
 .text.lv_area_is_on
                0x00004ec0       0x44 .\CortexM3\ARM_GCC_541\Debug\lv_area.o
                0x00004ec0                lv_area_is_on
 .text.lv_area_is_in
                0x00004f04       0x44 .\CortexM3\ARM_GCC_541\Debug\lv_area.o
                0x00004f04                lv_area_is_in
 .text.lv_circ_init
                0x00004f48       0x10 .\CortexM3\ARM_GCC_541\Debug\lv_circ.o
                0x00004f48                lv_circ_init
 .text.lv_circ_cont
                0x00004f58       0x14 .\CortexM3\ARM_GCC_541\Debug\lv_circ.o
                0x00004f58                lv_circ_cont
 .text.lv_circ_next
                0x00004f6c       0x3c .\CortexM3\ARM_GCC_541\Debug\lv_circ.o
                0x00004f6c                lv_circ_next
 .text.lv_font_init
                0x00004fa8        0x8 .\CortexM3\ARM_GCC_541\Debug\lv_font.o
                0x00004fa8                lv_font_init
 .text.lv_font_is_monospace
                0x00004fb0       0x30 .\CortexM3\ARM_GCC_541\Debug\lv_font.o
                0x00004fb0                lv_font_is_monospace
 .text.lv_font_get_bitmap
                0x00004fe0       0x20 .\CortexM3\ARM_GCC_541\Debug\lv_font.o
                0x00004fe0                lv_font_get_bitmap
 .text.lv_font_get_width
                0x00005000       0x2c .\CortexM3\ARM_GCC_541\Debug\lv_font.o
                0x00005000                lv_font_get_width
 .text.lv_font_get_real_width
                0x0000502c       0x24 .\CortexM3\ARM_GCC_541\Debug\lv_font.o
                0x0000502c                lv_font_get_real_width
 .text.lv_font_get_bpp
                0x00005050       0x20 .\CortexM3\ARM_GCC_541\Debug\lv_font.o
                0x00005050                lv_font_get_bpp
 .text.lv_font_get_bitmap_continuous
                0x00005070       0x24 .\CortexM3\ARM_GCC_541\Debug\lv_font.o
                0x00005070                lv_font_get_bitmap_continuous
 .text.lv_font_get_width_continuous
                0x00005094       0x24 .\CortexM3\ARM_GCC_541\Debug\lv_font.o
                0x00005094                lv_font_get_width_continuous
 .text.node_set_next
                0x000050b8       0x24 .\CortexM3\ARM_GCC_541\Debug\lv_ll.o
 .text.node_set_prev
                0x000050dc       0x1c .\CortexM3\ARM_GCC_541\Debug\lv_ll.o
 .text.lv_ll_init
                0x000050f8       0x18 .\CortexM3\ARM_GCC_541\Debug\lv_ll.o
                0x000050f8                lv_ll_init
 .text.lv_ll_ins_head
                0x00005110       0x3c .\CortexM3\ARM_GCC_541\Debug\lv_ll.o
                0x00005110                lv_ll_ins_head
 .text.lv_ll_ins_tail
                0x0000514c       0x48 .\CortexM3\ARM_GCC_541\Debug\lv_ll.o
                0x0000514c                lv_ll_ins_tail
 .text.lv_ll_get_head
                0x00005194        0xc .\CortexM3\ARM_GCC_541\Debug\lv_ll.o
                0x00005194                lv_ll_get_head
 .text.lv_ll_get_tail
                0x000051a0        0xc .\CortexM3\ARM_GCC_541\Debug\lv_ll.o
                0x000051a0                lv_ll_get_tail
 .text.lv_ll_get_next
                0x000051ac       0x18 .\CortexM3\ARM_GCC_541\Debug\lv_ll.o
                0x000051ac                lv_ll_get_next
 .text.lv_ll_get_prev
                0x000051c4       0x14 .\CortexM3\ARM_GCC_541\Debug\lv_ll.o
                0x000051c4                lv_ll_get_prev
 .text.lv_ll_ins_prev
                0x000051d8       0x6c .\CortexM3\ARM_GCC_541\Debug\lv_ll.o
                0x000051d8                lv_ll_ins_prev
 .text.lv_ll_rem
                0x00005244       0x80 .\CortexM3\ARM_GCC_541\Debug\lv_ll.o
                0x00005244                lv_ll_rem
 .text.lv_ll_chg_list
                0x000052c4       0x38 .\CortexM3\ARM_GCC_541\Debug\lv_ll.o
                0x000052c4                lv_ll_chg_list
 .text.lv_log_register_print
                0x000052fc        0xc .\CortexM3\ARM_GCC_541\Debug\lv_log.o
                0x000052fc                lv_log_register_print
 .text.lv_log_add
                0x00005308       0x1c .\CortexM3\ARM_GCC_541\Debug\lv_log.o
                0x00005308                lv_log_add
 .text.ent_get_next
                0x00005324       0x28 .\CortexM3\ARM_GCC_541\Debug\lv_mem.o
 .text.ent_trunc
                0x0000534c       0x50 .\CortexM3\ARM_GCC_541\Debug\lv_mem.o
 .text.ent_alloc
                0x0000539c       0x30 .\CortexM3\ARM_GCC_541\Debug\lv_mem.o
 .text.lv_mem_init
                0x000053cc       0x20 .\CortexM3\ARM_GCC_541\Debug\lv_mem.o
                0x000053cc                lv_mem_init
 .text.lv_mem_alloc
                0x000053ec       0x54 .\CortexM3\ARM_GCC_541\Debug\lv_mem.o
                0x000053ec                lv_mem_alloc
 .text.lv_mem_free
                0x00005440       0x50 .\CortexM3\ARM_GCC_541\Debug\lv_mem.o
                0x00005440                lv_mem_free
 .text.lv_mem_get_size
                0x00005490       0x20 .\CortexM3\ARM_GCC_541\Debug\lv_mem.o
                0x00005490                lv_mem_get_size
 .text.lv_mem_realloc
                0x000054b0       0x74 .\CortexM3\ARM_GCC_541\Debug\lv_mem.o
                0x000054b0                lv_mem_realloc
 .text.lv_task_create
                0x00005524       0xd0 .\CortexM3\ARM_GCC_541\Debug\lv_task.o
                0x00005524                lv_task_create
 .text.lv_task_del
                0x000055f4       0x30 .\CortexM3\ARM_GCC_541\Debug\lv_task.o
                0x000055f4                lv_task_del
 .text.lv_task_exec
                0x00005624       0x4c .\CortexM3\ARM_GCC_541\Debug\lv_task.o
 .text.lv_task_handler
                0x00005670      0x13c .\CortexM3\ARM_GCC_541\Debug\lv_task.o
                0x00005670                lv_task_handler
 .text.lv_task_ready
                0x000057ac       0x14 .\CortexM3\ARM_GCC_541\Debug\lv_task.o
                0x000057ac                lv_task_ready
 .text.lv_task_enable
                0x000057c0        0xc .\CortexM3\ARM_GCC_541\Debug\lv_task.o
                0x000057c0                lv_task_enable
 .text.lv_task_init
                0x000057cc       0x18 .\CortexM3\ARM_GCC_541\Debug\lv_task.o
                0x000057cc                lv_task_init
 .text.lv_txt_utf8_size
                0x000057e4       0x34 .\CortexM3\ARM_GCC_541\Debug\lv_txt.o
 .text.lv_txt_unicode_to_utf8
                0x00005818       0xa0 .\CortexM3\ARM_GCC_541\Debug\lv_txt.o
 .text.lv_txt_utf8_conv_wc
                0x000058b8       0x38 .\CortexM3\ARM_GCC_541\Debug\lv_txt.o
 .text.lv_txt_utf8_next
                0x000058f0       0xfc .\CortexM3\ARM_GCC_541\Debug\lv_txt.o
 .text.lv_txt_utf8_prev
                0x000059ec       0x50 .\CortexM3\ARM_GCC_541\Debug\lv_txt.o
 .text.lv_txt_utf8_get_byte_id
                0x00005a3c       0x24 .\CortexM3\ARM_GCC_541\Debug\lv_txt.o
 .text.lv_txt_utf8_get_char_id
                0x00005a60       0x2c .\CortexM3\ARM_GCC_541\Debug\lv_txt.o
 .text.lv_txt_utf8_get_length
                0x00005a8c       0x2c .\CortexM3\ARM_GCC_541\Debug\lv_txt.o
 .text.is_break_char
                0x00005ab8       0x20 .\CortexM3\ARM_GCC_541\Debug\lv_txt.o
 .text.lv_txt_is_cmd
                0x00005ad8       0x48 .\CortexM3\ARM_GCC_541\Debug\lv_txt.o
                0x00005ad8                lv_txt_is_cmd
 .text.lv_txt_get_next_line
                0x00005b20      0x21c .\CortexM3\ARM_GCC_541\Debug\lv_txt.o
                0x00005b20                lv_txt_get_next_line
 .text.lv_txt_get_width
                0x00005d3c       0x88 .\CortexM3\ARM_GCC_541\Debug\lv_txt.o
                0x00005d3c                lv_txt_get_width
 .text.lv_txt_get_size
                0x00005dc4       0xb0 .\CortexM3\ARM_GCC_541\Debug\lv_txt.o
                0x00005dc4                lv_txt_get_size
 .text.lv_label_revert_dots
                0x00005e74       0x44 .\CortexM3\ARM_GCC_541\Debug\lv_label.o
 .text.lv_label_design
                0x00005eb8      0x118 .\CortexM3\ARM_GCC_541\Debug\lv_label.o
 .text.lv_label_set_align
                0x00005fd0       0x24 .\CortexM3\ARM_GCC_541\Debug\lv_label.o
                0x00005fd0                lv_label_set_align
 .text.lv_label_set_body_draw
                0x00005ff4       0x34 .\CortexM3\ARM_GCC_541\Debug\lv_label.o
                0x00005ff4                lv_label_set_body_draw
 .text.lv_label_get_text
                0x00006028        0xc .\CortexM3\ARM_GCC_541\Debug\lv_label.o
                0x00006028                lv_label_get_text
 .text.lv_label_get_long_mode
                0x00006034        0xc .\CortexM3\ARM_GCC_541\Debug\lv_label.o
                0x00006034                lv_label_get_long_mode
 .text.lv_label_get_align
                0x00006040       0x10 .\CortexM3\ARM_GCC_541\Debug\lv_label.o
                0x00006040                lv_label_get_align
 .text.lv_label_get_recolor
                0x00006050       0x10 .\CortexM3\ARM_GCC_541\Debug\lv_label.o
                0x00006050                lv_label_get_recolor
 .text.lv_label_get_body_draw
                0x00006060       0x10 .\CortexM3\ARM_GCC_541\Debug\lv_label.o
                0x00006060                lv_label_get_body_draw
 .text.lv_label_get_letter_on
                0x00006070      0x16c .\CortexM3\ARM_GCC_541\Debug\lv_label.o
                0x00006070                lv_label_get_letter_on
 .text.lv_label_refr_text
                0x000061dc      0x1a0 .\CortexM3\ARM_GCC_541\Debug\lv_label.o
 .text.lv_label_signal
                0x0000637c       0xfc .\CortexM3\ARM_GCC_541\Debug\lv_label.o
 .text.lv_label_set_text
                0x00006478       0xa4 .\CortexM3\ARM_GCC_541\Debug\lv_label.o
                0x00006478                lv_label_set_text
 .text.lv_label_set_static_text
                0x0000651c       0x34 .\CortexM3\ARM_GCC_541\Debug\lv_label.o
                0x0000651c                lv_label_set_static_text
 .text.lv_label_set_long_mode
                0x00006550       0x4c .\CortexM3\ARM_GCC_541\Debug\lv_label.o
                0x00006550                lv_label_set_long_mode
 .text.lv_label_set_recolor
                0x0000659c       0x2c .\CortexM3\ARM_GCC_541\Debug\lv_label.o
                0x0000659c                lv_label_set_recolor
 .text.lv_label_create
                0x000065c8      0x1cc .\CortexM3\ARM_GCC_541\Debug\lv_label.o
                0x000065c8                lv_label_create
 .text.lv_theme_get_current
                0x00006794        0xc .\CortexM3\ARM_GCC_541\Debug\lv_theme.o
                0x00006794                lv_theme_get_current
 .text.CyClockStartupError
                0x000067a0        0x4 .\CortexM3\ARM_GCC_541\Debug\cyfitter_cfg.o
 .text.cfg_write_bytes32
                0x000067a4       0x34 .\CortexM3\ARM_GCC_541\Debug\cyfitter_cfg.o
 .text.AnalogSetDefault
                0x000067d8       0x28 .\CortexM3\ARM_GCC_541\Debug\cyfitter_cfg.o
 .text.CYMEMZERO
                0x00006800        0xc .\CortexM3\ARM_GCC_541\Debug\cyfitter_cfg.o
 .text.ClockSetup
                0x0000680c       0xb8 .\CortexM3\ARM_GCC_541\Debug\cyfitter_cfg.o
 .text.CYCONFIGCPY
                0x000068c4        0x8 .\CortexM3\ARM_GCC_541\Debug\cyfitter_cfg.o
 .text.cyfitter_cfg
                0x000068cc       0xf0 .\CortexM3\ARM_GCC_541\Debug\cyfitter_cfg.o
                0x000068cc                cyfitter_cfg
 .text.IntDefaultHandler
                0x000069bc       0x10 .\CortexM3\ARM_GCC_541\Debug\Cm3Start.o
                0x000069bc                IntDefaultHandler
 .text._sbrk    0x000069cc       0x30 .\CortexM3\ARM_GCC_541\Debug\Cm3Start.o
                0x000069cc                _sbrk
 .text.Start_c  0x000069fc       0x4c .\CortexM3\ARM_GCC_541\Debug\Cm3Start.o
                0x000069fc                Start_c
 .text.initialize_psoc
                0x00006a48       0x68 .\CortexM3\ARM_GCC_541\Debug\Cm3Start.o
                0x00006a48                initialize_psoc
 .text.I2C_Init
                0x00006ab0       0x68 .\CortexM3\ARM_GCC_541\Debug\hello_world_label.a(I2C.o)
                0x00006ab0                I2C_Init
 .text.I2C_Enable
                0x00006b18       0x24 .\CortexM3\ARM_GCC_541\Debug\hello_world_label.a(I2C.o)
                0x00006b18                I2C_Enable
 .text.I2C_Start
                0x00006b3c       0x28 .\CortexM3\ARM_GCC_541\Debug\hello_world_label.a(I2C.o)
                0x00006b3c                I2C_Start
 .text.I2C_ISR  0x00006b64      0x2d0 .\CortexM3\ARM_GCC_541\Debug\hello_world_label.a(I2C_INT.o)
                0x00006b64                I2C_ISR
 .text.I2C_MasterWriteBuf
                0x00006e34       0xcc .\CortexM3\ARM_GCC_541\Debug\hello_world_label.a(I2C_MASTER.o)
                0x00006e34                I2C_MasterWriteBuf
 .text.I2C_MasterStatus
                0x00006f00       0x38 .\CortexM3\ARM_GCC_541\Debug\hello_world_label.a(I2C_MASTER.o)
                0x00006f00                I2C_MasterStatus
 .text.I2C_MasterClearStatus
                0x00006f38       0x24 .\CortexM3\ARM_GCC_541\Debug\hello_world_label.a(I2C_MASTER.o)
                0x00006f38                I2C_MasterClearStatus
 .text.UART_Log_Start
                0x00006f5c        0x4 .\CortexM3\ARM_GCC_541\Debug\hello_world_label.a(UART_Log.o)
                0x00006f5c                UART_Log_Start
 .text.UART_Log_PutString
                0x00006f60       0x1c .\CortexM3\ARM_GCC_541\Debug\hello_world_label.a(UART_Log.o)
                0x00006f60                UART_Log_PutString
 .text.CyHalt   0x00006f7c        0x4 .\CortexM3\ARM_GCC_541\Debug\hello_world_label.a(CyLib.o)
                0x00006f7c                CyHalt
 .text.CyDelay  0x00006f80       0x2c .\CortexM3\ARM_GCC_541\Debug\hello_world_label.a(CyLib.o)
                0x00006f80                CyDelay
 .text.CyIntSetVector
                0x00006fac       0x28 .\CortexM3\ARM_GCC_541\Debug\hello_world_label.a(CyLib.o)
                0x00006fac                CyIntSetVector
 .text.CyIntSetPriority
                0x00006fd4       0x30 .\CortexM3\ARM_GCC_541\Debug\hello_world_label.a(CyLib.o)
                0x00006fd4                CyIntSetPriority
 .text.Timer_Enable
                0x00007004       0x28 .\CortexM3\ARM_GCC_541\Debug\hello_world_label.a(Timer.o)
                0x00007004                Timer_Enable
 .text.Timer_SetInterruptMode
                0x0000702c        0xc .\CortexM3\ARM_GCC_541\Debug\hello_world_label.a(Timer.o)
                0x0000702c                Timer_SetInterruptMode
 .text.Timer_ReadStatusRegister
                0x00007038        0xc .\CortexM3\ARM_GCC_541\Debug\hello_world_label.a(Timer.o)
                0x00007038                Timer_ReadStatusRegister
 .text.Timer_WritePeriod
                0x00007044        0xc .\CortexM3\ARM_GCC_541\Debug\hello_world_label.a(Timer.o)
                0x00007044                Timer_WritePeriod
 .text.Timer_WriteCounter
                0x00007050        0xc .\CortexM3\ARM_GCC_541\Debug\hello_world_label.a(Timer.o)
                0x00007050                Timer_WriteCounter
 .text.Timer_Init
                0x0000705c       0x64 .\CortexM3\ARM_GCC_541\Debug\hello_world_label.a(Timer.o)
                0x0000705c                Timer_Init
 .text.Timer_Start
                0x000070c0       0x1c .\CortexM3\ARM_GCC_541\Debug\hello_world_label.a(Timer.o)
                0x000070c0                Timer_Start
 .text.isr_Timer_SetVector
                0x000070dc       0x10 .\CortexM3\ARM_GCC_541\Debug\hello_world_label.a(isr_Timer.o)
                0x000070dc                isr_Timer_SetVector
 .text.isr_Timer_SetPriority
                0x000070ec       0x10 .\CortexM3\ARM_GCC_541\Debug\hello_world_label.a(isr_Timer.o)
                0x000070ec                isr_Timer_SetPriority
 .text.isr_Timer_Enable
                0x000070fc       0x10 .\CortexM3\ARM_GCC_541\Debug\hello_world_label.a(isr_Timer.o)
                0x000070fc                isr_Timer_Enable
 .text.isr_Timer_Disable
                0x0000710c       0x10 .\CortexM3\ARM_GCC_541\Debug\hello_world_label.a(isr_Timer.o)
                0x0000710c                isr_Timer_Disable
 .text.isr_Timer_StartEx
                0x0000711c       0x1c .\CortexM3\ARM_GCC_541\Debug\hello_world_label.a(isr_Timer.o)
                0x0000711c                isr_Timer_StartEx
 .text          0x00007138       0xac .\CortexM3\ARM_GCC_541\Debug\hello_world_label.a(UART_Log_AsmGnu.o)
                0x00007138                UART_Log_PutChar
 *fill*         0x000071e4        0x4 
 .text          0x000071e8       0x20 .\CortexM3\ARM_GCC_541\Debug\hello_world_label.a(CyBootAsmGnu.o)
                0x000071e8                CyDelayCycles
                0x000071f8                CyEnterCriticalSection
                0x00007200                CyExitCriticalSection
 .text          0x00007208       0x24 c:/program files (x86)/cypress/psoc creator/4.2/psoc creator/import/gnu/arm/5.4.1/bin/../lib/gcc/arm-none-eabi/5.4.1/armv7-m\libgcc.a(_udivsi3.o)
                0x00007208                __aeabi_uidiv
                0x00007208                __udivsi3
                0x0000721c                __aeabi_uidivmod
 .text          0x0000722c        0x4 c:/program files (x86)/cypress/psoc creator/4.2/psoc creator/import/gnu/arm/5.4.1/bin/../lib/gcc/arm-none-eabi/5.4.1/armv7-m\libgcc.a(_dvmd_tls.o)
                0x0000722c                __aeabi_idiv0
                0x0000722c                __aeabi_ldiv0
 .text.__errno  0x00007230        0xc c:/program files (x86)/cypress/psoc creator/4.2/psoc creator/import/gnu/arm/5.4.1/bin/../lib/gcc/arm-none-eabi/5.4.1/../../../../arm-none-eabi/lib/armv7-m\libg_nano.a(lib_a-errno.o)
                0x00007230                __errno
 .text.__libc_init_array
                0x0000723c       0x4c c:/program files (x86)/cypress/psoc creator/4.2/psoc creator/import/gnu/arm/5.4.1/bin/../lib/gcc/arm-none-eabi/5.4.1/../../../../arm-none-eabi/lib/armv7-m\libg_nano.a(lib_a-init.o)
                0x0000723c                __libc_init_array
 .text.memcpy   0x00007288       0x16 c:/program files (x86)/cypress/psoc creator/4.2/psoc creator/import/gnu/arm/5.4.1/bin/../lib/gcc/arm-none-eabi/5.4.1/../../../../arm-none-eabi/lib/armv7-m\libg_nano.a(lib_a-memcpy-stub.o)
                0x00007288                memcpy
 .text.memset   0x0000729e       0x10 c:/program files (x86)/cypress/psoc creator/4.2/psoc creator/import/gnu/arm/5.4.1/bin/../lib/gcc/arm-none-eabi/5.4.1/../../../../arm-none-eabi/lib/armv7-m\libg_nano.a(lib_a-memset.o)
                0x0000729e                memset
 .text.strcpy   0x000072ae       0x10 c:/program files (x86)/cypress/psoc creator/4.2/psoc creator/import/gnu/arm/5.4.1/bin/../lib/gcc/arm-none-eabi/5.4.1/../../../../arm-none-eabi/lib/armv7-m\libg_nano.a(lib_a-strcpy.o)
                0x000072ae                strcpy
 .text          0x000072be       0x10 c:/program files (x86)/cypress/psoc creator/4.2/psoc creator/import/gnu/arm/5.4.1/bin/../lib/gcc/arm-none-eabi/5.4.1/../../../../arm-none-eabi/lib/armv7-m\libg_nano.a(lib_a-strlen.o)
                0x000072be                strlen
 .text._vsnprintf_r
                0x000072ce       0x56 c:/program files (x86)/cypress/psoc creator/4.2/psoc creator/import/gnu/arm/5.4.1/bin/../lib/gcc/arm-none-eabi/5.4.1/../../../../arm-none-eabi/lib/armv7-m\libg_nano.a(lib_a-vsnprintf.o)
                0x000072ce                _vsniprintf_r
                0x000072ce                _vsnprintf_r
 .text.vsnprintf
                0x00007324       0x1c c:/program files (x86)/cypress/psoc creator/4.2/psoc creator/import/gnu/arm/5.4.1/bin/../lib/gcc/arm-none-eabi/5.4.1/../../../../arm-none-eabi/lib/armv7-m\libg_nano.a(lib_a-vsnprintf.o)
                0x00007324                vsniprintf
                0x00007324                vsnprintf
 .text.__ssputs_r
                0x00007340       0xb2 c:/program files (x86)/cypress/psoc creator/4.2/psoc creator/import/gnu/arm/5.4.1/bin/../lib/gcc/arm-none-eabi/5.4.1/../../../../arm-none-eabi/lib/armv7-m\libg_nano.a(lib_a-nano-svfprintf.o)
                0x00007340                __ssputs_r
 *fill*         0x000073f2        0x2 
 .text._svfprintf_r
                0x000073f4      0x1e8 c:/program files (x86)/cypress/psoc creator/4.2/psoc creator/import/gnu/arm/5.4.1/bin/../lib/gcc/arm-none-eabi/5.4.1/../../../../arm-none-eabi/lib/armv7-m\libg_nano.a(lib_a-nano-svfprintf.o)
                0x000073f4                _svfiprintf_r
                0x000073f4                _svfprintf_r
 .text._printf_common
                0x000075dc       0xec c:/program files (x86)/cypress/psoc creator/4.2/psoc creator/import/gnu/arm/5.4.1/bin/../lib/gcc/arm-none-eabi/5.4.1/../../../../arm-none-eabi/lib/armv7-m\libg_nano.a(lib_a-nano-vfprintf_i.o)
                0x000075dc                _printf_common
 .text._printf_i
                0x000076c8      0x24c c:/program files (x86)/cypress/psoc creator/4.2/psoc creator/import/gnu/arm/5.4.1/bin/../lib/gcc/arm-none-eabi/5.4.1/../../../../arm-none-eabi/lib/armv7-m\libg_nano.a(lib_a-nano-vfprintf_i.o)
                0x000076c8                _printf_i
 .text.memchr   0x00007914       0x1c c:/program files (x86)/cypress/psoc creator/4.2/psoc creator/import/gnu/arm/5.4.1/bin/../lib/gcc/arm-none-eabi/5.4.1/../../../../arm-none-eabi/lib/armv7-m\libg_nano.a(lib_a-memchr-stub.o)
                0x00007914                memchr
 .text.memmove  0x00007930       0x36 c:/program files (x86)/cypress/psoc creator/4.2/psoc creator/import/gnu/arm/5.4.1/bin/../lib/gcc/arm-none-eabi/5.4.1/../../../../arm-none-eabi/lib/armv7-m\libg_nano.a(lib_a-memmove.o)
                0x00007930                memmove
 *fill*         0x00007966        0x2 
 .text._free_r  0x00007968       0x98 c:/program files (x86)/cypress/psoc creator/4.2/psoc creator/import/gnu/arm/5.4.1/bin/../lib/gcc/arm-none-eabi/5.4.1/../../../../arm-none-eabi/lib/armv7-m\libg_nano.a(lib_a-nano-freer.o)
                0x00007968                _free_r
 .text._malloc_r
                0x00007a00       0xbc c:/program files (x86)/cypress/psoc creator/4.2/psoc creator/import/gnu/arm/5.4.1/bin/../lib/gcc/arm-none-eabi/5.4.1/../../../../arm-none-eabi/lib/armv7-m\libg_nano.a(lib_a-nano-mallocr.o)
                0x00007a00                _malloc_r
 .text._realloc_r
                0x00007abc       0x4c c:/program files (x86)/cypress/psoc creator/4.2/psoc creator/import/gnu/arm/5.4.1/bin/../lib/gcc/arm-none-eabi/5.4.1/../../../../arm-none-eabi/lib/armv7-m\libg_nano.a(lib_a-nano-reallocr.o)
                0x00007abc                _realloc_r
 .text._sbrk_r  0x00007b08       0x20 c:/program files (x86)/cypress/psoc creator/4.2/psoc creator/import/gnu/arm/5.4.1/bin/../lib/gcc/arm-none-eabi/5.4.1/../../../../arm-none-eabi/lib/armv7-m\libg_nano.a(lib_a-sbrkr.o)
                0x00007b08                _sbrk_r
 .text.__malloc_lock
                0x00007b28        0x2 c:/program files (x86)/cypress/psoc creator/4.2/psoc creator/import/gnu/arm/5.4.1/bin/../lib/gcc/arm-none-eabi/5.4.1/../../../../arm-none-eabi/lib/armv7-m\libg_nano.a(lib_a-mlock.o)
                0x00007b28                __malloc_lock
 .text.__malloc_unlock
                0x00007b2a        0x2 c:/program files (x86)/cypress/psoc creator/4.2/psoc creator/import/gnu/arm/5.4.1/bin/../lib/gcc/arm-none-eabi/5.4.1/../../../../arm-none-eabi/lib/armv7-m\libg_nano.a(lib_a-mlock.o)
                0x00007b2a                __malloc_unlock
 .text._malloc_usable_size_r
                0x00007b2c       0x14 c:/program files (x86)/cypress/psoc creator/4.2/psoc creator/import/gnu/arm/5.4.1/bin/../lib/gcc/arm-none-eabi/5.4.1/../../../../arm-none-eabi/lib/armv7-m\libg_nano.a(lib_a-nano-msizer.o)
                0x00007b2c                _malloc_usable_size_r
 *(.plt)
 *(.gnu.warning)
 *(.glue_7t)
 .glue_7t       0x00007b40        0x0 linker stubs
 *(.glue_7)
 .glue_7        0x00007b40        0x0 linker stubs
 *(.vfp11_veneer)
 .vfp11_veneer  0x00007b40        0x0 linker stubs
 *(.bootloader)
 *(.ARM.extab* .gnu.linkonce.armextab.*)
 *(.gcc_except_table)

.v4_bx          0x00007b40        0x0
 .v4_bx         0x00007b40        0x0 linker stubs

.iplt           0x00007b40        0x0
 .iplt          0x00007b40        0x0 c:/program files (x86)/cypress/psoc creator/4.2/psoc creator/import/gnu/arm/5.4.1/bin/../lib/gcc/arm-none-eabi/5.4.1/armv7-m/crtbegin.o

.eh_frame_hdr
 *(.eh_frame_hdr)

.eh_frame       0x00007b40        0x4
 *(.eh_frame)
 .eh_frame      0x00007b40        0x0 c:/program files (x86)/cypress/psoc creator/4.2/psoc creator/import/gnu/arm/5.4.1/bin/../lib/gcc/arm-none-eabi/5.4.1/armv7-m/crtbegin.o
 .eh_frame      0x00007b40        0x4 c:/program files (x86)/cypress/psoc creator/4.2/psoc creator/import/gnu/arm/5.4.1/bin/../lib/gcc/arm-none-eabi/5.4.1/armv7-m/crtend.o
                [!provide]                PROVIDE (__exidx_start, .)

.ARM.exidx
 *(.ARM.exidx* .gnu.linkonce.armexidx.*)
                0x00007b44                __exidx_end = .

.rodata         0x00007b44      0xa4c
 *(.rodata .rodata.* .gnu.linkonce.r.*)
 .rodata.str1.4
                0x00007b44       0x7d .\CortexM3\ARM_GCC_541\Debug\main.o
 *fill*         0x00007bc1        0x3 
 .rodata.str1.4
                0x00007bc4        0x3 .\CortexM3\ARM_GCC_541\Debug\DBG.o
 *fill*         0x00007bc7        0x1 
 .rodata.str1.4
                0x00007bc8       0x44 .\CortexM3\ARM_GCC_541\Debug\lv_indev.o
 .rodata.str1.4
                0x00007c0c       0xf7 .\CortexM3\ARM_GCC_541\Debug\lv_obj.o
 *fill*         0x00007d03        0x1 
 .rodata.str1.4
                0x00007d04       0xda .\CortexM3\ARM_GCC_541\Debug\lv_refr.o
 *fill*         0x00007dde        0x2 
 .rodata.str1.4
                0x00007de0       0x19 .\CortexM3\ARM_GCC_541\Debug\lv_vdb.o
                                 0x2d (size before relaxing)
 *fill*         0x00007df9        0x3 
 .rodata        0x00007dfc       0x60 .\CortexM3\ARM_GCC_541\Debug\lv_draw.o
                0x00007e4c                map_fp
                0x00007e50                letter_fp
                0x00007e54                fill_fp
                0x00007e58                px_fp
 .rodata        0x00007e5c        0x8 .\CortexM3\ARM_GCC_541\Debug\lv_draw_rect.o
 .rodata        0x00007e64       0x14 .\CortexM3\ARM_GCC_541\Debug\lv_draw_vbasic.o
 .rodata.str1.4
                0x00007e78       0x47 .\CortexM3\ARM_GCC_541\Debug\lv_draw_vbasic.o
                                 0x5b (size before relaxing)
 *fill*         0x00007ebf        0x1 
 .rodata        0x00007ec0      0x474 .\CortexM3\ARM_GCC_541\Debug\lv_font_monospace_8.o
 .rodata.str1.4
                0x00008334       0x67 .\CortexM3\ARM_GCC_541\Debug\lv_hal_disp.o
                                 0x77 (size before relaxing)
 *fill*         0x0000839b        0x1 
 .rodata.str1.4
                0x0000839c       0x62 .\CortexM3\ARM_GCC_541\Debug\lv_hal_indev.o
 *fill*         0x000083fe        0x2 
 .rodata.str1.4
                0x00008400       0x35 .\CortexM3\ARM_GCC_541\Debug\lv_mem.o
 *fill*         0x00008435        0x3 
 .rodata.str1.4
                0x00008438       0x4a .\CortexM3\ARM_GCC_541\Debug\lv_task.o
                                 0x5a (size before relaxing)
 *fill*         0x00008482        0x2 
 .rodata.str1.4
                0x00008484        0x8 .\CortexM3\ARM_GCC_541\Debug\lv_txt.o
 .rodata.str1.4
                0x0000848c       0x58 .\CortexM3\ARM_GCC_541\Debug\lv_label.o
                                 0x66 (size before relaxing)
 .rodata        0x000084e4       0x3c .\CortexM3\ARM_GCC_541\Debug\cyfitter_cfg.o
 .rodata.str1.1
                0x00008520        0x2 c:/program files (x86)/cypress/psoc creator/4.2/psoc creator/import/gnu/arm/5.4.1/bin/../lib/gcc/arm-none-eabi/5.4.1/../../../../arm-none-eabi/lib/armv7-m\libg_nano.a(lib_a-impure.o)
 .rodata.str1.1
                0x00008522       0x11 c:/program files (x86)/cypress/psoc creator/4.2/psoc creator/import/gnu/arm/5.4.1/bin/../lib/gcc/arm-none-eabi/5.4.1/../../../../arm-none-eabi/lib/armv7-m\libg_nano.a(lib_a-nano-svfprintf.o)
 .rodata.str1.1
                0x00008533       0x22 c:/program files (x86)/cypress/psoc creator/4.2/psoc creator/import/gnu/arm/5.4.1/bin/../lib/gcc/arm-none-eabi/5.4.1/../../../../arm-none-eabi/lib/armv7-m\libg_nano.a(lib_a-nano-vfprintf_i.o)
                0x00008558                . = ALIGN (0x4)
 *fill*         0x00008555        0x3 
 *(.init)
 .init          0x00008558        0x4 c:/program files (x86)/cypress/psoc creator/4.2/psoc creator/import/gnu/arm/5.4.1/bin/../lib/gcc/arm-none-eabi/5.4.1/armv7-m/crti.o
                0x00008558                _init
 .init          0x0000855c        0x8 c:/program files (x86)/cypress/psoc creator/4.2/psoc creator/import/gnu/arm/5.4.1/bin/../lib/gcc/arm-none-eabi/5.4.1/armv7-m/crtn.o
                0x00008564                . = ALIGN (0x4)
                0x00008564                __preinit_array_start = .
 *(.preinit_array)
                0x00008564                __preinit_array_end = .
                0x00008564                . = ALIGN (0x4)
                0x00008564                __init_array_start = .
 *(SORT(.init_array.*))
 *(.init_array)
 .init_array    0x00008564        0x4 c:/program files (x86)/cypress/psoc creator/4.2/psoc creator/import/gnu/arm/5.4.1/bin/../lib/gcc/arm-none-eabi/5.4.1/armv7-m/crtbegin.o
 .init_array    0x00008568        0x4 .\CortexM3\ARM_GCC_541\Debug\Cm3Start.o
                0x0000856c                __init_array_end = .
                0x0000856c                . = ALIGN (0x4)
 *(.fini)
 .fini          0x0000856c        0x4 c:/program files (x86)/cypress/psoc creator/4.2/psoc creator/import/gnu/arm/5.4.1/bin/../lib/gcc/arm-none-eabi/5.4.1/armv7-m/crti.o
                0x0000856c                _fini
 .fini          0x00008570        0x8 c:/program files (x86)/cypress/psoc creator/4.2/psoc creator/import/gnu/arm/5.4.1/bin/../lib/gcc/arm-none-eabi/5.4.1/armv7-m/crtn.o
                0x00008578                . = ALIGN (0x4)
                0x00008578                __fini_array_start = .
 *(.fini_array)
 .fini_array    0x00008578        0x4 c:/program files (x86)/cypress/psoc creator/4.2/psoc creator/import/gnu/arm/5.4.1/bin/../lib/gcc/arm-none-eabi/5.4.1/armv7-m/crtbegin.o
 *(SORT(.fini_array.*))
                0x0000857c                __fini_array_end = .
                0x0000857c                . = ALIGN (0x4)
 *crtbegin.o(.ctors)
 *(EXCLUDE_FILE(*crtend.o) .ctors)
 *(SORT(.ctors.*))
 *crtend.o(.ctors)
                0x0000857c                . = ALIGN (0x4)
 *crtbegin.o(.dtors)
 *(EXCLUDE_FILE(*crtend.o) .dtors)
 *(SORT(.dtors.*))
 *crtend.o(.dtors)
                0x0000857c                . = ALIGN (0x4)
                0x0000857c                __cy_regions = .
                0x0000857c        0x4 LONG 0x8590 __cy_region_init_ram
                0x00008580        0x4 LONG 0x1fff80c8 __cy_region_start_data
                0x00008584        0x4 LONG 0xe0 __cy_region_init_size_ram
                0x00008588        0x4 LONG 0x8e28 __cy_region_zero_size_ram
                0x0000858c                __cy_regions_end = .
                0x00008590                . = ALIGN (0x8)
 *fill*         0x0000858c        0x4 
                0x00008590                _etext = .

.cy_checksum_exclude
                0x00008590        0x0
 *(.cy_checksum_exclude)

.ramvectors     0x1fff8000       0xc0
                0x1fff8000                __cy_region_start_ram = .
 *(.ramvectors)
 .ramvectors    0x1fff8000       0xc0 .\CortexM3\ARM_GCC_541\Debug\Cm3Start.o
                0x1fff8000                CyRamVectors

.noinit         0x1fff80c0        0x1
 *(.noinit)
 .noinit        0x1fff80c0        0x1 .\CortexM3\ARM_GCC_541\Debug\hello_world_label.a(CyLib.o)
                0x1fff80c0                CyResetStatus

.data           0x1fff80c8       0xe0 load address 0x00008590
                0x1fff80c8                __cy_region_start_data = .
 *(.jcr)
 .jcr           0x1fff80c8        0x0 c:/program files (x86)/cypress/psoc creator/4.2/psoc creator/import/gnu/arm/5.4.1/bin/../lib/gcc/arm-none-eabi/5.4.1/armv7-m/crtbegin.o
 .jcr           0x1fff80c8        0x4 c:/program files (x86)/cypress/psoc creator/4.2/psoc creator/import/gnu/arm/5.4.1/bin/../lib/gcc/arm-none-eabi/5.4.1/armv7-m/crtend.o
 *(.got.plt)
 *(.got)
 *(.shdata)
 *(.data .data.* .gnu.linkonce.d.*)
 .data          0x1fff80cc        0xc .\CortexM3\ARM_GCC_541\Debug\lv_vdb.o
 .data          0x1fff80d8       0x28 .\CortexM3\ARM_GCC_541\Debug\lv_font_monospace_8.o
                0x1fff80d8                lv_font_monospace_8
 .data          0x1fff8100       0x20 .\CortexM3\ARM_GCC_541\Debug\lv_txt.o
                0x1fff8100                lv_txt_encoded_size
                0x1fff8104                lv_txt_encoded_next
                0x1fff8108                lv_txt_encoded_prev
                0x1fff810c                lv_txt_encoded_get_byte_id
                0x1fff8110                lv_txt_get_encoded_length
                0x1fff8114                lv_encoded_get_char_id
                0x1fff8118                lv_txt_encoded_conv_wc
                0x1fff811c                lv_txt_unicode_to_encoded
 .data          0x1fff8120        0x4 .\CortexM3\ARM_GCC_541\Debug\Cm3Start.o
 .data          0x1fff8124        0xc .\CortexM3\ARM_GCC_541\Debug\hello_world_label.a(UART_Log.o)
                0x1fff8124                UART_Log_pinDrAdress
                0x1fff8128                UART_Log_pinPortNumber
                0x1fff812c                UART_Log_pinNumber
 .data          0x1fff8130       0x10 .\CortexM3\ARM_GCC_541\Debug\hello_world_label.a(CyLib.o)
                0x1fff8130                cydelay_32k_ms
                0x1fff8134                cydelay_freq_khz
                0x1fff8138                cydelay_freq_mhz
                0x1fff813c                cydelay_freq_hz
 .data.impure_data
                0x1fff8140       0x60 c:/program files (x86)/cypress/psoc creator/4.2/psoc creator/import/gnu/arm/5.4.1/bin/../lib/gcc/arm-none-eabi/5.4.1/../../../../arm-none-eabi/lib/armv7-m\libg_nano.a(lib_a-impure.o)
 .data._impure_ptr
                0x1fff81a0        0x4 c:/program files (x86)/cypress/psoc creator/4.2/psoc creator/import/gnu/arm/5.4.1/bin/../lib/gcc/arm-none-eabi/5.4.1/../../../../arm-none-eabi/lib/armv7-m\libg_nano.a(lib_a-impure.o)
                0x1fff81a0                _impure_ptr
                0x1fff81a8                . = ALIGN (0x8)
 *fill*         0x1fff81a4        0x4 
 *(.ram)
                0x1fff81a8                _edata = .

.igot.plt       0x1fff81a8        0x0 load address 0x00008670
 .igot.plt      0x1fff81a8        0x0 c:/program files (x86)/cypress/psoc creator/4.2/psoc creator/import/gnu/arm/5.4.1/bin/../lib/gcc/arm-none-eabi/5.4.1/armv7-m/crtbegin.o

.bss            0x1fff81a8     0x8e28 load address 0x00008670
                0x1fff81a8                PROVIDE (__bss_start__, .)
 *(.shbss)
 *(.bss .bss.* .gnu.linkonce.b.*)
 .bss           0x1fff81a8       0x1c c:/program files (x86)/cypress/psoc creator/4.2/psoc creator/import/gnu/arm/5.4.1/bin/../lib/gcc/arm-none-eabi/5.4.1/armv7-m/crtbegin.o
 .bss           0x1fff81c4      0x400 .\CortexM3\ARM_GCC_541\Debug\main.o
                0x1fff81c4                ssd_buffer
 .bss           0x1fff85c4      0x1f4 .\CortexM3\ARM_GCC_541\Debug\DBG.o
                0x1fff85c4                buffer
 .bss           0x1fff87b8        0x4 .\CortexM3\ARM_GCC_541\Debug\lv_indev.o
 .bss           0x1fff87bc      0x150 .\CortexM3\ARM_GCC_541\Debug\lv_refr.o
 .bss           0x1fff890c      0x337 .\CortexM3\ARM_GCC_541\Debug\lv_vdb.o
 *fill*         0x1fff8c43        0x1 
 .bss           0x1fff8c44        0x4 .\CortexM3\ARM_GCC_541\Debug\lv_hal_disp.o
 .bss           0x1fff8c48        0x8 .\CortexM3\ARM_GCC_541\Debug\lv_hal_tick.o
 .bss           0x1fff8c50        0x4 .\CortexM3\ARM_GCC_541\Debug\lv_log.o
 .bss           0x1fff8c54     0x8008 .\CortexM3\ARM_GCC_541\Debug\lv_mem.o
 .bss           0x20000c5c       0x11 .\CortexM3\ARM_GCC_541\Debug\lv_task.o
 *fill*         0x20000c6d        0x3 
 .bss           0x20000c70        0x4 .\CortexM3\ARM_GCC_541\Debug\lv_label.o
 .bss           0x20000c74        0x4 .\CortexM3\ARM_GCC_541\Debug\lv_theme.o
 .bss           0x20000c78        0x1 .\CortexM3\ARM_GCC_541\Debug\hello_world_label.a(I2C.o)
                0x20000c78                I2C_initVar
 .bss           0x20000c79        0x1 .\CortexM3\ARM_GCC_541\Debug\hello_world_label.a(Timer.o)
                0x20000c79                Timer_initVar
 *fill*         0x20000c7a        0x2 
 .bss.__malloc_sbrk_start
                0x20000c7c        0x4 c:/program files (x86)/cypress/psoc creator/4.2/psoc creator/import/gnu/arm/5.4.1/bin/../lib/gcc/arm-none-eabi/5.4.1/../../../../arm-none-eabi/lib/armv7-m\libg_nano.a(lib_a-nano-mallocr.o)
                0x20000c7c                __malloc_sbrk_start
 .bss.__malloc_free_list
                0x20000c80        0x4 c:/program files (x86)/cypress/psoc creator/4.2/psoc creator/import/gnu/arm/5.4.1/bin/../lib/gcc/arm-none-eabi/5.4.1/../../../../arm-none-eabi/lib/armv7-m\libg_nano.a(lib_a-nano-mallocr.o)
                0x20000c80                __malloc_free_list
 *(COMMON)
 COMMON         0x20000c84      0x2d8 .\CortexM3\ARM_GCC_541\Debug\lv_style.o
                0x20000c84                lv_style_pretty_color
                0x20000cbc                lv_style_transp
                0x20000cf4                lv_style_btn_rel
                0x20000d2c                lv_style_btn_pr
                0x20000d64                lv_style_pretty
                0x20000d9c                lv_style_transp_tight
                0x20000dd4                lv_style_btn_ina
                0x20000e0c                lv_style_transp_fit
                0x20000e44                lv_style_plain
                0x20000e7c                lv_style_btn_tgl_rel
                0x20000eb4                lv_style_scr
                0x20000eec                lv_style_btn_tgl_pr
                0x20000f24                lv_style_plain_color
 COMMON         0x20000f5c       0x58 .\CortexM3\ARM_GCC_541\Debug\lv_gc.o
                0x20000f5c                _lv_task_ll
                0x20000f68                _lv_top_layer
                0x20000f6c                _lv_act_scr
                0x20000f70                _lv_def_scr
                0x20000f74                _lv_drv_ll
                0x20000f80                _lv_scr_ll
                0x20000f8c                _lv_task_act
                0x20000f90                _lv_sys_layer
                0x20000f94                _lv_indev_list
                0x20000f98                _lv_anim_ll
                0x20000fa4                _lv_file_ll
                0x20000fb0                _lv_disp_list
 COMMON         0x20000fb4        0x1 .\CortexM3\ARM_GCC_541\Debug\hello_world_label.a(I2C.o)
                0x20000fb4                I2C_state
 *fill*         0x20000fb5        0x3 
 COMMON         0x20000fb8       0x10 .\CortexM3\ARM_GCC_541\Debug\hello_world_label.a(I2C_MASTER.o)
                0x20000fb8                I2C_mstrWrBufIndex
                0x20000fb9                I2C_mstrWrBufSize
                0x20000fba                I2C_mstrStatus
                0x20000fbc                I2C_mstrRdBufPtr
                0x20000fc0                I2C_mstrControl
                0x20000fc1                I2C_mstrRdBufSize
                0x20000fc2                I2C_mstrRdBufIndex
                0x20000fc4                I2C_mstrWrBufPtr
 COMMON         0x20000fc8        0x4 c:/program files (x86)/cypress/psoc creator/4.2/psoc creator/import/gnu/arm/5.4.1/bin/../lib/gcc/arm-none-eabi/5.4.1/../../../../arm-none-eabi/lib/armv7-m\libg_nano.a(lib_a-reent.o)
                0x20000fc8                errno
                0x20000fd0                . = ALIGN (0x8)
 *fill*         0x20000fcc        0x4 
 *(.ram.b)
                0x20000fd0                _end = .
                0x20000fd0                __end = .
                0x20000fd0                PROVIDE (end, .)
                0x20000fd0                PROVIDE (__bss_end__, .)
                0x00008590                __cy_region_init_ram = LOADADDR (.data)
                0x000000e0                __cy_region_init_size_ram = (_edata - ADDR (.data))
                0x00008e28                __cy_region_zero_size_ram = (_end - _edata)

.heap           0x20000fd0       0x80 load address 0x00008670
                0x20000fd0                . = _end
                0x20001050                . = (. + 0x80)
 *fill*         0x20000fd0       0x80 
                0x20001050                __cy_heap_limit = .

.stack          0x20007800      0x800
                0x20007800                __cy_stack_limit = .
                0x20008000                . = (. + 0x800)
 *fill*         0x20007800      0x800 
                0x00000001                ASSERT ((__cy_stack_limit >= __cy_heap_limit), region RAM overflowed with stack)
                0x00000000                cy_checksum_exclude_size = (CY_APPL_LOADABLE == 0x1)?SIZEOF (.cy_checksum_exclude):0x0
                0x00000001                ASSERT ((cy_checksum_exclude_size <= CY_CHECKSUM_EXCLUDE_SIZE), CY_BOOT: Section .cy_checksum_exclude size exceedes specified limit.)

.cyloadermeta
 *(.cyloadermeta)

.cyloadablemeta
 *(.cyloadablemeta)

.cyconfigecc    0x80000000       0xd4
 *(.cyconfigecc)
 .cyconfigecc   0x80000000       0xd4 .\CortexM3\ARM_GCC_541\Debug\cymetadata.o
                0x80000000                cy_meta_configecc

.cycustnvl      0x90000000        0x4
 *(.cycustnvl)
 .cycustnvl     0x90000000        0x4 .\CortexM3\ARM_GCC_541\Debug\cymetadata.o
                0x90000000                cy_meta_custnvl

.cywolatch      0x90100000        0x4
 *(.cywolatch)
 .cywolatch     0x90100000        0x4 .\CortexM3\ARM_GCC_541\Debug\cymetadata.o
                0x90100000                cy_meta_wonvl

.cyeeprom       0x90200000        0x0
 *(.cyeeprom)
                0x00000001                ASSERT ((. <= ((0x90200000 + ee_offset) + ee_size)), .cyeeprom data will not fit in EEPROM)

.cyflashprotect
                0x90400000      0x100
 *(.cyflashprotect)
 .cyflashprotect
                0x90400000      0x100 .\CortexM3\ARM_GCC_541\Debug\cymetadata.o
                0x90400000                cy_meta_flashprotect

.cymeta         0x90500000        0xc
 *(.cymeta)
 .cymeta        0x90500000        0xc .\CortexM3\ARM_GCC_541\Debug\cymetadata.o
                0x90500000                cy_metadata

.rel.dyn        0x00008670        0x0 load address 0x9050000c
 .rel.iplt      0x00008670        0x0 c:/program files (x86)/cypress/psoc creator/4.2/psoc creator/import/gnu/arm/5.4.1/bin/../lib/gcc/arm-none-eabi/5.4.1/armv7-m/crtbegin.o

.stab
 *(.stab)

.stabstr
 *(.stabstr)

.debug
 *(.debug)

.line
 *(.line)

.debug_srcinfo
 *(.debug_srcinfo)

.debug_sfnames
 *(.debug_sfnames)

.debug_aranges  0x00000000     0x1860
 *(.debug_aranges)
 .debug_aranges
                0x00000000       0x48 .\CortexM3\ARM_GCC_541\Debug\main.o
 .debug_aranges
                0x00000048       0x28 .\CortexM3\ARM_GCC_541\Debug\DBG.o
 .debug_aranges
                0x00000070       0x48 .\CortexM3\ARM_GCC_541\Debug\SSD1306.o
 .debug_aranges
                0x000000b8       0x18 .\CortexM3\ARM_GCC_541\Debug\lv_group.o
 .debug_aranges
                0x000000d0       0xe0 .\CortexM3\ARM_GCC_541\Debug\lv_indev.o
 .debug_aranges
                0x000001b0      0x268 .\CortexM3\ARM_GCC_541\Debug\lv_obj.o
 .debug_aranges
                0x00000418       0x90 .\CortexM3\ARM_GCC_541\Debug\lv_refr.o
 .debug_aranges
                0x000004a8       0x30 .\CortexM3\ARM_GCC_541\Debug\lv_style.o
 .debug_aranges
                0x000004d8       0x50 .\CortexM3\ARM_GCC_541\Debug\lv_vdb.o
 .debug_aranges
                0x00000528       0x30 .\CortexM3\ARM_GCC_541\Debug\lv_draw.o
 .debug_aranges
                0x00000558       0x48 .\CortexM3\ARM_GCC_541\Debug\lv_draw_arc.o
 .debug_aranges
                0x000005a0       0x80 .\CortexM3\ARM_GCC_541\Debug\lv_draw_img.o
 .debug_aranges
                0x00000620       0x28 .\CortexM3\ARM_GCC_541\Debug\lv_draw_label.o
 .debug_aranges
                0x00000648       0x58 .\CortexM3\ARM_GCC_541\Debug\lv_draw_line.o
 .debug_aranges
                0x000006a0       0x50 .\CortexM3\ARM_GCC_541\Debug\lv_draw_rect.o
 .debug_aranges
                0x000006f0       0x28 .\CortexM3\ARM_GCC_541\Debug\lv_draw_triangle.o
 .debug_aranges
                0x00000718       0x48 .\CortexM3\ARM_GCC_541\Debug\lv_draw_vbasic.o
 .debug_aranges
                0x00000760       0x20 .\CortexM3\ARM_GCC_541\Debug\lv_font_builtin.o
 .debug_aranges
                0x00000780       0x18 .\CortexM3\ARM_GCC_541\Debug\lv_font_dejavu_10.o
 .debug_aranges
                0x00000798       0x18 .\CortexM3\ARM_GCC_541\Debug\lv_font_dejavu_10_cyrillic.o
 .debug_aranges
                0x000007b0       0x18 .\CortexM3\ARM_GCC_541\Debug\lv_font_dejavu_10_latin_sup.o
 .debug_aranges
                0x000007c8       0x18 .\CortexM3\ARM_GCC_541\Debug\lv_font_dejavu_20.o
 .debug_aranges
                0x000007e0       0x18 .\CortexM3\ARM_GCC_541\Debug\lv_font_dejavu_20_cyrillic.o
 .debug_aranges
                0x000007f8       0x18 .\CortexM3\ARM_GCC_541\Debug\lv_font_dejavu_20_latin_sup.o
 .debug_aranges
                0x00000810       0x18 .\CortexM3\ARM_GCC_541\Debug\lv_font_dejavu_30.o
 .debug_aranges
                0x00000828       0x18 .\CortexM3\ARM_GCC_541\Debug\lv_font_dejavu_30_cyrillic.o
 .debug_aranges
                0x00000840       0x18 .\CortexM3\ARM_GCC_541\Debug\lv_font_dejavu_30_latin_sup.o
 .debug_aranges
                0x00000858       0x18 .\CortexM3\ARM_GCC_541\Debug\lv_font_dejavu_40.o
 .debug_aranges
                0x00000870       0x18 .\CortexM3\ARM_GCC_541\Debug\lv_font_dejavu_40_cyrillic.o
 .debug_aranges
                0x00000888       0x18 .\CortexM3\ARM_GCC_541\Debug\lv_font_dejavu_40_latin_sup.o
 .debug_aranges
                0x000008a0       0x18 .\CortexM3\ARM_GCC_541\Debug\lv_font_monospace_8.o
 .debug_aranges
                0x000008b8       0x18 .\CortexM3\ARM_GCC_541\Debug\lv_font_symbol_10.o
 .debug_aranges
                0x000008d0       0x18 .\CortexM3\ARM_GCC_541\Debug\lv_font_symbol_20.o
 .debug_aranges
                0x000008e8       0x18 .\CortexM3\ARM_GCC_541\Debug\lv_font_symbol_30.o
 .debug_aranges
                0x00000900       0x18 .\CortexM3\ARM_GCC_541\Debug\lv_font_symbol_40.o
 .debug_aranges
                0x00000918       0x58 .\CortexM3\ARM_GCC_541\Debug\lv_hal_disp.o
 .debug_aranges
                0x00000970       0x38 .\CortexM3\ARM_GCC_541\Debug\lv_hal_indev.o
 .debug_aranges
                0x000009a8       0x30 .\CortexM3\ARM_GCC_541\Debug\lv_hal_tick.o
 .debug_aranges
                0x000009d8       0x68 .\CortexM3\ARM_GCC_541\Debug\lv_area.o
 .debug_aranges
                0x00000a40       0x30 .\CortexM3\ARM_GCC_541\Debug\lv_circ.o
 .debug_aranges
                0x00000a70       0x28 .\CortexM3\ARM_GCC_541\Debug\lv_color.o
 .debug_aranges
                0x00000a98       0x78 .\CortexM3\ARM_GCC_541\Debug\lv_font.o
 .debug_aranges
                0x00000b10       0x18 .\CortexM3\ARM_GCC_541\Debug\lv_gc.o
 .debug_aranges
                0x00000b28       0x90 .\CortexM3\ARM_GCC_541\Debug\lv_ll.o
 .debug_aranges
                0x00000bb8       0x28 .\CortexM3\ARM_GCC_541\Debug\lv_log.o
 .debug_aranges
                0x00000be0       0x30 .\CortexM3\ARM_GCC_541\Debug\lv_math.o
 .debug_aranges
                0x00000c10       0x68 .\CortexM3\ARM_GCC_541\Debug\lv_mem.o
 .debug_aranges
                0x00000c78       0x78 .\CortexM3\ARM_GCC_541\Debug\lv_task.o
 .debug_aranges
                0x00000cf0       0x90 .\CortexM3\ARM_GCC_541\Debug\lv_txt.o
 .debug_aranges
                0x00000d80       0xa8 .\CortexM3\ARM_GCC_541\Debug\lv_btn.o
 .debug_aranges
                0x00000e28       0x18 .\CortexM3\ARM_GCC_541\Debug\lv_canvas.o
 .debug_aranges
                0x00000e40       0x98 .\CortexM3\ARM_GCC_541\Debug\lv_cont.o
 .debug_aranges
                0x00000ed8       0xd0 .\CortexM3\ARM_GCC_541\Debug\lv_label.o
 .debug_aranges
                0x00000fa8       0x28 .\CortexM3\ARM_GCC_541\Debug\lv_theme.o
 .debug_aranges
                0x00000fd0       0x18 .\CortexM3\ARM_GCC_541\Debug\lv_theme_alien.o
 .debug_aranges
                0x00000fe8       0x18 .\CortexM3\ARM_GCC_541\Debug\lv_theme_default.o
 .debug_aranges
                0x00001000       0x18 .\CortexM3\ARM_GCC_541\Debug\lv_theme_material.o
 .debug_aranges
                0x00001018       0x48 .\CortexM3\ARM_GCC_541\Debug\lv_theme_mono.o
 .debug_aranges
                0x00001060       0x18 .\CortexM3\ARM_GCC_541\Debug\lv_theme_nemo.o
 .debug_aranges
                0x00001078       0x18 .\CortexM3\ARM_GCC_541\Debug\lv_theme_night.o
 .debug_aranges
                0x00001090       0x18 .\CortexM3\ARM_GCC_541\Debug\lv_theme_templ.o
 .debug_aranges
                0x000010a8       0x18 .\CortexM3\ARM_GCC_541\Debug\lv_theme_zen.o
 .debug_aranges
                0x000010c0       0x58 .\CortexM3\ARM_GCC_541\Debug\cyfitter_cfg.o
 .debug_aranges
                0x00001118       0x18 .\CortexM3\ARM_GCC_541\Debug\cymetadata.o
 .debug_aranges
                0x00001130       0x48 .\CortexM3\ARM_GCC_541\Debug\Cm3Start.o
 .debug_aranges
                0x00001178       0x38 .\CortexM3\ARM_GCC_541\Debug\hello_world_label.a(I2C.o)
 .debug_aranges
                0x000011b0       0x20 .\CortexM3\ARM_GCC_541\Debug\hello_world_label.a(I2C_INT.o)
 .debug_aranges
                0x000011d0       0x38 .\CortexM3\ARM_GCC_541\Debug\hello_world_label.a(I2C_PM.o)
 .debug_aranges
                0x00001208       0x80 .\CortexM3\ARM_GCC_541\Debug\hello_world_label.a(I2C_MASTER.o)
 .debug_aranges
                0x00001288       0x50 .\CortexM3\ARM_GCC_541\Debug\hello_world_label.a(UART_Log.o)
 .debug_aranges
                0x000012d8      0x2a0 .\CortexM3\ARM_GCC_541\Debug\hello_world_label.a(CyLib.o)
 .debug_aranges
                0x00001578       0x98 .\CortexM3\ARM_GCC_541\Debug\hello_world_label.a(cyPm.o)
 .debug_aranges
                0x00001610       0x88 .\CortexM3\ARM_GCC_541\Debug\hello_world_label.a(Timer.o)
 .debug_aranges
                0x00001698       0x80 .\CortexM3\ARM_GCC_541\Debug\hello_world_label.a(isr_Timer.o)
 .debug_aranges
                0x00001718       0x20 .\CortexM3\ARM_GCC_541\Debug\hello_world_label.a(UART_Log_AsmGnu.o)
 .debug_aranges
                0x00001738       0x20 .\CortexM3\ARM_GCC_541\Debug\hello_world_label.a(CyBootAsmGnu.o)
 .debug_aranges
                0x00001758       0x88 .\CortexM3\ARM_GCC_541\Debug\hello_world_label.a(CyFlash.o)
 .debug_aranges
                0x000017e0       0x80 .\CortexM3\ARM_GCC_541\Debug\hello_world_label.a(CySpc.o)

.debug_pubnames
 *(.debug_pubnames)

.debug_info     0x00000000    0x21f20
 *(.debug_info .gnu.linkonce.wi.*)
 .debug_info    0x00000000      0xe64 .\CortexM3\ARM_GCC_541\Debug\main.o
 .debug_info    0x00000e64      0x200 .\CortexM3\ARM_GCC_541\Debug\DBG.o
 .debug_info    0x00001064      0x660 .\CortexM3\ARM_GCC_541\Debug\SSD1306.o
 .debug_info    0x000016c4       0x80 .\CortexM3\ARM_GCC_541\Debug\lv_group.o
 .debug_info    0x00001744     0x1a32 .\CortexM3\ARM_GCC_541\Debug\lv_indev.o
 .debug_info    0x00003176     0x377f .\CortexM3\ARM_GCC_541\Debug\lv_obj.o
 .debug_info    0x000068f5     0x16a2 .\CortexM3\ARM_GCC_541\Debug\lv_refr.o
 .debug_info    0x00007f97      0x895 .\CortexM3\ARM_GCC_541\Debug\lv_style.o
 .debug_info    0x0000882c      0x2ee .\CortexM3\ARM_GCC_541\Debug\lv_vdb.o
 .debug_info    0x00008b1a      0x7ee .\CortexM3\ARM_GCC_541\Debug\lv_draw.o
 .debug_info    0x00009308      0xd4f .\CortexM3\ARM_GCC_541\Debug\lv_draw_arc.o
 .debug_info    0x0000a057     0x1410 .\CortexM3\ARM_GCC_541\Debug\lv_draw_img.o
 .debug_info    0x0000b467      0xb9c .\CortexM3\ARM_GCC_541\Debug\lv_draw_label.o
 .debug_info    0x0000c003     0x1060 .\CortexM3\ARM_GCC_541\Debug\lv_draw_line.o
 .debug_info    0x0000d063     0x2afa .\CortexM3\ARM_GCC_541\Debug\lv_draw_rect.o
 .debug_info    0x0000fb5d      0x443 .\CortexM3\ARM_GCC_541\Debug\lv_draw_triangle.o
 .debug_info    0x0000ffa0     0x12d8 .\CortexM3\ARM_GCC_541\Debug\lv_draw_vbasic.o
 .debug_info    0x00011278       0x84 .\CortexM3\ARM_GCC_541\Debug\lv_font_builtin.o
 .debug_info    0x000112fc       0x6b .\CortexM3\ARM_GCC_541\Debug\lv_font_dejavu_10.o
 .debug_info    0x00011367       0x6b .\CortexM3\ARM_GCC_541\Debug\lv_font_dejavu_10_cyrillic.o
 .debug_info    0x000113d2       0x6b .\CortexM3\ARM_GCC_541\Debug\lv_font_dejavu_10_latin_sup.o
 .debug_info    0x0001143d       0x6b .\CortexM3\ARM_GCC_541\Debug\lv_font_dejavu_20.o
 .debug_info    0x000114a8       0x6b .\CortexM3\ARM_GCC_541\Debug\lv_font_dejavu_20_cyrillic.o
 .debug_info    0x00011513       0x6b .\CortexM3\ARM_GCC_541\Debug\lv_font_dejavu_20_latin_sup.o
 .debug_info    0x0001157e       0x6b .\CortexM3\ARM_GCC_541\Debug\lv_font_dejavu_30.o
 .debug_info    0x000115e9       0x6b .\CortexM3\ARM_GCC_541\Debug\lv_font_dejavu_30_cyrillic.o
 .debug_info    0x00011654       0x6b .\CortexM3\ARM_GCC_541\Debug\lv_font_dejavu_30_latin_sup.o
 .debug_info    0x000116bf       0x6b .\CortexM3\ARM_GCC_541\Debug\lv_font_dejavu_40.o
 .debug_info    0x0001172a       0x6b .\CortexM3\ARM_GCC_541\Debug\lv_font_dejavu_40_cyrillic.o
 .debug_info    0x00011795       0x6b .\CortexM3\ARM_GCC_541\Debug\lv_font_dejavu_40_latin_sup.o
 .debug_info    0x00011800      0x273 .\CortexM3\ARM_GCC_541\Debug\lv_font_monospace_8.o
 .debug_info    0x00011a73       0x6b .\CortexM3\ARM_GCC_541\Debug\lv_font_symbol_10.o
 .debug_info    0x00011ade       0x6b .\CortexM3\ARM_GCC_541\Debug\lv_font_symbol_20.o
 .debug_info    0x00011b49       0x6b .\CortexM3\ARM_GCC_541\Debug\lv_font_symbol_30.o
 .debug_info    0x00011bb4       0x6b .\CortexM3\ARM_GCC_541\Debug\lv_font_symbol_40.o
 .debug_info    0x00011c1f      0x5ca .\CortexM3\ARM_GCC_541\Debug\lv_hal_disp.o
 .debug_info    0x000121e9      0xc4a .\CortexM3\ARM_GCC_541\Debug\lv_hal_indev.o
 .debug_info    0x00012e33      0x153 .\CortexM3\ARM_GCC_541\Debug\lv_hal_tick.o
 .debug_info    0x00012f86      0x473 .\CortexM3\ARM_GCC_541\Debug\lv_area.o
 .debug_info    0x000133f9      0x16b .\CortexM3\ARM_GCC_541\Debug\lv_circ.o
 .debug_info    0x00013564      0x25c .\CortexM3\ARM_GCC_541\Debug\lv_color.o
 .debug_info    0x000137c0      0x5d3 .\CortexM3\ARM_GCC_541\Debug\lv_font.o
 .debug_info    0x00013d93      0x1ae .\CortexM3\ARM_GCC_541\Debug\lv_gc.o
 .debug_info    0x00013f41      0x976 .\CortexM3\ARM_GCC_541\Debug\lv_ll.o
 .debug_info    0x000148b7      0x177 .\CortexM3\ARM_GCC_541\Debug\lv_log.o
 .debug_info    0x00014a2e      0x2af .\CortexM3\ARM_GCC_541\Debug\lv_math.o
 .debug_info    0x00014cdd      0x66f .\CortexM3\ARM_GCC_541\Debug\lv_mem.o
 .debug_info    0x0001534c      0x76e .\CortexM3\ARM_GCC_541\Debug\lv_task.o
 .debug_info    0x00015aba      0xe65 .\CortexM3\ARM_GCC_541\Debug\lv_txt.o
 .debug_info    0x0001691f     0x188d .\CortexM3\ARM_GCC_541\Debug\lv_btn.o
 .debug_info    0x000181ac       0x79 .\CortexM3\ARM_GCC_541\Debug\lv_canvas.o
 .debug_info    0x00018225     0x2068 .\CortexM3\ARM_GCC_541\Debug\lv_cont.o
 .debug_info    0x0001a28d     0x24ec .\CortexM3\ARM_GCC_541\Debug\lv_label.o
 .debug_info    0x0001c779      0x5cc .\CortexM3\ARM_GCC_541\Debug\lv_theme.o
 .debug_info    0x0001cd45       0x79 .\CortexM3\ARM_GCC_541\Debug\lv_theme_alien.o
 .debug_info    0x0001cdbe       0x79 .\CortexM3\ARM_GCC_541\Debug\lv_theme_default.o
 .debug_info    0x0001ce37       0x79 .\CortexM3\ARM_GCC_541\Debug\lv_theme_material.o
 .debug_info    0x0001ceb0      0x808 .\CortexM3\ARM_GCC_541\Debug\lv_theme_mono.o
 .debug_info    0x0001d6b8       0x79 .\CortexM3\ARM_GCC_541\Debug\lv_theme_nemo.o
 .debug_info    0x0001d731       0x79 .\CortexM3\ARM_GCC_541\Debug\lv_theme_night.o
 .debug_info    0x0001d7aa       0x79 .\CortexM3\ARM_GCC_541\Debug\lv_theme_templ.o
 .debug_info    0x0001d823       0x79 .\CortexM3\ARM_GCC_541\Debug\lv_theme_zen.o
 .debug_info    0x0001d89c      0x4c9 .\CortexM3\ARM_GCC_541\Debug\cyfitter_cfg.o
 .debug_info    0x0001dd65      0x134 .\CortexM3\ARM_GCC_541\Debug\cymetadata.o
 .debug_info    0x0001de99      0x3bb .\CortexM3\ARM_GCC_541\Debug\Cm3Start.o
 .debug_info    0x0001e254      0x2ab .\CortexM3\ARM_GCC_541\Debug\hello_world_label.a(I2C.o)
 .debug_info    0x0001e4ff      0x184 .\CortexM3\ARM_GCC_541\Debug\hello_world_label.a(I2C_INT.o)
 .debug_info    0x0001e683      0x207 .\CortexM3\ARM_GCC_541\Debug\hello_world_label.a(I2C_PM.o)
 .debug_info    0x0001e88a      0x407 .\CortexM3\ARM_GCC_541\Debug\hello_world_label.a(I2C_MASTER.o)
 .debug_info    0x0001ec91      0x2c4 .\CortexM3\ARM_GCC_541\Debug\hello_world_label.a(UART_Log.o)
 .debug_info    0x0001ef55     0x1374 .\CortexM3\ARM_GCC_541\Debug\hello_world_label.a(CyLib.o)
 .debug_info    0x000202c9      0xa2a .\CortexM3\ARM_GCC_541\Debug\hello_world_label.a(cyPm.o)
 .debug_info    0x00020cf3      0x293 .\CortexM3\ARM_GCC_541\Debug\hello_world_label.a(Timer.o)
 .debug_info    0x00020f86      0x2d2 .\CortexM3\ARM_GCC_541\Debug\hello_world_label.a(isr_Timer.o)
 .debug_info    0x00021258       0x97 .\CortexM3\ARM_GCC_541\Debug\hello_world_label.a(UART_Log_AsmGnu.o)
 .debug_info    0x000212ef       0x94 .\CortexM3\ARM_GCC_541\Debug\hello_world_label.a(CyBootAsmGnu.o)
 .debug_info    0x00021383      0x64d .\CortexM3\ARM_GCC_541\Debug\hello_world_label.a(CyFlash.o)
 .debug_info    0x000219d0      0x550 .\CortexM3\ARM_GCC_541\Debug\hello_world_label.a(CySpc.o)

.debug_abbrev   0x00000000     0x6295
 *(.debug_abbrev)
 .debug_abbrev  0x00000000      0x252 .\CortexM3\ARM_GCC_541\Debug\main.o
 .debug_abbrev  0x00000252      0x124 .\CortexM3\ARM_GCC_541\Debug\DBG.o
 .debug_abbrev  0x00000376      0x126 .\CortexM3\ARM_GCC_541\Debug\SSD1306.o
 .debug_abbrev  0x0000049c       0x26 .\CortexM3\ARM_GCC_541\Debug\lv_group.o
 .debug_abbrev  0x000004c2      0x335 .\CortexM3\ARM_GCC_541\Debug\lv_indev.o
 .debug_abbrev  0x000007f7      0x3e9 .\CortexM3\ARM_GCC_541\Debug\lv_obj.o
 .debug_abbrev  0x00000be0      0x35e .\CortexM3\ARM_GCC_541\Debug\lv_refr.o
 .debug_abbrev  0x00000f3e      0x1fa .\CortexM3\ARM_GCC_541\Debug\lv_style.o
 .debug_abbrev  0x00001138      0x186 .\CortexM3\ARM_GCC_541\Debug\lv_vdb.o
 .debug_abbrev  0x000012be      0x211 .\CortexM3\ARM_GCC_541\Debug\lv_draw.o
 .debug_abbrev  0x000014cf      0x29e .\CortexM3\ARM_GCC_541\Debug\lv_draw_arc.o
 .debug_abbrev  0x0000176d      0x359 .\CortexM3\ARM_GCC_541\Debug\lv_draw_img.o
 .debug_abbrev  0x00001ac6      0x25e .\CortexM3\ARM_GCC_541\Debug\lv_draw_label.o
 .debug_abbrev  0x00001d24      0x2d4 .\CortexM3\ARM_GCC_541\Debug\lv_draw_line.o
 .debug_abbrev  0x00001ff8      0x368 .\CortexM3\ARM_GCC_541\Debug\lv_draw_rect.o
 .debug_abbrev  0x00002360      0x1ac .\CortexM3\ARM_GCC_541\Debug\lv_draw_triangle.o
 .debug_abbrev  0x0000250c      0x368 .\CortexM3\ARM_GCC_541\Debug\lv_draw_vbasic.o
 .debug_abbrev  0x00002874       0x42 .\CortexM3\ARM_GCC_541\Debug\lv_font_builtin.o
 .debug_abbrev  0x000028b6       0x26 .\CortexM3\ARM_GCC_541\Debug\lv_font_dejavu_10.o
 .debug_abbrev  0x000028dc       0x26 .\CortexM3\ARM_GCC_541\Debug\lv_font_dejavu_10_cyrillic.o
 .debug_abbrev  0x00002902       0x26 .\CortexM3\ARM_GCC_541\Debug\lv_font_dejavu_10_latin_sup.o
 .debug_abbrev  0x00002928       0x26 .\CortexM3\ARM_GCC_541\Debug\lv_font_dejavu_20.o
 .debug_abbrev  0x0000294e       0x26 .\CortexM3\ARM_GCC_541\Debug\lv_font_dejavu_20_cyrillic.o
 .debug_abbrev  0x00002974       0x26 .\CortexM3\ARM_GCC_541\Debug\lv_font_dejavu_20_latin_sup.o
 .debug_abbrev  0x0000299a       0x26 .\CortexM3\ARM_GCC_541\Debug\lv_font_dejavu_30.o
 .debug_abbrev  0x000029c0       0x26 .\CortexM3\ARM_GCC_541\Debug\lv_font_dejavu_30_cyrillic.o
 .debug_abbrev  0x000029e6       0x26 .\CortexM3\ARM_GCC_541\Debug\lv_font_dejavu_30_latin_sup.o
 .debug_abbrev  0x00002a0c       0x26 .\CortexM3\ARM_GCC_541\Debug\lv_font_dejavu_40.o
 .debug_abbrev  0x00002a32       0x26 .\CortexM3\ARM_GCC_541\Debug\lv_font_dejavu_40_cyrillic.o
 .debug_abbrev  0x00002a58       0x26 .\CortexM3\ARM_GCC_541\Debug\lv_font_dejavu_40_latin_sup.o
 .debug_abbrev  0x00002a7e       0xf4 .\CortexM3\ARM_GCC_541\Debug\lv_font_monospace_8.o
 .debug_abbrev  0x00002b72       0x26 .\CortexM3\ARM_GCC_541\Debug\lv_font_symbol_10.o
 .debug_abbrev  0x00002b98       0x26 .\CortexM3\ARM_GCC_541\Debug\lv_font_symbol_20.o
 .debug_abbrev  0x00002bbe       0x26 .\CortexM3\ARM_GCC_541\Debug\lv_font_symbol_30.o
 .debug_abbrev  0x00002be4       0x26 .\CortexM3\ARM_GCC_541\Debug\lv_font_symbol_40.o
 .debug_abbrev  0x00002c0a      0x1c6 .\CortexM3\ARM_GCC_541\Debug\lv_hal_disp.o
 .debug_abbrev  0x00002dd0      0x217 .\CortexM3\ARM_GCC_541\Debug\lv_hal_indev.o
 .debug_abbrev  0x00002fe7       0xac .\CortexM3\ARM_GCC_541\Debug\lv_hal_tick.o
 .debug_abbrev  0x00003093      0x169 .\CortexM3\ARM_GCC_541\Debug\lv_area.o
 .debug_abbrev  0x000031fc       0xd7 .\CortexM3\ARM_GCC_541\Debug\lv_circ.o
 .debug_abbrev  0x000032d3       0xf8 .\CortexM3\ARM_GCC_541\Debug\lv_color.o
 .debug_abbrev  0x000033cb      0x174 .\CortexM3\ARM_GCC_541\Debug\lv_font.o
 .debug_abbrev  0x0000353f       0x70 .\CortexM3\ARM_GCC_541\Debug\lv_gc.o
 .debug_abbrev  0x000035af      0x1ce .\CortexM3\ARM_GCC_541\Debug\lv_ll.o
 .debug_abbrev  0x0000377d       0xc5 .\CortexM3\ARM_GCC_541\Debug\lv_log.o
 .debug_abbrev  0x00003842       0xde .\CortexM3\ARM_GCC_541\Debug\lv_math.o
 .debug_abbrev  0x00003920      0x236 .\CortexM3\ARM_GCC_541\Debug\lv_mem.o
 .debug_abbrev  0x00003b56      0x20b .\CortexM3\ARM_GCC_541\Debug\lv_task.o
 .debug_abbrev  0x00003d61      0x319 .\CortexM3\ARM_GCC_541\Debug\lv_txt.o
 .debug_abbrev  0x0000407a      0x340 .\CortexM3\ARM_GCC_541\Debug\lv_btn.o
 .debug_abbrev  0x000043ba       0x26 .\CortexM3\ARM_GCC_541\Debug\lv_canvas.o
 .debug_abbrev  0x000043e0      0x340 .\CortexM3\ARM_GCC_541\Debug\lv_cont.o
 .debug_abbrev  0x00004720      0x3c3 .\CortexM3\ARM_GCC_541\Debug\lv_label.o
 .debug_abbrev  0x00004ae3      0x14f .\CortexM3\ARM_GCC_541\Debug\lv_theme.o
 .debug_abbrev  0x00004c32       0x26 .\CortexM3\ARM_GCC_541\Debug\lv_theme_alien.o
 .debug_abbrev  0x00004c58       0x26 .\CortexM3\ARM_GCC_541\Debug\lv_theme_default.o
 .debug_abbrev  0x00004c7e       0x26 .\CortexM3\ARM_GCC_541\Debug\lv_theme_material.o
 .debug_abbrev  0x00004ca4      0x224 .\CortexM3\ARM_GCC_541\Debug\lv_theme_mono.o
 .debug_abbrev  0x00004ec8       0x26 .\CortexM3\ARM_GCC_541\Debug\lv_theme_nemo.o
 .debug_abbrev  0x00004eee       0x26 .\CortexM3\ARM_GCC_541\Debug\lv_theme_night.o
 .debug_abbrev  0x00004f14       0x26 .\CortexM3\ARM_GCC_541\Debug\lv_theme_templ.o
 .debug_abbrev  0x00004f3a       0x26 .\CortexM3\ARM_GCC_541\Debug\lv_theme_zen.o
 .debug_abbrev  0x00004f60      0x1fe .\CortexM3\ARM_GCC_541\Debug\cyfitter_cfg.o
 .debug_abbrev  0x0000515e       0x5d .\CortexM3\ARM_GCC_541\Debug\cymetadata.o
 .debug_abbrev  0x000051bb      0x1e8 .\CortexM3\ARM_GCC_541\Debug\Cm3Start.o
 .debug_abbrev  0x000053a3      0x10a .\CortexM3\ARM_GCC_541\Debug\hello_world_label.a(I2C.o)
 .debug_abbrev  0x000054ad       0xb6 .\CortexM3\ARM_GCC_541\Debug\hello_world_label.a(I2C_INT.o)
 .debug_abbrev  0x00005563       0xfe .\CortexM3\ARM_GCC_541\Debug\hello_world_label.a(I2C_PM.o)
 .debug_abbrev  0x00005661      0x13c .\CortexM3\ARM_GCC_541\Debug\hello_world_label.a(I2C_MASTER.o)
 .debug_abbrev  0x0000579d      0x109 .\CortexM3\ARM_GCC_541\Debug\hello_world_label.a(UART_Log.o)
 .debug_abbrev  0x000058a6      0x254 .\CortexM3\ARM_GCC_541\Debug\hello_world_label.a(CyLib.o)
 .debug_abbrev  0x00005afa      0x1ab .\CortexM3\ARM_GCC_541\Debug\hello_world_label.a(cyPm.o)
 .debug_abbrev  0x00005ca5      0x11a .\CortexM3\ARM_GCC_541\Debug\hello_world_label.a(Timer.o)
 .debug_abbrev  0x00005dbf      0x173 .\CortexM3\ARM_GCC_541\Debug\hello_world_label.a(isr_Timer.o)
 .debug_abbrev  0x00005f32       0x14 .\CortexM3\ARM_GCC_541\Debug\hello_world_label.a(UART_Log_AsmGnu.o)
 .debug_abbrev  0x00005f46       0x14 .\CortexM3\ARM_GCC_541\Debug\hello_world_label.a(CyBootAsmGnu.o)
 .debug_abbrev  0x00005f5a      0x1a7 .\CortexM3\ARM_GCC_541\Debug\hello_world_label.a(CyFlash.o)
 .debug_abbrev  0x00006101      0x194 .\CortexM3\ARM_GCC_541\Debug\hello_world_label.a(CySpc.o)

.debug_line     0x00000000     0x9fb6
 *(.debug_line)
 .debug_line    0x00000000      0x3c1 .\CortexM3\ARM_GCC_541\Debug\main.o
 .debug_line    0x000003c1      0x285 .\CortexM3\ARM_GCC_541\Debug\DBG.o
 .debug_line    0x00000646      0x288 .\CortexM3\ARM_GCC_541\Debug\SSD1306.o
 .debug_line    0x000008ce       0x1d .\CortexM3\ARM_GCC_541\Debug\lv_group.o
 .debug_line    0x000008eb      0x589 .\CortexM3\ARM_GCC_541\Debug\lv_indev.o
 .debug_line    0x00000e74        0x0 .\CortexM3\ARM_GCC_541\Debug\lv_lang.o
 .debug_line    0x00000e74      0xae4 .\CortexM3\ARM_GCC_541\Debug\lv_obj.o
 .debug_line    0x00001958      0x4b1 .\CortexM3\ARM_GCC_541\Debug\lv_refr.o
 .debug_line    0x00001e09      0x396 .\CortexM3\ARM_GCC_541\Debug\lv_style.o
 .debug_line    0x0000219f      0x264 .\CortexM3\ARM_GCC_541\Debug\lv_vdb.o
 .debug_line    0x00002403      0x217 .\CortexM3\ARM_GCC_541\Debug\lv_draw.o
 .debug_line    0x0000261a      0x37c .\CortexM3\ARM_GCC_541\Debug\lv_draw_arc.o
 .debug_line    0x00002996      0x428 .\CortexM3\ARM_GCC_541\Debug\lv_draw_img.o
 .debug_line    0x00002dbe      0x2dd .\CortexM3\ARM_GCC_541\Debug\lv_draw_label.o
 .debug_line    0x0000309b      0x526 .\CortexM3\ARM_GCC_541\Debug\lv_draw_line.o
 .debug_line    0x000035c1        0x0 .\CortexM3\ARM_GCC_541\Debug\lv_draw_rbasic.o
 .debug_line    0x000035c1      0x75c .\CortexM3\ARM_GCC_541\Debug\lv_draw_rect.o
 .debug_line    0x00003d1d      0x2a5 .\CortexM3\ARM_GCC_541\Debug\lv_draw_triangle.o
 .debug_line    0x00003fc2      0x5b9 .\CortexM3\ARM_GCC_541\Debug\lv_draw_vbasic.o
 .debug_line    0x0000457b       0x52 .\CortexM3\ARM_GCC_541\Debug\lv_font_builtin.o
 .debug_line    0x000045cd       0x1d .\CortexM3\ARM_GCC_541\Debug\lv_font_dejavu_10.o
 .debug_line    0x000045ea       0x1d .\CortexM3\ARM_GCC_541\Debug\lv_font_dejavu_10_cyrillic.o
 .debug_line    0x00004607       0x1d .\CortexM3\ARM_GCC_541\Debug\lv_font_dejavu_10_latin_sup.o
 .debug_line    0x00004624       0x1d .\CortexM3\ARM_GCC_541\Debug\lv_font_dejavu_20.o
 .debug_line    0x00004641       0x1d .\CortexM3\ARM_GCC_541\Debug\lv_font_dejavu_20_cyrillic.o
 .debug_line    0x0000465e       0x1d .\CortexM3\ARM_GCC_541\Debug\lv_font_dejavu_20_latin_sup.o
 .debug_line    0x0000467b       0x1d .\CortexM3\ARM_GCC_541\Debug\lv_font_dejavu_30.o
 .debug_line    0x00004698       0x1d .\CortexM3\ARM_GCC_541\Debug\lv_font_dejavu_30_cyrillic.o
 .debug_line    0x000046b5       0x1d .\CortexM3\ARM_GCC_541\Debug\lv_font_dejavu_30_latin_sup.o
 .debug_line    0x000046d2       0x1d .\CortexM3\ARM_GCC_541\Debug\lv_font_dejavu_40.o
 .debug_line    0x000046ef       0x1d .\CortexM3\ARM_GCC_541\Debug\lv_font_dejavu_40_cyrillic.o
 .debug_line    0x0000470c       0x1d .\CortexM3\ARM_GCC_541\Debug\lv_font_dejavu_40_latin_sup.o
 .debug_line    0x00004729      0x16d .\CortexM3\ARM_GCC_541\Debug\lv_font_monospace_8.o
 .debug_line    0x00004896       0x1d .\CortexM3\ARM_GCC_541\Debug\lv_font_symbol_10.o
 .debug_line    0x000048b3       0x1d .\CortexM3\ARM_GCC_541\Debug\lv_font_symbol_20.o
 .debug_line    0x000048d0       0x1d .\CortexM3\ARM_GCC_541\Debug\lv_font_symbol_30.o
 .debug_line    0x000048ed       0x1d .\CortexM3\ARM_GCC_541\Debug\lv_font_symbol_40.o
 .debug_line    0x0000490a      0x2fd .\CortexM3\ARM_GCC_541\Debug\lv_hal_disp.o
 .debug_line    0x00004c07      0x2d0 .\CortexM3\ARM_GCC_541\Debug\lv_hal_indev.o
 .debug_line    0x00004ed7      0x17f .\CortexM3\ARM_GCC_541\Debug\lv_hal_tick.o
 .debug_line    0x00005056        0x0 .\CortexM3\ARM_GCC_541\Debug\lv_anim.o
 .debug_line    0x00005056      0x245 .\CortexM3\ARM_GCC_541\Debug\lv_area.o
 .debug_line    0x0000529b      0x17d .\CortexM3\ARM_GCC_541\Debug\lv_circ.o
 .debug_line    0x00005418      0x1bd .\CortexM3\ARM_GCC_541\Debug\lv_color.o
 .debug_line    0x000055d5      0x2d9 .\CortexM3\ARM_GCC_541\Debug\lv_font.o