Archive member included to satisfy reference by file (symbol)

.\CortexM3\ARM_GCC_541\Debug\hello_world_label.a(I2C.o)
                              .\CortexM3\ARM_GCC_541\Debug\main.o (I2C_Start)
.\CortexM3\ARM_GCC_541\Debug\hello_world_label.a(I2C_INT.o)
                              .\CortexM3\ARM_GCC_541\Debug\hello_world_label.a(I2C.o) (I2C_ISR)
.\CortexM3\ARM_GCC_541\Debug\hello_world_label.a(I2C_PM.o)
                              .\CortexM3\ARM_GCC_541\Debug\hello_world_label.a(I2C.o) (I2C_backup)
.\CortexM3\ARM_GCC_541\Debug\hello_world_label.a(I2C_MASTER.o)
                              .\CortexM3\ARM_GCC_541\Debug\SSD1306.o (I2C_MasterWriteBuf)
.\CortexM3\ARM_GCC_541\Debug\hello_world_label.a(UART_Log.o)
                              .\CortexM3\ARM_GCC_541\Debug\main.o (UART_Log_Start)
.\CortexM3\ARM_GCC_541\Debug\hello_world_label.a(CyLib.o)
                              .\CortexM3\ARM_GCC_541\Debug\Cm3Start.o (CyHalt)
.\CortexM3\ARM_GCC_541\Debug\hello_world_label.a(cyPm.o)
                              .\CortexM3\ARM_GCC_541\Debug\hello_world_label.a(CyLib.o) (CyPmReadStatus)
.\CortexM3\ARM_GCC_541\Debug\hello_world_label.a(Timer.o)
                              .\CortexM3\ARM_GCC_541\Debug\main.o (Timer_ReadStatusRegister)
.\CortexM3\ARM_GCC_541\Debug\hello_world_label.a(isr_Timer.o)
                              .\CortexM3\ARM_GCC_541\Debug\main.o (isr_Timer_StartEx)
.\CortexM3\ARM_GCC_541\Debug\hello_world_label.a(UART_Log_AsmGnu.o)
                              .\CortexM3\ARM_GCC_541\Debug\DBG.o (UART_Log_PutChar)
.\CortexM3\ARM_GCC_541\Debug\hello_world_label.a(CyBootAsmGnu.o)
                              .\CortexM3\ARM_GCC_541\Debug\cyfitter_cfg.o (CyDelayCycles)
.\CortexM3\ARM_GCC_541\Debug\hello_world_label.a(CyFlash.o)
                              .\CortexM3\ARM_GCC_541\Debug\hello_world_label.a(cyPm.o) (CyFlash_SetWaitCycles)
.\CortexM3\ARM_GCC_541\Debug\hello_world_label.a(CySpc.o)
                              .\CortexM3\ARM_GCC_541\Debug\hello_world_label.a(CyFlash.o) (CySpcStart)
c:/program files (x86)/cypress/psoc creator/4.2/psoc creator/import/gnu/arm/5.4.1/bin/../lib/gcc/arm-none-eabi/5.4.1/armv7-m\libgcc.a(_udivsi3.o)
                              .\CortexM3\ARM_GCC_541\Debug\hello_world_label.a(UART_Log_AsmGnu.o) (__aeabi_uidiv)
c:/program files (x86)/cypress/psoc creator/4.2/psoc creator/import/gnu/arm/5.4.1/bin/../lib/gcc/arm-none-eabi/5.4.1/armv7-m\libgcc.a(_dvmd_tls.o)
                              c:/program files (x86)/cypress/psoc creator/4.2/psoc creator/import/gnu/arm/5.4.1/bin/../lib/gcc/arm-none-eabi/5.4.1/armv7-m\libgcc.a(_udivsi3.o) (__aeabi_idiv0)
c:/program files (x86)/cypress/psoc creator/4.2/psoc creator/import/gnu/arm/5.4.1/bin/../lib/gcc/arm-none-eabi/5.4.1/../../../../arm-none-eabi/lib/armv7-m\libg_nano.a(lib_a-errno.o)
                              .\CortexM3\ARM_GCC_541\Debug\Cm3Start.o (__errno)
c:/program files (x86)/cypress/psoc creator/4.2/psoc creator/import/gnu/arm/5.4.1/bin/../lib/gcc/arm-none-eabi/5.4.1/../../../../arm-none-eabi/lib/armv7-m\libg_nano.a(lib_a-exit.o)
                              c:/program files (x86)/cypress/psoc creator/4.2/psoc creator/import/gnu/arm/5.4.1/bin/../lib/gcc/arm-none-eabi/5.4.1/../../../../arm-none-eabi/lib/armv7-m/crt0.o (exit)
c:/program files (x86)/cypress/psoc creator/4.2/psoc creator/import/gnu/arm/5.4.1/bin/../lib/gcc/arm-none-eabi/5.4.1/../../../../arm-none-eabi/lib/armv7-m\libg_nano.a(lib_a-impure.o)
                              c:/program files (x86)/cypress/psoc creator/4.2/psoc creator/import/gnu/arm/5.4.1/bin/../lib/gcc/arm-none-eabi/5.4.1/../../../../arm-none-eabi/lib/armv7-m\libg_nano.a(lib_a-exit.o) (_global_impure_ptr)
c:/program files (x86)/cypress/psoc creator/4.2/psoc creator/import/gnu/arm/5.4.1/bin/../lib/gcc/arm-none-eabi/5.4.1/../../../../arm-none-eabi/lib/armv7-m\libg_nano.a(lib_a-init.o)
                              c:/program files (x86)/cypress/psoc creator/4.2/psoc creator/import/gnu/arm/5.4.1/bin/../lib/gcc/arm-none-eabi/5.4.1/../../../../arm-none-eabi/lib/armv7-m/crt0.o (__libc_init_array)
c:/program files (x86)/cypress/psoc creator/4.2/psoc creator/import/gnu/arm/5.4.1/bin/../lib/gcc/arm-none-eabi/5.4.1/../../../../arm-none-eabi/lib/armv7-m\libg_nano.a(lib_a-memcpy-stub.o)
                              .\CortexM3\ARM_GCC_541\Debug\SSD1306.o (memcpy)
c:/program files (x86)/cypress/psoc creator/4.2/psoc creator/import/gnu/arm/5.4.1/bin/../lib/gcc/arm-none-eabi/5.4.1/../../../../arm-none-eabi/lib/armv7-m\libg_nano.a(lib_a-memset.o)
                              c:/program files (x86)/cypress/psoc creator/4.2/psoc creator/import/gnu/arm/5.4.1/bin/../lib/gcc/arm-none-eabi/5.4.1/../../../../arm-none-eabi/lib/armv7-m/crt0.o (memset)
c:/program files (x86)/cypress/psoc creator/4.2/psoc creator/import/gnu/arm/5.4.1/bin/../lib/gcc/arm-none-eabi/5.4.1/../../../../arm-none-eabi/lib/armv7-m\libg_nano.a(lib_a-strcpy.o)
[...]
Memory Configuration

Name             Origin             Length             Attributes
rom              0x00000000         0x00040000         xr
ram              0x1fff8000         0x00010000         xrw
*default*        0x00000000         0xffffffff

Linker script and memory map

LOAD c:/program files (x86)/cypress/psoc creator/4.2/psoc creator/import/gnu/arm/5.4.1/bin/../lib/gcc/arm-none-eabi/5.4.1/armv7-m/crti.o
LOAD c:/program files (x86)/cypress/psoc creator/4.2/psoc creator/import/gnu/arm/5.4.1/bin/../lib/gcc/arm-none-eabi/5.4.1/armv7-m/crtbegin.o
LOAD c:/program files (x86)/cypress/psoc creator/4.2/psoc creator/import/gnu/arm/5.4.1/bin/../lib/gcc/arm-none-eabi/5.4.1/../../../../arm-none-eabi/lib/armv7-m/crt0.o
START GROUP
LOAD .\CortexM3\ARM_GCC_541\Debug\main.o
LOAD .\CortexM3\ARM_GCC_541\Debug\DBG.o
LOAD .\CortexM3\ARM_GCC_541\Debug\SSD1306.o
LOAD .\CortexM3\ARM_GCC_541\Debug\lv_group.o
LOAD .\CortexM3\ARM_GCC_541\Debug\lv_indev.o
LOAD .\CortexM3\ARM_GCC_541\Debug\lv_lang.o
LOAD .\CortexM3\ARM_GCC_541\Debug\lv_obj.o
LOAD .\CortexM3\ARM_GCC_541\Debug\lv_refr.o
LOAD .\CortexM3\ARM_GCC_541\Debug\lv_style.o
LOAD .\CortexM3\ARM_GCC_541\Debug\lv_vdb.o
LOAD .\CortexM3\ARM_GCC_541\Debug\lv_draw.o
LOAD .\CortexM3\ARM_GCC_541\Debug\lv_draw_arc.o
LOAD .\CortexM3\ARM_GCC_541\Debug\lv_draw_img.o
LOAD .\CortexM3\ARM_GCC_541\Debug\lv_draw_label.o
LOAD .\CortexM3\ARM_GCC_541\Debug\lv_draw_line.o
LOAD .\CortexM3\ARM_GCC_541\Debug\lv_draw_rbasic.o
LOAD .\CortexM3\ARM_GCC_541\Debug\lv_draw_rect.o
LOAD .\CortexM3\ARM_GCC_541\Debug\lv_draw_triangle.o
LOAD .\CortexM3\ARM_GCC_541\Debug\lv_draw_vbasic.o
LOAD .\CortexM3\ARM_GCC_541\Debug\lv_font_builtin.o
LOAD .\CortexM3\ARM_GCC_541\Debug\lv_font_dejavu_10.o
LOAD .\CortexM3\ARM_GCC_541\Debug\lv_font_dejavu_10_cyrillic.o
LOAD .\CortexM3\ARM_GCC_541\Debug\lv_font_dejavu_10_latin_sup.o
LOAD .\CortexM3\ARM_GCC_541\Debug\lv_font_dejavu_20.o
LOAD .\CortexM3\ARM_GCC_541\Debug\lv_font_dejavu_20_cyrillic.o
LOAD .\CortexM3\ARM_GCC_541\Debug\lv_font_dejavu_20_latin_sup.o
LOAD .\CortexM3\ARM_GCC_541\Debug\lv_font_dejavu_30.o
LOAD .\CortexM3\ARM_GCC_541\Debug\lv_font_dejavu_30_cyrillic.o
LOAD .\CortexM3\ARM_GCC_541\Debug\lv_font_dejavu_30_latin_sup.o
LOAD .\CortexM3\ARM_GCC_541\Debug\lv_font_dejavu_40.o
LOAD .\CortexM3\ARM_GCC_541\Debug\lv_font_dejavu_40_cyrillic.o
LOAD .\CortexM3\ARM_GCC_541\Debug\lv_font_dejavu_40_latin_sup.o
LOAD .\CortexM3\ARM_GCC_541\Debug\lv_font_monospace_8.o
LOAD .\CortexM3\ARM_GCC_541\Debug\lv_font_symbol_10.o
LOAD .\CortexM3\ARM_GCC_541\Debug\lv_font_symbol_20.o
LOAD .\CortexM3\ARM_GCC_541\Debug\lv_font_symbol_30.o
LOAD .\CortexM3\ARM_GCC_541\Debug\lv_font_symbol_40.o
LOAD .\CortexM3\ARM_GCC_541\Debug\lv_hal_disp.o
LOAD .\CortexM3\ARM_GCC_541\Debug\lv_hal_indev.o
LOAD .\CortexM3\ARM_GCC_541\Debug\lv_hal_tick.o
LOAD .\CortexM3\ARM_GCC_541\Debug\lv_anim.o
LOAD .\CortexM3\ARM_GCC_541\Debug\lv_area.o
LOAD .\CortexM3\ARM_GCC_541\Debug\lv_circ.o
LOAD .\CortexM3\ARM_GCC_541\Debug\lv_color.o
LOAD .\CortexM3\ARM_GCC_541\Debug\lv_font.o
LOAD .\CortexM3\ARM_GCC_541\Debug\lv_fs.o
LOAD .\CortexM3\ARM_GCC_541\Debug\lv_gc.o
LOAD .\CortexM3\ARM_GCC_541\Debug\lv_ll.o
LOAD .\CortexM3\ARM_GCC_541\Debug\lv_log.o
LOAD .\CortexM3\ARM_GCC_541\Debug\lv_math.o
LOAD .\CortexM3\ARM_GCC_541\Debug\lv_mem.o
LOAD .\CortexM3\ARM_GCC_541\Debug\lv_task.o
LOAD .\CortexM3\ARM_GCC_541\Debug\lv_templ.o
LOAD .\CortexM3\ARM_GCC_541\Debug\lv_txt.o
LOAD .\CortexM3\ARM_GCC_541\Debug\lv_ufs.o
LOAD .\CortexM3\ARM_GCC_541\Debug\lv_arc.o
LOAD .\CortexM3\ARM_GCC_541\Debug\lv_bar.o
LOAD .\CortexM3\ARM_GCC_541\Debug\lv_btn.o
LOAD .\CortexM3\ARM_GCC_541\Debug\lv_btnm.o
LOAD .\CortexM3\ARM_GCC_541\Debug\lv_calendar.o
LOAD .\CortexM3\ARM_GCC_541\Debug\lv_canvas.o
LOAD .\CortexM3\ARM_GCC_541\Debug\lv_cb.o
LOAD .\CortexM3\ARM_GCC_541\Debug\lv_chart.o
LOAD .\CortexM3\ARM_GCC_541\Debug\lv_cont.o
LOAD .\CortexM3\ARM_GCC_541\Debug\lv_ddlist.o
LOAD .\CortexM3\ARM_GCC_541\Debug\lv_gauge.o
LOAD .\CortexM3\ARM_GCC_541\Debug\lv_img.o
LOAD .\CortexM3\ARM_GCC_541\Debug\lv_imgbtn.o
LOAD .\CortexM3\ARM_GCC_541\Debug\lv_kb.o
LOAD .\CortexM3\ARM_GCC_541\Debug\lv_label.o
LOAD .\CortexM3\ARM_GCC_541\Debug\lv_led.o
LOAD .\CortexM3\ARM_GCC_541\Debug\lv_line.o
LOAD .\CortexM3\ARM_GCC_541\Debug\lv_list.o
LOAD .\CortexM3\ARM_GCC_541\Debug\lv_lmeter.o
LOAD .\CortexM3\ARM_GCC_541\Debug\lv_mbox.o
LOAD .\CortexM3\ARM_GCC_541\Debug\lv_objx_templ.o
LOAD .\CortexM3\ARM_GCC_541\Debug\lv_page.o
LOAD .\CortexM3\ARM_GCC_541\Debug\lv_preload.o
LOAD .\CortexM3\ARM_GCC_541\Debug\lv_roller.o
LOAD .\CortexM3\ARM_GCC_541\Debug\lv_slider.o
LOAD .\CortexM3\ARM_GCC_541\Debug\lv_spinbox.o
LOAD .\CortexM3\ARM_GCC_541\Debug\lv_sw.o
LOAD .\CortexM3\ARM_GCC_541\Debug\lv_ta.o
LOAD .\CortexM3\ARM_GCC_541\Debug\lv_table.o
LOAD .\CortexM3\ARM_GCC_541\Debug\lv_tabview.o
LOAD .\CortexM3\ARM_GCC_541\Debug\lv_tileview.o
LOAD .\CortexM3\ARM_GCC_541\Debug\lv_win.o
LOAD .\CortexM3\ARM_GCC_541\Debug\lv_port_disp_templ.o
LOAD .\CortexM3\ARM_GCC_541\Debug\lv_port_fs_templ.o
LOAD .\CortexM3\ARM_GCC_541\Debug\lv_port_indev_templ.o
LOAD .\CortexM3\ARM_GCC_541\Debug\lv_theme.o
LOAD .\CortexM3\ARM_GCC_541\Debug\lv_theme_alien.o
LOAD .\CortexM3\ARM_GCC_541\Debug\lv_theme_default.o
LOAD .\CortexM3\ARM_GCC_541\Debug\lv_theme_material.o
LOAD .\CortexM3\ARM_GCC_541\Debug\lv_theme_mono.o
LOAD .\CortexM3\ARM_GCC_541\Debug\lv_theme_nemo.o
LOAD .\CortexM3\ARM_GCC_541\Debug\lv_theme_night.o
LOAD .\CortexM3\ARM_GCC_541\Debug\lv_theme_templ.o
LOAD .\CortexM3\ARM_GCC_541\Debug\lv_theme_zen.o
LOAD .\CortexM3\ARM_GCC_541\Debug\cyfitter_cfg.o
LOAD .\CortexM3\ARM_GCC_541\Debug\cymetadata.o
LOAD .\CortexM3\ARM_GCC_541\Debug\Cm3Start.o
LOAD .\CortexM3\ARM_GCC_541\Debug\hello_world_label.a
LOAD C:\Program Files (x86)\Cypress\PSoC Creator\4.2\PSoC Creator\psoc\content\cycomponentlibrary\CyComponentLibrary.cylib\CortexM3\ARM_GCC_541\Debug\CyComponentLibrary.a
END GROUP
START GROUP
LOAD c:/program files (x86)/cypress/psoc creator/4.2/psoc creator/import/gnu/arm/5.4.1/bin/../lib/gcc/arm-none-eabi/5.4.1/armv7-m\libgcc.a
LOAD c:/program files (x86)/cypress/psoc creator/4.2/psoc creator/import/gnu/arm/5.4.1/bin/../lib/gcc/arm-none-eabi/5.4.1/../../../../arm-none-eabi/lib/armv7-m\libg_nano.a
LOAD c:/program files (x86)/cypress/psoc creator/4.2/psoc creator/import/gnu/arm/5.4.1/bin/../lib/gcc/arm-none-eabi/5.4.1/../../../../arm-none-eabi/lib/armv7-m\libc_nano.a
END GROUP
START GROUP
LOAD c:/program files (x86)/cypress/psoc creator/4.2/psoc creator/import/gnu/arm/5.4.1/bin/../lib/gcc/arm-none-eabi/5.4.1/armv7-m\libgcc.a
LOAD c:/program files (x86)/cypress/psoc creator/4.2/psoc creator/import/gnu/arm/5.4.1/bin/../lib/gcc/arm-none-eabi/5.4.1/../../../../arm-none-eabi/lib/armv7-m\libc_nano.a
END GROUP
LOAD c:/program files (x86)/cypress/psoc creator/4.2/psoc creator/import/gnu/arm/5.4.1/bin/../lib/gcc/arm-none-eabi/5.4.1/armv7-m/crtend.o
LOAD c:/program files (x86)/cypress/psoc creator/4.2/psoc creator/import/gnu/arm/5.4.1/bin/../lib/gcc/arm-none-eabi/5.4.1/armv7-m/crtn.o
START GROUP
LOAD c:/program files (x86)/cypress/psoc creator/4.2/psoc creator/import/gnu/arm/5.4.1/bin/../lib/gcc/arm-none-eabi/5.4.1/armv7-m\libgcc.a
LOAD c:/program files (x86)/cypress/psoc creator/4.2/psoc creator/import/gnu/arm/5.4.1/bin/../lib/gcc/arm-none-eabi/5.4.1/../../../../arm-none-eabi/lib/armv7-m\libc.a
LOAD c:/program files (x86)/cypress/psoc creator/4.2/psoc creator/import/gnu/arm/5.4.1/bin/../lib/gcc/arm-none-eabi/5.4.1/../../../../arm-none-eabi/lib/armv7-m\libnosys.a
END GROUP
                0x00000000                CY_APPL_ORIGIN = 0x0
                0x00000100                CY_FLASH_ROW_SIZE = 0x100
                0x00000020                CY_ECC_ROW_SIZE = 0x20
                0x00000000                CY_EE_IN_BTLDR = 0x0
                0x00000000                CY_APPL_LOADABLE = 0x0
                0x00000800                CY_EE_SIZE = 0x800
                0x00000001                CY_APPL_NUM = 0x1
                0x00000001                CY_APPL_MAX = 0x1
                0x00000040                CY_METADATA_SIZE = 0x40
                0x00000000                CY_APPL_LOADABLE = 0x0
                0x00000000                CY_CHECKSUM_EXCLUDE_SIZE = ALIGN (0x0, CY_FLASH_ROW_SIZE)
                [!provide]                PROVIDE (__cy_heap_start, _end)
                0x00000001                PROVIDE (__cy_region_num, ((__cy_regions_end - __cy_regions) / 0x10))
                0x20008000                PROVIDE (__cy_stack, (ORIGIN (ram) + LENGTH (ram)))
                [!provide]                PROVIDE (__cy_heap_end, (__cy_stack - 0x800))

.cybootloader   0x00000000        0x0
 *(.cybootloader)
                0x00000000                appl1_start = CY_APPL_ORIGIN?CY_APPL_ORIGIN:ALIGN (CY_FLASH_ROW_SIZE)
                0x0001ff00                appl2_start = (appl1_start + ALIGN ((((LENGTH (rom) - appl1_start) - (0x2 * CY_FLASH_ROW_SIZE)) / 0x2), CY_FLASH_ROW_SIZE))
                0x00000000                appl_start = (CY_APPL_NUM == 0x1)?appl1_start:appl2_start
                0x00000000                ecc_offset = ((appl_start / CY_FLASH_ROW_SIZE) * CY_ECC_ROW_SIZE)
                0x00000000                ee_offset = (CY_APPL_LOADABLE && ! (CY_EE_IN_BTLDR))?((CY_EE_SIZE / CY_APPL_MAX) * (CY_APPL_NUM - 0x1)):0x0
                0x00000800                ee_size = (CY_APPL_LOADABLE && ! (CY_EE_IN_BTLDR))?(CY_EE_SIZE / CY_APPL_MAX):CY_EE_SIZE
                [!provide]                PROVIDE (CY_ECC_OFFSET, ecc_offset)

.text           0x00000000     0x7aa0
 CREATE_OBJECT_SYMBOLS
                0x00000000                PROVIDE (__cy_interrupt_vector, RomVectors)
 *(.romvectors)
 .romvectors    0x00000000       0x10 .\CortexM3\ARM_GCC_541\Debug\Cm3Start.o
                0x00000000                RomVectors
                0x00000001                ASSERT ((. != __cy_interrupt_vector), No interrupt vector)
                0x00000001                ASSERT (CY_APPL_ORIGIN?(SIZEOF (.cybootloader) <= CY_APPL_ORIGIN):0x1, Wrong image location)
                0x00000010                PROVIDE (__cy_reset, Reset)
 *(.text.Reset)
 .text.Reset    0x00000010       0x18 .\CortexM3\ARM_GCC_541\Debug\Cm3Start.o
                0x00000010                Reset
                0x00000001                ASSERT ((. != __cy_reset), No reset code)
 *(.dma_init)
                0x00000001                ASSERT ((((appl_start + .) <= 0x10000) || 0x1), DMA Init must be within the first 64k of flash)
 *(.text .text.* .gnu.linkonce.t.*)
 .text          0x00000028       0x5c c:/program files (x86)/cypress/psoc creator/4.2/psoc creator/import/gnu/arm/5.4.1/bin/../lib/gcc/arm-none-eabi/5.4.1/armv7-m/crtbegin.o
 .text.ssd1306_flush
                0x00000084       0x90 .\CortexM3\ARM_GCC_541\Debug\main.o
                0x00000084                ssd1306_flush
 .text.timer_handler
                0x00000114       0x10 .\CortexM3\ARM_GCC_541\Debug\main.o
                0x00000114                timer_handler
 .text.print_log
                0x00000124       0x10 .\CortexM3\ARM_GCC_541\Debug\main.o
 .text.main     0x00000134       0x78 .\CortexM3\ARM_GCC_541\Debug\main.o
                0x00000134                main
 .text.DBG_clear_screen
                0x000001ac        0xc .\CortexM3\ARM_GCC_541\Debug\DBG.o
                0x000001ac                DBG_clear_screen
 .text.DBG_println
                0x000001b8       0x48 .\CortexM3\ARM_GCC_541\Debug\DBG.o
                0x000001b8                DBG_println
 .text.ssd_send_command
                0x00000200       0x34 .\CortexM3\ARM_GCC_541\Debug\SSD1306.o
                0x00000200                ssd_send_command
 .text.ssd_set_column_addr
                0x00000234       0x1c .\CortexM3\ARM_GCC_541\Debug\SSD1306.o
                0x00000234                ssd_set_column_addr
 .text.ssd_set_page_addr
                0x00000250       0x1c .\CortexM3\ARM_GCC_541\Debug\SSD1306.o
                0x00000250                ssd_set_page_addr
 .text.ssd_send_buffer
                0x0000026c       0x48 .\CortexM3\ARM_GCC_541\Debug\SSD1306.o
                0x0000026c                ssd_send_buffer
 .text.ssd_init
                0x000002b4       0xd0 .\CortexM3\ARM_GCC_541\Debug\SSD1306.o
                0x000002b4                ssd_init
 .text.indev_proc_reset_query_handler
                0x00000384       0x3c .\CortexM3\ARM_GCC_541\Debug\lv_indev.o
 .text.indev_search_obj
                0x000003c0       0x74 .\CortexM3\ARM_GCC_541\Debug\lv_indev.o
 .text.indev_drag
                0x00000434      0x134 .\CortexM3\ARM_GCC_541\Debug\lv_indev.o
 .text.indev_proc_press
                0x00000568      0x1c0 .\CortexM3\ARM_GCC_541\Debug\lv_indev.o
 .text.indev_drag_throw
                0x00000728      0x114 .\CortexM3\ARM_GCC_541\Debug\lv_indev.o
 .text.indev_proc_release
                0x0000083c       0x90 .\CortexM3\ARM_GCC_541\Debug\lv_indev.o
 .text.indev_pointer_proc
                0x000008cc       0x50 .\CortexM3\ARM_GCC_541\Debug\lv_indev.o
 .text.indev_button_proc
                0x0000091c       0x48 .\CortexM3\ARM_GCC_541\Debug\lv_indev.o
 .text.indev_proc_task
                0x00000964       0xb0 .\CortexM3\ARM_GCC_541\Debug\lv_indev.o
 .text.lv_indev_get_act
                0x00000a14        0xc .\CortexM3\ARM_GCC_541\Debug\lv_indev.o
                0x00000a14                lv_indev_get_act
 .text.lv_indev_reset
                0x00000a20       0x30 .\CortexM3\ARM_GCC_541\Debug\lv_indev.o
                0x00000a20                lv_indev_reset
 .text.lv_indev_init
                0x00000a50       0x1c .\CortexM3\ARM_GCC_541\Debug\lv_indev.o
                0x00000a50                lv_indev_init
 .text.refresh_childen_position
                0x00000a6c       0x48 .\CortexM3\ARM_GCC_541\Debug\lv_obj.o
 .text.lv_obj_set_click
                0x00000ab4       0x10 .\CortexM3\ARM_GCC_541\Debug\lv_obj.o
                0x00000ab4                lv_obj_set_click
 .text.lv_obj_set_signal_func
                0x00000ac4        0x4 .\CortexM3\ARM_GCC_541\Debug\lv_obj.o
                0x00000ac4                lv_obj_set_signal_func
 .text.lv_obj_set_design_func
                0x00000ac8        0x4 .\CortexM3\ARM_GCC_541\Debug\lv_obj.o
                0x00000ac8                lv_obj_set_design_func
 .text.lv_obj_allocate_ext_attr
                0x00000acc       0x10 .\CortexM3\ARM_GCC_541\Debug\lv_obj.o
                0x00000acc                lv_obj_allocate_ext_attr
 .text.lv_scr_act
                0x00000adc        0xc .\CortexM3\ARM_GCC_541\Debug\lv_obj.o
                0x00000adc                lv_scr_act
 .text.lv_layer_top
                0x00000ae8        0xc .\CortexM3\ARM_GCC_541\Debug\lv_obj.o
                0x00000ae8                lv_layer_top
 .text.lv_layer_sys
                0x00000af4        0xc .\CortexM3\ARM_GCC_541\Debug\lv_obj.o
                0x00000af4                lv_layer_sys
 .text.lv_obj_get_parent
                0x00000b00        0x4 .\CortexM3\ARM_GCC_541\Debug\lv_obj.o
                0x00000b00                lv_obj_get_parent
 .text.lv_obj_get_screen
                0x00000b04       0x18 .\CortexM3\ARM_GCC_541\Debug\lv_obj.o
                0x00000b04                lv_obj_get_screen
 .text.lv_obj_get_child
                0x00000b1c       0x14 .\CortexM3\ARM_GCC_541\Debug\lv_obj.o
                0x00000b1c                lv_obj_get_child
 .text.lv_obj_get_coords
                0x00000b30        0xc .\CortexM3\ARM_GCC_541\Debug\lv_obj.o
                0x00000b30                lv_obj_get_coords
 .text.lv_obj_get_x
                0x00000b3c       0x18 .\CortexM3\ARM_GCC_541\Debug\lv_obj.o
                0x00000b3c                lv_obj_get_x
 .text.lv_obj_get_y
                0x00000b54       0x18 .\CortexM3\ARM_GCC_541\Debug\lv_obj.o
                0x00000b54                lv_obj_get_y
 .text.lv_obj_get_width
                0x00000b6c       0x10 .\CortexM3\ARM_GCC_541\Debug\lv_obj.o
                0x00000b6c                lv_obj_get_width
 .text.lv_obj_get_height
                0x00000b7c       0x10 .\CortexM3\ARM_GCC_541\Debug\lv_obj.o
                0x00000b7c                lv_obj_get_height
 .text.lv_obj_get_style
                0x00000b8c       0x2c .\CortexM3\ARM_GCC_541\Debug\lv_obj.o
                0x00000b8c                lv_obj_get_style
 .text.lv_obj_get_hidden
                0x00000bb8        0xc .\CortexM3\ARM_GCC_541\Debug\lv_obj.o
                0x00000bb8                lv_obj_get_hidden
 .text.lv_obj_invalidate
                0x00000bc4       0xa4 .\CortexM3\ARM_GCC_541\Debug\lv_obj.o
                0x00000bc4                lv_obj_invalidate
 .text.lv_obj_set_pos
                0x00000c68       0x8c .\CortexM3\ARM_GCC_541\Debug\lv_obj.o
                0x00000c68                lv_obj_set_pos
 .text.lv_obj_align
                0x00000cf4      0x338 .\CortexM3\ARM_GCC_541\Debug\lv_obj.o
                0x00000cf4                lv_obj_align
 .text.lv_obj_align_origo
                0x0000102c      0x2c4 .\CortexM3\ARM_GCC_541\Debug\lv_obj.o
                0x0000102c                lv_obj_align_origo
 .text.lv_obj_realign
                0x000012f0       0x40 .\CortexM3\ARM_GCC_541\Debug\lv_obj.o
                0x000012f0                lv_obj_realign
 .text.lv_obj_create
                0x00001330      0x2b0 .\CortexM3\ARM_GCC_541\Debug\lv_obj.o
                0x00001330                lv_obj_create
 .text.lv_obj_set_size
                0x000015e0       0x74 .\CortexM3\ARM_GCC_541\Debug\lv_obj.o
                0x000015e0                lv_obj_set_size
 .text.lv_obj_set_height
                0x00001654       0x18 .\CortexM3\ARM_GCC_541\Debug\lv_obj.o
                0x00001654                lv_obj_set_height
 .text.lv_obj_refresh_style
                0x0000166c       0x1c .\CortexM3\ARM_GCC_541\Debug\lv_obj.o
                0x0000166c                lv_obj_refresh_style
 .text.refresh_childen_style
                0x00001688       0x40 .\CortexM3\ARM_GCC_541\Debug\lv_obj.o
 .text.lv_obj_set_style
                0x000016c8       0x14 .\CortexM3\ARM_GCC_541\Debug\lv_obj.o
                0x000016c8                lv_obj_set_style
 .text.lv_init  0x000016dc       0xc8 .\CortexM3\ARM_GCC_541\Debug\lv_obj.o
                0x000016dc                lv_init
 .text.lv_obj_refresh_ext_size
                0x000017a4       0x18 .\CortexM3\ARM_GCC_541\Debug\lv_obj.o
                0x000017a4                lv_obj_refresh_ext_size
 .text.lv_obj_get_click
                0x000017bc        0xc .\CortexM3\ARM_GCC_541\Debug\lv_obj.o
                0x000017bc                lv_obj_get_click
 .text.lv_obj_get_drag
                0x000017c8        0xc .\CortexM3\ARM_GCC_541\Debug\lv_obj.o
                0x000017c8                lv_obj_get_drag
 .text.lv_obj_get_drag_throw
                0x000017d4        0xc .\CortexM3\ARM_GCC_541\Debug\lv_obj.o
                0x000017d4                lv_obj_get_drag_throw
 .text.lv_obj_get_drag_parent
                0x000017e0        0xc .\CortexM3\ARM_GCC_541\Debug\lv_obj.o
                0x000017e0                lv_obj_get_drag_parent
 .text.lv_obj_get_opa_scale
                0x000017ec       0x20 .\CortexM3\ARM_GCC_541\Debug\lv_obj.o
                0x000017ec                lv_obj_get_opa_scale
 .text.lv_obj_design
                0x0000180c       0xa0 .\CortexM3\ARM_GCC_541\Debug\lv_obj.o
 .text.lv_obj_is_protected
                0x000018ac       0x10 .\CortexM3\ARM_GCC_541\Debug\lv_obj.o
                0x000018ac                lv_obj_is_protected
 .text.lv_obj_signal
                0x000018bc       0x78 .\CortexM3\ARM_GCC_541\Debug\lv_obj.o
 .text.lv_obj_get_signal_func
                0x00001934        0x4 .\CortexM3\ARM_GCC_541\Debug\lv_obj.o
                0x00001934                lv_obj_get_signal_func
 .text.lv_obj_get_ext_attr
                0x00001938        0x4 .\CortexM3\ARM_GCC_541\Debug\lv_obj.o
                0x00001938                lv_obj_get_ext_attr
 .text.lv_refr_join_area
                0x0000193c       0xa4 .\CortexM3\ARM_GCC_541\Debug\lv_refr.o
 .text.lv_refr_get_top_obj
                0x000019e0       0x7c .\CortexM3\ARM_GCC_541\Debug\lv_refr.o
 .text.lv_refr_obj
                0x00001a5c       0xe4 .\CortexM3\ARM_GCC_541\Debug\lv_refr.o
 .text.lv_refr_obj_and_children
                0x00001b40       0x78 .\CortexM3\ARM_GCC_541\Debug\lv_refr.o
 .text.lv_refr_area_part_vdb
                0x00001bb8       0x5c .\CortexM3\ARM_GCC_541\Debug\lv_refr.o
 .text.lv_refr_area_with_vdb
                0x00001c14      0x128 .\CortexM3\ARM_GCC_541\Debug\lv_refr.o
 .text.lv_refr_areas
                0x00001d3c       0x54 .\CortexM3\ARM_GCC_541\Debug\lv_refr.o
 .text.lv_refr_task
                0x00001d90       0x80 .\CortexM3\ARM_GCC_541\Debug\lv_refr.o
 .text.lv_refr_init
                0x00001e10       0x30 .\CortexM3\ARM_GCC_541\Debug\lv_refr.o
                0x00001e10                lv_refr_init
 .text.lv_inv_area
                0x00001e40       0xa0 .\CortexM3\ARM_GCC_541\Debug\lv_refr.o
                0x00001e40                lv_inv_area
 .text.lv_refr_get_buf_size
                0x00001ee0        0xc .\CortexM3\ARM_GCC_541\Debug\lv_refr.o
                0x00001ee0                lv_refr_get_buf_size
 .text.lv_refr_pop_from_buf
                0x00001eec       0x24 .\CortexM3\ARM_GCC_541\Debug\lv_refr.o
                0x00001eec                lv_refr_pop_from_buf
 .text.lv_style_init
                0x00001f10      0x470 .\CortexM3\ARM_GCC_541\Debug\lv_style.o
                0x00001f10                lv_style_init
 .text.lv_vdb_get
                0x00002380       0x18 .\CortexM3\ARM_GCC_541\Debug\lv_vdb.o
                0x00002380                lv_vdb_get
 .text.lv_vdb_flush
                0x00002398       0x48 .\CortexM3\ARM_GCC_541\Debug\lv_vdb.o
                0x00002398                lv_vdb_flush
 .text.lv_flush_ready
                0x000023e0        0xc .\CortexM3\ARM_GCC_541\Debug\lv_vdb.o
                0x000023e0                lv_flush_ready
 .text.lv_draw_aa_get_opa
                0x000023ec       0x34 .\CortexM3\ARM_GCC_541\Debug\lv_draw.o
                0x000023ec                lv_draw_aa_get_opa
 .text.hex_char_to_num
                0x00002420       0x40 .\CortexM3\ARM_GCC_541\Debug\lv_draw_label.o
 .text.lv_draw_label
                0x00002460      0x374 .\CortexM3\ARM_GCC_541\Debug\lv_draw_label.o
                0x00002460                lv_draw_label
 .text.lv_draw_cont_radius_corr
                0x000027d4       0x24 .\CortexM3\ARM_GCC_541\Debug\lv_draw_rect.o
 .text.lv_draw_rect_main_mid
                0x000027f8      0x140 .\CortexM3\ARM_GCC_541\Debug\lv_draw_rect.o
 .text.lv_draw_rect_border_straight
                0x00002938      0x44c .\CortexM3\ARM_GCC_541\Debug\lv_draw_rect.o
 .text.antialias_get_opa_circ
                0x00002d84       0x2c .\CortexM3\ARM_GCC_541\Debug\lv_draw_rect.o
 .text.lv_draw_rect_border_corner
                0x00002db0      0xa18 .\CortexM3\ARM_GCC_541\Debug\lv_draw_rect.o
 .text.lv_draw_rect_main_corner
                0x000037c8      0x9c0 .\CortexM3\ARM_GCC_541\Debug\lv_draw_rect.o
 .text.lv_draw_rect
                0x00004188       0x84 .\CortexM3\ARM_GCC_541\Debug\lv_draw_rect.o
                0x00004188                lv_draw_rect
 .text.sw_color_fill
                0x0000420c      0x138 .\CortexM3\ARM_GCC_541\Debug\lv_draw_vbasic.o
 .text.sw_mem_blend
                0x00004344       0x38 .\CortexM3\ARM_GCC_541\Debug\lv_draw_vbasic.o
 .text.lv_vpx   0x0000437c       0xc4 .\CortexM3\ARM_GCC_541\Debug\lv_draw_vbasic.o
                0x0000437c                lv_vpx
 .text.lv_vfill
                0x00004440       0x94 .\CortexM3\ARM_GCC_541\Debug\lv_draw_vbasic.o
                0x00004440                lv_vfill
 .text.lv_vletter
                0x000044d4      0x360 .\CortexM3\ARM_GCC_541\Debug\lv_draw_vbasic.o
                0x000044d4                lv_vletter
 .text.lv_vmap  0x00004834      0x344 .\CortexM3\ARM_GCC_541\Debug\lv_draw_vbasic.o
                0x00004834                lv_vmap
 .text.lv_font_builtin_init
                0x00004b78        0x4 .\CortexM3\ARM_GCC_541\Debug\lv_font_builtin.o
                0x00004b78                lv_font_builtin_init
 .text.lv_disp_drv_init
                0x00004b7c        0xc .\CortexM3\ARM_GCC_541\Debug\lv_hal_disp.o
                0x00004b7c                lv_disp_drv_init
 .text.lv_disp_drv_register
                0x00004b88       0x68 .\CortexM3\ARM_GCC_541\Debug\lv_hal_disp.o
                0x00004b88                lv_disp_drv_register
 .text.lv_disp_get_active
                0x00004bf0        0xc .\CortexM3\ARM_GCC_541\Debug\lv_hal_disp.o
                0x00004bf0                lv_disp_get_active
 .text.lv_disp_flush
                0x00004bfc       0x70 .\CortexM3\ARM_GCC_541\Debug\lv_hal_disp.o
                0x00004bfc                lv_disp_flush
 .text.lv_indev_next
                0x00004c6c       0x10 .\CortexM3\ARM_GCC_541\Debug\lv_hal_indev.o
                0x00004c6c                lv_indev_next
 .text.lv_indev_read
                0x00004c7c       0x60 .\CortexM3\ARM_GCC_541\Debug\lv_hal_indev.o
                0x00004c7c                lv_indev_read
 .text.lv_tick_inc
                0x00004cdc       0x14 .\CortexM3\ARM_GCC_541\Debug\lv_hal_tick.o
                0x00004cdc                lv_tick_inc
 .text.lv_tick_get
                0x00004cf0       0x18 .\CortexM3\ARM_GCC_541\Debug\lv_hal_tick.o
                0x00004cf0                lv_tick_get
 .text.lv_tick_elaps
                0x00004d08       0x14 .\CortexM3\ARM_GCC_541\Debug\lv_hal_tick.o
                0x00004d08                lv_tick_elaps
 .text.lv_area_set
                0x00004d1c       0x10 .\CortexM3\ARM_GCC_541\Debug\lv_area.o
                0x00004d1c                lv_area_set
 .text.lv_area_get_size
                0x00004d2c       0x1c .\CortexM3\ARM_GCC_541\Debug\lv_area.o
                0x00004d2c                lv_area_get_size
 .text.lv_area_intersect
                0x00004d48       0x58 .\CortexM3\ARM_GCC_541\Debug\lv_area.o
                0x00004d48                lv_area_intersect
 .text.lv_area_join
                0x00004da0       0x48 .\CortexM3\ARM_GCC_541\Debug\lv_area.o
                0x00004da0                lv_area_join
 .text.lv_area_is_point_on
                0x00004de8       0x3c .\CortexM3\ARM_GCC_541\Debug\lv_area.o
                0x00004de8                lv_area_is_point_on
 .text.lv_area_is_on
                0x00004e24       0x44 .\CortexM3\ARM_GCC_541\Debug\lv_area.o
                0x00004e24                lv_area_is_on
 .text.lv_area_is_in
                0x00004e68       0x44 .\CortexM3\ARM_GCC_541\Debug\lv_area.o
                0x00004e68                lv_area_is_in
 .text.lv_circ_init
                0x00004eac       0x10 .\CortexM3\ARM_GCC_541\Debug\lv_circ.o
                0x00004eac                lv_circ_init
 .text.lv_circ_cont
                0x00004ebc       0x14 .\CortexM3\ARM_GCC_541\Debug\lv_circ.o
                0x00004ebc                lv_circ_cont
 .text.lv_circ_next
                0x00004ed0       0x3c .\CortexM3\ARM_GCC_541\Debug\lv_circ.o
                0x00004ed0                lv_circ_next
 .text.lv_font_init
                0x00004f0c        0x8 .\CortexM3\ARM_GCC_541\Debug\lv_font.o
                0x00004f0c                lv_font_init
 .text.lv_font_is_monospace
                0x00004f14       0x30 .\CortexM3\ARM_GCC_541\Debug\lv_font.o
                0x00004f14                lv_font_is_monospace
 .text.lv_font_get_bitmap
                0x00004f44       0x20 .\CortexM3\ARM_GCC_541\Debug\lv_font.o
                0x00004f44                lv_font_get_bitmap
 .text.lv_font_get_width
                0x00004f64       0x2c .\CortexM3\ARM_GCC_541\Debug\lv_font.o
                0x00004f64                lv_font_get_width
 .text.lv_font_get_real_width
                0x00004f90       0x24 .\CortexM3\ARM_GCC_541\Debug\lv_font.o
                0x00004f90                lv_font_get_real_width
 .text.lv_font_get_bpp
                0x00004fb4       0x20 .\CortexM3\ARM_GCC_541\Debug\lv_font.o
                0x00004fb4                lv_font_get_bpp
 .text.lv_font_get_bitmap_continuous
                0x00004fd4       0x24 .\CortexM3\ARM_GCC_541\Debug\lv_font.o
                0x00004fd4                lv_font_get_bitmap_continuous
 .text.lv_font_get_width_continuous
                0x00004ff8       0x24 .\CortexM3\ARM_GCC_541\Debug\lv_font.o
                0x00004ff8                lv_font_get_width_continuous
 .text.node_set_next
                0x0000501c       0x24 .\CortexM3\ARM_GCC_541\Debug\lv_ll.o
 .text.node_set_prev
                0x00005040       0x1c .\CortexM3\ARM_GCC_541\Debug\lv_ll.o
 .text.lv_ll_init
                0x0000505c       0x18 .\CortexM3\ARM_GCC_541\Debug\lv_ll.o
                0x0000505c                lv_ll_init
 .text.lv_ll_ins_head
                0x00005074       0x3c .\CortexM3\ARM_GCC_541\Debug\lv_ll.o
                0x00005074                lv_ll_ins_head
 .text.lv_ll_ins_tail
                0x000050b0       0x48 .\CortexM3\ARM_GCC_541\Debug\lv_ll.o
                0x000050b0                lv_ll_ins_tail
 .text.lv_ll_get_head
                0x000050f8        0xc .\CortexM3\ARM_GCC_541\Debug\lv_ll.o
                0x000050f8                lv_ll_get_head
 .text.lv_ll_get_tail
                0x00005104        0xc .\CortexM3\ARM_GCC_541\Debug\lv_ll.o
                0x00005104                lv_ll_get_tail
 .text.lv_ll_get_next
                0x00005110       0x18 .\CortexM3\ARM_GCC_541\Debug\lv_ll.o
                0x00005110                lv_ll_get_next
 .text.lv_ll_get_prev
                0x00005128       0x14 .\CortexM3\ARM_GCC_541\Debug\lv_ll.o
                0x00005128                lv_ll_get_prev
 .text.lv_ll_ins_prev
                0x0000513c       0x6c .\CortexM3\ARM_GCC_541\Debug\lv_ll.o
                0x0000513c                lv_ll_ins_prev
 .text.lv_ll_rem
                0x000051a8       0x80 .\CortexM3\ARM_GCC_541\Debug\lv_ll.o
                0x000051a8                lv_ll_rem
 .text.lv_ll_chg_list
                0x00005228       0x38 .\CortexM3\ARM_GCC_541\Debug\lv_ll.o
                0x00005228                lv_ll_chg_list
 .text.lv_log_register_print
                0x00005260        0xc .\CortexM3\ARM_GCC_541\Debug\lv_log.o
                0x00005260                lv_log_register_print
 .text.lv_log_add
                0x0000526c       0x1c .\CortexM3\ARM_GCC_541\Debug\lv_log.o
                0x0000526c                lv_log_add
 .text.ent_get_next
                0x00005288       0x28 .\CortexM3\ARM_GCC_541\Debug\lv_mem.o
 .text.ent_trunc
                0x000052b0       0x50 .\CortexM3\ARM_GCC_541\Debug\lv_mem.o
 .text.ent_alloc
                0x00005300       0x30 .\CortexM3\ARM_GCC_541\Debug\lv_mem.o
 .text.lv_mem_init
                0x00005330       0x20 .\CortexM3\ARM_GCC_541\Debug\lv_mem.o
                0x00005330                lv_mem_init
 .text.lv_mem_alloc
                0x00005350       0x54 .\CortexM3\ARM_GCC_541\Debug\lv_mem.o
                0x00005350                lv_mem_alloc
 .text.lv_mem_free
                0x000053a4       0x50 .\CortexM3\ARM_GCC_541\Debug\lv_mem.o
                0x000053a4                lv_mem_free
 .text.lv_mem_get_size
                0x000053f4       0x20 .\CortexM3\ARM_GCC_541\Debug\lv_mem.o
                0x000053f4                lv_mem_get_size
 .text.lv_mem_realloc
                0x00005414       0x74 .\CortexM3\ARM_GCC_541\Debug\lv_mem.o
                0x00005414                lv_mem_realloc
 .text.lv_task_create
                0x00005488       0xd0 .\CortexM3\ARM_GCC_541\Debug\lv_task.o
                0x00005488                lv_task_create
 .text.lv_task_del
                0x00005558       0x30 .\CortexM3\ARM_GCC_541\Debug\lv_task.o
                0x00005558                lv_task_del
 .text.lv_task_exec
                0x00005588       0x4c .\CortexM3\ARM_GCC_541\Debug\lv_task.o
 .text.lv_task_handler
                0x000055d4      0x13c .\CortexM3\ARM_GCC_541\Debug\lv_task.o
                0x000055d4                lv_task_handler
 .text.lv_task_ready
                0x00005710       0x14 .\CortexM3\ARM_GCC_541\Debug\lv_task.o
                0x00005710                lv_task_ready
 .text.lv_task_enable
                0x00005724        0xc .\CortexM3\ARM_GCC_541\Debug\lv_task.o
                0x00005724                lv_task_enable
 .text.lv_task_init
                0x00005730       0x18 .\CortexM3\ARM_GCC_541\Debug\lv_task.o
                0x00005730                lv_task_init
 .text.lv_txt_utf8_size
                0x00005748       0x34 .\CortexM3\ARM_GCC_541\Debug\lv_txt.o
 .text.lv_txt_unicode_to_utf8
                0x0000577c       0xa0 .\CortexM3\ARM_GCC_541\Debug\lv_txt.o
 .text.lv_txt_utf8_conv_wc
                0x0000581c       0x38 .\CortexM3\ARM_GCC_541\Debug\lv_txt.o
 .text.lv_txt_utf8_next
                0x00005854       0xfc .\CortexM3\ARM_GCC_541\Debug\lv_txt.o
 .text.lv_txt_utf8_prev
                0x00005950       0x50 .\CortexM3\ARM_GCC_541\Debug\lv_txt.o
 .text.lv_txt_utf8_get_byte_id
                0x000059a0       0x24 .\CortexM3\ARM_GCC_541\Debug\lv_txt.o
 .text.lv_txt_utf8_get_char_id
                0x000059c4       0x2c .\CortexM3\ARM_GCC_541\Debug\lv_txt.o
 .text.lv_txt_utf8_get_length
                0x000059f0       0x2c .\CortexM3\ARM_GCC_541\Debug\lv_txt.o
 .text.is_break_char
                0x00005a1c       0x20 .\CortexM3\ARM_GCC_541\Debug\lv_txt.o
 .text.lv_txt_is_cmd
                0x00005a3c       0x48 .\CortexM3\ARM_GCC_541\Debug\lv_txt.o
                0x00005a3c                lv_txt_is_cmd
 .text.lv_txt_get_next_line
                0x00005a84      0x21c .\CortexM3\ARM_GCC_541\Debug\lv_txt.o
                0x00005a84                lv_txt_get_next_line
 .text.lv_txt_get_width
                0x00005ca0       0x88 .\CortexM3\ARM_GCC_541\Debug\lv_txt.o
                0x00005ca0                lv_txt_get_width
 .text.lv_txt_get_size
                0x00005d28       0xb0 .\CortexM3\ARM_GCC_541\Debug\lv_txt.o
                0x00005d28                lv_txt_get_size
 .text.lv_label_revert_dots
                0x00005dd8       0x44 .\CortexM3\ARM_GCC_541\Debug\lv_label.o
 .text.lv_label_design
                0x00005e1c      0x118 .\CortexM3\ARM_GCC_541\Debug\lv_label.o
 .text.lv_label_set_align
                0x00005f34       0x24 .\CortexM3\ARM_GCC_541\Debug\lv_label.o
                0x00005f34                lv_label_set_align
 .text.lv_label_set_body_draw
                0x00005f58       0x34 .\CortexM3\ARM_GCC_541\Debug\lv_label.o
                0x00005f58                lv_label_set_body_draw
 .text.lv_label_get_text
                0x00005f8c        0xc .\CortexM3\ARM_GCC_541\Debug\lv_label.o
                0x00005f8c                lv_label_get_text
 .text.lv_label_get_long_mode
                0x00005f98        0xc .\CortexM3\ARM_GCC_541\Debug\lv_label.o
                0x00005f98                lv_label_get_long_mode
 .text.lv_label_get_align
                0x00005fa4       0x10 .\CortexM3\ARM_GCC_541\Debug\lv_label.o
                0x00005fa4                lv_label_get_align
 .text.lv_label_get_recolor
                0x00005fb4       0x10 .\CortexM3\ARM_GCC_541\Debug\lv_label.o
                0x00005fb4                lv_label_get_recolor
 .text.lv_label_get_body_draw
                0x00005fc4       0x10 .\CortexM3\ARM_GCC_541\Debug\lv_label.o
                0x00005fc4                lv_label_get_body_draw
 .text.lv_label_get_letter_on
                0x00005fd4      0x16c .\CortexM3\ARM_GCC_541\Debug\lv_label.o
                0x00005fd4                lv_label_get_letter_on
 .text.lv_label_refr_text
                0x00006140      0x1a0 .\CortexM3\ARM_GCC_541\Debug\lv_label.o
 .text.lv_label_signal
                0x000062e0       0xfc .\CortexM3\ARM_GCC_541\Debug\lv_label.o
 .text.lv_label_set_text
                0x000063dc       0xa4 .\CortexM3\ARM_GCC_541\Debug\lv_label.o
                0x000063dc                lv_label_set_text
 .text.lv_label_set_static_text
                0x00006480       0x34 .\CortexM3\ARM_GCC_541\Debug\lv_label.o
                0x00006480                lv_label_set_static_text
 .text.lv_label_set_long_mode
                0x000064b4       0x4c .\CortexM3\ARM_GCC_541\Debug\lv_label.o
                0x000064b4                lv_label_set_long_mode
 .text.lv_label_set_recolor
                0x00006500       0x2c .\CortexM3\ARM_GCC_541\Debug\lv_label.o
                0x00006500                lv_label_set_recolor
 .text.lv_label_create
                0x0000652c      0x1cc .\CortexM3\ARM_GCC_541\Debug\lv_label.o
                0x0000652c                lv_label_create
 .text.lv_theme_get_current
                0x000066f8        0xc .\CortexM3\ARM_GCC_541\Debug\lv_theme.o
                0x000066f8                lv_theme_get_current
 .text.CyClockStartupError
                0x00006704        0x4 .\CortexM3\ARM_GCC_541\Debug\cyfitter_cfg.o
 .text.cfg_write_bytes32
                0x00006708       0x34 .\CortexM3\ARM_GCC_541\Debug\cyfitter_cfg.o
 .text.AnalogSetDefault
                0x0000673c       0x28 .\CortexM3\ARM_GCC_541\Debug\cyfitter_cfg.o
 .text.CYMEMZERO
                0x00006764        0xc .\CortexM3\ARM_GCC_541\Debug\cyfitter_cfg.o
 .text.ClockSetup
                0x00006770       0xb4 .\CortexM3\ARM_GCC_541\Debug\cyfitter_cfg.o
 .text.CYCONFIGCPY
                0x00006824        0x8 .\CortexM3\ARM_GCC_541\Debug\cyfitter_cfg.o
 .text.cyfitter_cfg
                0x0000682c       0xf0 .\CortexM3\ARM_GCC_541\Debug\cyfitter_cfg.o
                0x0000682c                cyfitter_cfg
 .text.IntDefaultHandler
                0x0000691c       0x10 .\CortexM3\ARM_GCC_541\Debug\Cm3Start.o
                0x0000691c                IntDefaultHandler
 .text._sbrk    0x0000692c       0x30 .\CortexM3\ARM_GCC_541\Debug\Cm3Start.o
                0x0000692c                _sbrk
 .text.Start_c  0x0000695c       0x4c .\CortexM3\ARM_GCC_541\Debug\Cm3Start.o
                0x0000695c                Start_c
 .text.initialize_psoc
                0x000069a8       0x68 .\CortexM3\ARM_GCC_541\Debug\Cm3Start.o
                0x000069a8                initialize_psoc
 .text.I2C_Init
                0x00006a10       0x68 .\CortexM3\ARM_GCC_541\Debug\hello_world_label.a(I2C.o)
                0x00006a10                I2C_Init
 .text.I2C_Enable
                0x00006a78       0x24 .\CortexM3\ARM_GCC_541\Debug\hello_world_label.a(I2C.o)
                0x00006a78                I2C_Enable
 .text.I2C_Start
                0x00006a9c       0x28 .\CortexM3\ARM_GCC_541\Debug\hello_world_label.a(I2C.o)
                0x00006a9c                I2C_Start
 .text.I2C_ISR  0x00006ac4      0x2d0 .\CortexM3\ARM_GCC_541\Debug\hello_world_label.a(I2C_INT.o)
                0x00006ac4                I2C_ISR
 .text.I2C_MasterWriteBuf
                0x00006d94       0xcc .\CortexM3\ARM_GCC_541\Debug\hello_world_label.a(I2C_MASTER.o)
                0x00006d94                I2C_MasterWriteBuf
 .text.I2C_MasterStatus
                0x00006e60       0x38 .\CortexM3\ARM_GCC_541\Debug\hello_world_label.a(I2C_MASTER.o)
                0x00006e60                I2C_MasterStatus
 .text.I2C_MasterClearStatus
                0x00006e98       0x24 .\CortexM3\ARM_GCC_541\Debug\hello_world_label.a(I2C_MASTER.o)
                0x00006e98                I2C_MasterClearStatus
 .text.UART_Log_Start
                0x00006ebc        0x4 .\CortexM3\ARM_GCC_541\Debug\hello_world_label.a(UART_Log.o)
                0x00006ebc                UART_Log_Start
 .text.UART_Log_PutString
                0x00006ec0       0x1c .\CortexM3\ARM_GCC_541\Debug\hello_world_label.a(UART_Log.o)
                0x00006ec0                UART_Log_PutString
 .text.CyHalt   0x00006edc        0x4 .\CortexM3\ARM_GCC_541\Debug\hello_world_label.a(CyLib.o)
                0x00006edc                CyHalt
 .text.CyDelay  0x00006ee0       0x2c .\CortexM3\ARM_GCC_541\Debug\hello_world_label.a(CyLib.o)
                0x00006ee0                CyDelay
 .text.CyIntSetVector
                0x00006f0c       0x28 .\CortexM3\ARM_GCC_541\Debug\hello_world_label.a(CyLib.o)
                0x00006f0c                CyIntSetVector
 .text.CyIntSetPriority
                0x00006f34       0x30 .\CortexM3\ARM_GCC_541\Debug\hello_world_label.a(CyLib.o)
                0x00006f34                CyIntSetPriority
 .text.Timer_Enable
                0x00006f64       0x28 .\CortexM3\ARM_GCC_541\Debug\hello_world_label.a(Timer.o)
                0x00006f64                Timer_Enable
 .text.Timer_SetInterruptMode
                0x00006f8c        0xc .\CortexM3\ARM_GCC_541\Debug\hello_world_label.a(Timer.o)
                0x00006f8c                Timer_SetInterruptMode
 .text.Timer_ReadStatusRegister
                0x00006f98        0xc .\CortexM3\ARM_GCC_541\Debug\hello_world_label.a(Timer.o)
                0x00006f98                Timer_ReadStatusRegister
 .text.Timer_WritePeriod
                0x00006fa4        0xc .\CortexM3\ARM_GCC_541\Debug\hello_world_label.a(Timer.o)
                0x00006fa4                Timer_WritePeriod
 .text.Timer_WriteCounter
                0x00006fb0        0xc .\CortexM3\ARM_GCC_541\Debug\hello_world_label.a(Timer.o)
                0x00006fb0                Timer_WriteCounter
 .text.Timer_Init
                0x00006fbc       0x64 .\CortexM3\ARM_GCC_541\Debug\hello_world_label.a(Timer.o)
                0x00006fbc                Timer_Init
 .text.Timer_Start
                0x00007020       0x1c .\CortexM3\ARM_GCC_541\Debug\hello_world_label.a(Timer.o)
                0x00007020                Timer_Start
 .text.isr_Timer_SetVector
                0x0000703c       0x10 .\CortexM3\ARM_GCC_541\Debug\hello_world_label.a(isr_Timer.o)
                0x0000703c                isr_Timer_SetVector
 .text.isr_Timer_SetPriority
                0x0000704c       0x10 .\CortexM3\ARM_GCC_541\Debug\hello_world_label.a(isr_Timer.o)
                0x0000704c                isr_Timer_SetPriority
 .text.isr_Timer_Enable
                0x0000705c       0x10 .\CortexM3\ARM_GCC_541\Debug\hello_world_label.a(isr_Timer.o)
                0x0000705c                isr_Timer_Enable
 .text.isr_Timer_Disable
                0x0000706c       0x10 .\CortexM3\ARM_GCC_541\Debug\hello_world_label.a(isr_Timer.o)
                0x0000706c                isr_Timer_Disable
 .text.isr_Timer_StartEx
                0x0000707c       0x1c .\CortexM3\ARM_GCC_541\Debug\hello_world_label.a(isr_Timer.o)
                0x0000707c                isr_Timer_StartEx
 .text          0x00007098       0xac .\CortexM3\ARM_GCC_541\Debug\hello_world_label.a(UART_Log_AsmGnu.o)
                0x00007098                UART_Log_PutChar
 *fill*         0x00007144        0x4 
 .text          0x00007148       0x20 .\CortexM3\ARM_GCC_541\Debug\hello_world_label.a(CyBootAsmGnu.o)
                0x00007148                CyDelayCycles
                0x00007158                CyEnterCriticalSection
                0x00007160                CyExitCriticalSection
 .text          0x00007168       0x24 c:/program files (x86)/cypress/psoc creator/4.2/psoc creator/import/gnu/arm/5.4.1/bin/../lib/gcc/arm-none-eabi/5.4.1/armv7-m\libgcc.a(_udivsi3.o)
                0x00007168                __aeabi_uidiv
                0x00007168                __udivsi3
                0x0000717c                __aeabi_uidivmod
 .text          0x0000718c        0x4 c:/program files (x86)/cypress/psoc creator/4.2/psoc creator/import/gnu/arm/5.4.1/bin/../lib/gcc/arm-none-eabi/5.4.1/armv7-m\libgcc.a(_dvmd_tls.o)
                0x0000718c                __aeabi_idiv0
                0x0000718c                __aeabi_ldiv0
 .text.__errno  0x00007190        0xc c:/program files (x86)/cypress/psoc creator/4.2/psoc creator/import/gnu/arm/5.4.1/bin/../lib/gcc/arm-none-eabi/5.4.1/../../../../arm-none-eabi/lib/armv7-m\libg_nano.a(lib_a-errno.o)
                0x00007190                __errno
 .text.__libc_init_array
                0x0000719c       0x4c c:/program files (x86)/cypress/psoc creator/4.2/psoc creator/import/gnu/arm/5.4.1/bin/../lib/gcc/arm-none-eabi/5.4.1/../../../../arm-none-eabi/lib/armv7-m\libg_nano.a(lib_a-init.o)
                0x0000719c                __libc_init_array
 .text.memcpy   0x000071e8       0x16 c:/program files (x86)/cypress/psoc creator/4.2/psoc creator/import/gnu/arm/5.4.1/bin/../lib/gcc/arm-none-eabi/5.4.1/../../../../arm-none-eabi/lib/armv7-m\libg_nano.a(lib_a-memcpy-stub.o)
                0x000071e8                memcpy
 .text.memset   0x000071fe       0x10 c:/program files (x86)/cypress/psoc creator/4.2/psoc creator/import/gnu/arm/5.4.1/bin/../lib/gcc/arm-none-eabi/5.4.1/../../../../arm-none-eabi/lib/armv7-m\libg_nano.a(lib_a-memset.o)
                0x000071fe                memset
 .text.strcpy   0x0000720e       0x10 c:/program files (x86)/cypress/psoc creator/4.2/psoc creator/import/gnu/arm/5.4.1/bin/../lib/gcc/arm-none-eabi/5.4.1/../../../../arm-none-eabi/lib/armv7-m\libg_nano.a(lib_a-strcpy.o)
                0x0000720e                strcpy
 .text          0x0000721e       0x10 c:/program files (x86)/cypress/psoc creator/4.2/psoc creator/import/gnu/arm/5.4.1/bin/../lib/gcc/arm-none-eabi/5.4.1/../../../../arm-none-eabi/lib/armv7-m\libg_nano.a(lib_a-strlen.o)
                0x0000721e                strlen
 .text._vsnprintf_r
                0x0000722e       0x56 c:/program files (x86)/cypress/psoc creator/4.2/psoc creator/import/gnu/arm/5.4.1/bin/../lib/gcc/arm-none-eabi/5.4.1/../../../../arm-none-eabi/lib/armv7-m\libg_nano.a(lib_a-vsnprintf.o)
                0x0000722e                _vsniprintf_r
                0x0000722e                _vsnprintf_r
 .text.vsnprintf
                0x00007284       0x1c c:/program files (x86)/cypress/psoc creator/4.2/psoc creator/import/gnu/arm/5.4.1/bin/../lib/gcc/arm-none-eabi/5.4.1/../../../../arm-none-eabi/lib/armv7-m\libg_nano.a(lib_a-vsnprintf.o)
                0x00007284                vsniprintf
                0x00007284                vsnprintf
 .text.__ssputs_r
                0x000072a0       0xb2 c:/program files (x86)/cypress/psoc creator/4.2/psoc creator/import/gnu/arm/5.4.1/bin/../lib/gcc/arm-none-eabi/5.4.1/../../../../arm-none-eabi/lib/armv7-m\libg_nano.a(lib_a-nano-svfprintf.o)
                0x000072a0                __ssputs_r
 *fill*         0x00007352        0x2 
 .text._svfprintf_r
                0x00007354      0x1e8 c:/program files (x86)/cypress/psoc creator/4.2/psoc creator/import/gnu/arm/5.4.1/bin/../lib/gcc/arm-none-eabi/5.4.1/../../../../arm-none-eabi/lib/armv7-m\libg_nano.a(lib_a-nano-svfprintf.o)
                0x00007354                _svfiprintf_r
                0x00007354                _svfprintf_r
 .text._printf_common
                0x0000753c       0xec c:/program files (x86)/cypress/psoc creator/4.2/psoc creator/import/gnu/arm/5.4.1/bin/../lib/gcc/arm-none-eabi/5.4.1/../../../../arm-none-eabi/lib/armv7-m\libg_nano.a(lib_a-nano-vfprintf_i.o)
                0x0000753c                _printf_common
 .text._printf_i
                0x00007628      0x24c c:/program files (x86)/cypress/psoc creator/4.2/psoc creator/import/gnu/arm/5.4.1/bin/../lib/gcc/arm-none-eabi/5.4.1/../../../../arm-none-eabi/lib/armv7-m\libg_nano.a(lib_a-nano-vfprintf_i.o)
                0x00007628                _printf_i
 .text.memchr   0x00007874       0x1c c:/program files (x86)/cypress/psoc creator/4.2/psoc creator/import/gnu/arm/5.4.1/bin/../lib/gcc/arm-none-eabi/5.4.1/../../../../arm-none-eabi/lib/armv7-m\libg_nano.a(lib_a-memchr-stub.o)
                0x00007874                memchr
 .text.memmove  0x00007890       0x36 c:/program files (x86)/cypress/psoc creator/4.2/psoc creator/import/gnu/arm/5.4.1/bin/../lib/gcc/arm-none-eabi/5.4.1/../../../../arm-none-eabi/lib/armv7-m\libg_nano.a(lib_a-memmove.o)
                0x00007890                memmove
 *fill*         0x000078c6        0x2 
 .text._free_r  0x000078c8       0x98 c:/program files (x86)/cypress/psoc creator/4.2/psoc creator/import/gnu/arm/5.4.1/bin/../lib/gcc/arm-none-eabi/5.4.1/../../../../arm-none-eabi/lib/armv7-m\libg_nano.a(lib_a-nano-freer.o)
                0x000078c8                _free_r
 .text._malloc_r
                0x00007960       0xbc c:/program files (x86)/cypress/psoc creator/4.2/psoc creator/import/gnu/arm/5.4.1/bin/../lib/gcc/arm-none-eabi/5.4.1/../../../../arm-none-eabi/lib/armv7-m\libg_nano.a(lib_a-nano-mallocr.o)
                0x00007960                _malloc_r
 .text._realloc_r
                0x00007a1c       0x4c c:/program files (x86)/cypress/psoc creator/4.2/psoc creator/import/gnu/arm/5.4.1/bin/../lib/gcc/arm-none-eabi/5.4.1/../../../../arm-none-eabi/lib/armv7-m\libg_nano.a(lib_a-nano-reallocr.o)
                0x00007a1c                _realloc_r
 .text._sbrk_r  0x00007a68       0x20 c:/program files (x86)/cypress/psoc creator/4.2/psoc creator/import/gnu/arm/5.4.1/bin/../lib/gcc/arm-none-eabi/5.4.1/../../../../arm-none-eabi/lib/armv7-m\libg_nano.a(lib_a-sbrkr.o)
                0x00007a68                _sbrk_r
 .text.__malloc_lock
                0x00007a88        0x2 c:/program files (x86)/cypress/psoc creator/4.2/psoc creator/import/gnu/arm/5.4.1/bin/../lib/gcc/arm-none-eabi/5.4.1/../../../../arm-none-eabi/lib/armv7-m\libg_nano.a(lib_a-mlock.o)
                0x00007a88                __malloc_lock
 .text.__malloc_unlock
                0x00007a8a        0x2 c:/program files (x86)/cypress/psoc creator/4.2/psoc creator/import/gnu/arm/5.4.1/bin/../lib/gcc/arm-none-eabi/5.4.1/../../../../arm-none-eabi/lib/armv7-m\libg_nano.a(lib_a-mlock.o)
                0x00007a8a                __malloc_unlock
 .text._malloc_usable_size_r
                0x00007a8c       0x14 c:/program files (x86)/cypress/psoc creator/4.2/psoc creator/import/gnu/arm/5.4.1/bin/../lib/gcc/arm-none-eabi/5.4.1/../../../../arm-none-eabi/lib/armv7-m\libg_nano.a(lib_a-nano-msizer.o)
                0x00007a8c                _malloc_usable_size_r
 *(.plt)
 *(.gnu.warning)
 *(.glue_7t)
 .glue_7t       0x00007aa0        0x0 linker stubs
 *(.glue_7)
 .glue_7        0x00007aa0        0x0 linker stubs
 *(.vfp11_veneer)
 .vfp11_veneer  0x00007aa0        0x0 linker stubs
 *(.bootloader)
 *(.ARM.extab* .gnu.linkonce.armextab.*)
 *(.gcc_except_table)

.v4_bx          0x00007aa0        0x0
 .v4_bx         0x00007aa0        0x0 linker stubs

.iplt           0x00007aa0        0x0
 .iplt          0x00007aa0        0x0 c:/program files (x86)/cypress/psoc creator/4.2/psoc creator/import/gnu/arm/5.4.1/bin/../lib/gcc/arm-none-eabi/5.4.1/armv7-m/crtbegin.o

.eh_frame_hdr
 *(.eh_frame_hdr)

.eh_frame       0x00007aa0        0x4
 *(.eh_frame)
 .eh_frame      0x00007aa0        0x0 c:/program files (x86)/cypress/psoc creator/4.2/psoc creator/import/gnu/arm/5.4.1/bin/../lib/gcc/arm-none-eabi/5.4.1/armv7-m/crtbegin.o
 .eh_frame      0x00007aa0        0x4 c:/program files (x86)/cypress/psoc creator/4.2/psoc creator/import/gnu/arm/5.4.1/bin/../lib/gcc/arm-none-eabi/5.4.1/armv7-m/crtend.o
                [!provide]                PROVIDE (__exidx_start, .)

.ARM.exidx
 *(.ARM.exidx* .gnu.linkonce.armexidx.*)
                0x00007aa4                __exidx_end = .

.rodata         0x00007aa4      0x9e4
 *(.rodata .rodata.* .gnu.linkonce.r.*)
 .rodata.str1.4
                0x00007aa4       0x19 .\CortexM3\ARM_GCC_541\Debug\main.o
 *fill*         0x00007abd        0x3 
 .rodata.str1.4
                0x00007ac0        0x3 .\CortexM3\ARM_GCC_541\Debug\DBG.o
 *fill*         0x00007ac3        0x1 
 .rodata.str1.4
                0x00007ac4       0x44 .\CortexM3\ARM_GCC_541\Debug\lv_indev.o
 .rodata.str1.4
                0x00007b08       0xf7 .\CortexM3\ARM_GCC_541\Debug\lv_obj.o
 *fill*         0x00007bff        0x1 
 .rodata.str1.4
                0x00007c00       0xda .\CortexM3\ARM_GCC_541\Debug\lv_refr.o
 *fill*         0x00007cda        0x2 
 .rodata.str1.4
                0x00007cdc       0x19 .\CortexM3\ARM_GCC_541\Debug\lv_vdb.o
                                 0x2d (size before relaxing)
 *fill*         0x00007cf5        0x3 
 .rodata        0x00007cf8       0x60 .\CortexM3\ARM_GCC_541\Debug\lv_draw.o
                0x00007d48                map_fp
                0x00007d4c                letter_fp
                0x00007d50                fill_fp
                0x00007d54                px_fp
 .rodata        0x00007d58        0x8 .\CortexM3\ARM_GCC_541\Debug\lv_draw_rect.o
 .rodata        0x00007d60       0x14 .\CortexM3\ARM_GCC_541\Debug\lv_draw_vbasic.o
 .rodata.str1.4
                0x00007d74       0x47 .\CortexM3\ARM_GCC_541\Debug\lv_draw_vbasic.o
                                 0x5b (size before relaxing)
 *fill*         0x00007dbb        0x1 
 .rodata        0x00007dbc      0x474 .\CortexM3\ARM_GCC_541\Debug\lv_font_monospace_8.o
 .rodata.str1.4
                0x00008230       0x67 .\CortexM3\ARM_GCC_541\Debug\lv_hal_disp.o
                                 0x77 (size before relaxing)
 *fill*         0x00008297        0x1 
 .rodata.str1.4
                0x00008298       0x62 .\CortexM3\ARM_GCC_541\Debug\lv_hal_indev.o
 *fill*         0x000082fa        0x2 
 .rodata.str1.4
                0x000082fc       0x35 .\CortexM3\ARM_GCC_541\Debug\lv_mem.o
 *fill*         0x00008331        0x3 
 .rodata.str1.4
                0x00008334       0x4a .\CortexM3\ARM_GCC_541\Debug\lv_task.o
                                 0x5a (size before relaxing)
 *fill*         0x0000837e        0x2 
 .rodata.str1.4
                0x00008380        0x8 .\CortexM3\ARM_GCC_541\Debug\lv_txt.o
 .rodata.str1.4
                0x00008388       0x58 .\CortexM3\ARM_GCC_541\Debug\lv_label.o
                                 0x66 (size before relaxing)
 .rodata        0x000083e0       0x3c .\CortexM3\ARM_GCC_541\Debug\cyfitter_cfg.o
 .rodata.str1.1
                0x0000841c        0x2 c:/program files (x86)/cypress/psoc creator/4.2/psoc creator/import/gnu/arm/5.4.1/bin/../lib/gcc/arm-none-eabi/5.4.1/../../../../arm-none-eabi/lib/armv7-m\libg_nano.a(lib_a-impure.o)
 .rodata.str1.1
                0x0000841e       0x11 c:/program files (x86)/cypress/psoc creator/4.2/psoc creator/import/gnu/arm/5.4.1/bin/../lib/gcc/arm-none-eabi/5.4.1/../../../../arm-none-eabi/lib/armv7-m\libg_nano.a(lib_a-nano-svfprintf.o)
 .rodata.str1.1
                0x0000842f       0x22 c:/program files (x86)/cypress/psoc creator/4.2/psoc creator/import/gnu/arm/5.4.1/bin/../lib/gcc/arm-none-eabi/5.4.1/../../../../arm-none-eabi/lib/armv7-m\libg_nano.a(lib_a-nano-vfprintf_i.o)
                0x00008454                . = ALIGN (0x4)
 *fill*         0x00008451        0x3 
 *(.init)
 .init          0x00008454        0x4 c:/program files (x86)/cypress/psoc creator/4.2/psoc creator/import/gnu/arm/5.4.1/bin/../lib/gcc/arm-none-eabi/5.4.1/armv7-m/crti.o
                0x00008454                _init
 .init          0x00008458        0x8 c:/program files (x86)/cypress/psoc creator/4.2/psoc creator/import/gnu/arm/5.4.1/bin/../lib/gcc/arm-none-eabi/5.4.1/armv7-m/crtn.o
                0x00008460                . = ALIGN (0x4)
                0x00008460                __preinit_array_start = .
 *(.preinit_array)
                0x00008460                __preinit_array_end = .
                0x00008460                . = ALIGN (0x4)
                0x00008460                __init_array_start = .
 *(SORT(.init_array.*))
 *(.init_array)
 .init_array    0x00008460        0x4 c:/program files (x86)/cypress/psoc creator/4.2/psoc creator/import/gnu/arm/5.4.1/bin/../lib/gcc/arm-none-eabi/5.4.1/armv7-m/crtbegin.o
 .init_array    0x00008464        0x4 .\CortexM3\ARM_GCC_541\Debug\Cm3Start.o
                0x00008468                __init_array_end = .
                0x00008468                . = ALIGN (0x4)
 *(.fini)
 .fini          0x00008468        0x4 c:/program files (x86)/cypress/psoc creator/4.2/psoc creator/import/gnu/arm/5.4.1/bin/../lib/gcc/arm-none-eabi/5.4.1/armv7-m/crti.o
                0x00008468                _fini
 .fini          0x0000846c        0x8 c:/program files (x86)/cypress/psoc creator/4.2/psoc creator/import/gnu/arm/5.4.1/bin/../lib/gcc/arm-none-eabi/5.4.1/armv7-m/crtn.o
                0x00008474                . = ALIGN (0x4)
                0x00008474                __fini_array_start = .
 *(.fini_array)
 .fini_array    0x00008474        0x4 c:/program files (x86)/cypress/psoc creator/4.2/psoc creator/import/gnu/arm/5.4.1/bin/../lib/gcc/arm-none-eabi/5.4.1/armv7-m/crtbegin.o
 *(SORT(.fini_array.*))
                0x00008478                __fini_array_end = .
                0x00008478                . = ALIGN (0x4)
 *crtbegin.o(.ctors)
 *(EXCLUDE_FILE(*crtend.o) .ctors)
 *(SORT(.ctors.*))
 *crtend.o(.ctors)
                0x00008478                . = ALIGN (0x4)
 *crtbegin.o(.dtors)
 *(EXCLUDE_FILE(*crtend.o) .dtors)
 *(SORT(.dtors.*))
 *crtend.o(.dtors)
                0x00008478                . = ALIGN (0x4)
                0x00008478                __cy_regions = .
                0x00008478        0x4 LONG 0x8488 __cy_region_init_ram
                0x0000847c        0x4 LONG 0x1fff80c8 __cy_region_start_data
                0x00008480        0x4 LONG 0xe0 __cy_region_init_size_ram
                0x00008484        0x4 LONG 0x8bf0 __cy_region_zero_size_ram
                0x00008488                __cy_regions_end = .
                0x00008488                . = ALIGN (0x8)
                0x00008488                _etext = .

.cy_checksum_exclude
                0x00008488        0x0
 *(.cy_checksum_exclude)

.ramvectors     0x1fff8000       0xc0
                0x1fff8000                __cy_region_start_ram = .
 *(.ramvectors)
 .ramvectors    0x1fff8000       0xc0 .\CortexM3\ARM_GCC_541\Debug\Cm3Start.o
                0x1fff8000                CyRamVectors

.noinit         0x1fff80c0        0x1
 *(.noinit)
 .noinit        0x1fff80c0        0x1 .\CortexM3\ARM_GCC_541\Debug\hello_world_label.a(CyLib.o)
                0x1fff80c0                CyResetStatus

.data           0x1fff80c8       0xe0 load address 0x00008488
                0x1fff80c8                __cy_region_start_data = .
 *(.jcr)
 .jcr           0x1fff80c8        0x0 c:/program files (x86)/cypress/psoc creator/4.2/psoc creator/import/gnu/arm/5.4.1/bin/../lib/gcc/arm-none-eabi/5.4.1/armv7-m/crtbegin.o
 .jcr           0x1fff80c8        0x4 c:/program files (x86)/cypress/psoc creator/4.2/psoc creator/import/gnu/arm/5.4.1/bin/../lib/gcc/arm-none-eabi/5.4.1/armv7-m/crtend.o
 *(.got.plt)
 *(.got)
 *(.shdata)
 *(.data .data.* .gnu.linkonce.d.*)
 .data          0x1fff80cc        0xc .\CortexM3\ARM_GCC_541\Debug\lv_vdb.o
 .data          0x1fff80d8       0x28 .\CortexM3\ARM_GCC_541\Debug\lv_font_monospace_8.o
                0x1fff80d8                lv_font_monospace_8
 .data          0x1fff8100       0x20 .\CortexM3\ARM_GCC_541\Debug\lv_txt.o
                0x1fff8100                lv_txt_encoded_size
                0x1fff8104                lv_txt_encoded_next
                0x1fff8108                lv_txt_encoded_prev
                0x1fff810c                lv_txt_encoded_get_byte_id
                0x1fff8110                lv_txt_get_encoded_length
                0x1fff8114                lv_encoded_get_char_id
                0x1fff8118                lv_txt_encoded_conv_wc
                0x1fff811c                lv_txt_unicode_to_encoded
 .data          0x1fff8120        0x4 .\CortexM3\ARM_GCC_541\Debug\Cm3Start.o
 .data          0x1fff8124        0xc .\CortexM3\ARM_GCC_541\Debug\hello_world_label.a(UART_Log.o)
                0x1fff8124                UART_Log_pinDrAdress
                0x1fff8128                UART_Log_pinPortNumber
                0x1fff812c                UART_Log_pinNumber
 .data          0x1fff8130       0x10 .\CortexM3\ARM_GCC_541\Debug\hello_world_label.a(CyLib.o)
                0x1fff8130                cydelay_32k_ms
                0x1fff8134                cydelay_freq_khz
                0x1fff8138                cydelay_freq_mhz
                0x1fff813c                cydelay_freq_hz
 .data.impure_data
                0x1fff8140       0x60 c:/program files (x86)/cypress/psoc creator/4.2/psoc creator/import/gnu/arm/5.4.1/bin/../lib/gcc/arm-none-eabi/5.4.1/../../../../arm-none-eabi/lib/armv7-m\libg_nano.a(lib_a-impure.o)
 .data._impure_ptr
                0x1fff81a0        0x4 c:/program files (x86)/cypress/psoc creator/4.2/psoc creator/import/gnu/arm/5.4.1/bin/../lib/gcc/arm-none-eabi/5.4.1/../../../../arm-none-eabi/lib/armv7-m\libg_nano.a(lib_a-impure.o)
                0x1fff81a0                _impure_ptr
                0x1fff81a8                . = ALIGN (0x8)
 *fill*         0x1fff81a4        0x4 
 *(.ram)
                0x1fff81a8                _edata = .

.igot.plt       0x1fff81a8        0x0 load address 0x00008568
 .igot.plt      0x1fff81a8        0x0 c:/program files (x86)/cypress/psoc creator/4.2/psoc creator/import/gnu/arm/5.4.1/bin/../lib/gcc/arm-none-eabi/5.4.1/armv7-m/crtbegin.o

.bss            0x1fff81a8     0x8bf0 load address 0x00008568
                0x1fff81a8                PROVIDE (__bss_start__, .)
 *(.shbss)
 *(.bss .bss.* .gnu.linkonce.b.*)
 .bss           0x1fff81a8       0x1c c:/program files (x86)/cypress/psoc creator/4.2/psoc creator/import/gnu/arm/5.4.1/bin/../lib/gcc/arm-none-eabi/5.4.1/armv7-m/crtbegin.o
 .bss           0x1fff81c4      0x1f4 .\CortexM3\ARM_GCC_541\Debug\DBG.o
                0x1fff81c4                buffer
 .bss           0x1fff83b8        0x4 .\CortexM3\ARM_GCC_541\Debug\lv_indev.o
 .bss           0x1fff83bc      0x150 .\CortexM3\ARM_GCC_541\Debug\lv_refr.o
 .bss           0x1fff850c      0x504 .\CortexM3\ARM_GCC_541\Debug\lv_vdb.o
 .bss           0x1fff8a10        0x4 .\CortexM3\ARM_GCC_541\Debug\lv_hal_disp.o
 .bss           0x1fff8a14        0x8 .\CortexM3\ARM_GCC_541\Debug\lv_hal_tick.o
 .bss           0x1fff8a1c        0x4 .\CortexM3\ARM_GCC_541\Debug\lv_log.o
 .bss           0x1fff8a20     0x8008 .\CortexM3\ARM_GCC_541\Debug\lv_mem.o
 .bss           0x20000a28       0x11 .\CortexM3\ARM_GCC_541\Debug\lv_task.o
 *fill*         0x20000a39        0x3 
 .bss           0x20000a3c        0x4 .\CortexM3\ARM_GCC_541\Debug\lv_label.o
 .bss           0x20000a40        0x4 .\CortexM3\ARM_GCC_541\Debug\lv_theme.o
 .bss           0x20000a44        0x1 .\CortexM3\ARM_GCC_541\Debug\hello_world_label.a(I2C.o)
                0x20000a44                I2C_initVar
 .bss           0x20000a45        0x1 .\CortexM3\ARM_GCC_541\Debug\hello_world_label.a(Timer.o)
                0x20000a45                Timer_initVar
 *fill*         0x20000a46        0x2 
 .bss.__malloc_sbrk_start
                0x20000a48        0x4 c:/program files (x86)/cypress/psoc creator/4.2/psoc creator/import/gnu/arm/5.4.1/bin/../lib/gcc/arm-none-eabi/5.4.1/../../../../arm-none-eabi/lib/armv7-m\libg_nano.a(lib_a-nano-mallocr.o)
                0x20000a48                __malloc_sbrk_start
 .bss.__malloc_free_list
                0x20000a4c        0x4 c:/program files (x86)/cypress/psoc creator/4.2/psoc creator/import/gnu/arm/5.4.1/bin/../lib/gcc/arm-none-eabi/5.4.1/../../../../arm-none-eabi/lib/armv7-m\libg_nano.a(lib_a-nano-mallocr.o)
                0x20000a4c                __malloc_free_list
 *(COMMON)
 COMMON         0x20000a50      0x2d8 .\CortexM3\ARM_GCC_541\Debug\lv_style.o
                0x20000a50                lv_style_pretty_color
                0x20000a88                lv_style_transp
                0x20000ac0                lv_style_btn_rel
                0x20000af8                lv_style_btn_pr
                0x20000b30                lv_style_pretty
                0x20000b68                lv_style_transp_tight
                0x20000ba0                lv_style_btn_ina
                0x20000bd8                lv_style_transp_fit
                0x20000c10                lv_style_plain
                0x20000c48                lv_style_btn_tgl_rel
                0x20000c80                lv_style_scr
                0x20000cb8                lv_style_btn_tgl_pr
                0x20000cf0                lv_style_plain_color
 COMMON         0x20000d28       0x58 .\CortexM3\ARM_GCC_541\Debug\lv_gc.o
                0x20000d28                _lv_task_ll
                0x20000d34                _lv_top_layer
                0x20000d38                _lv_act_scr
                0x20000d3c                _lv_def_scr
                0x20000d40                _lv_drv_ll
                0x20000d4c                _lv_scr_ll
                0x20000d58                _lv_task_act
                0x20000d5c                _lv_sys_layer
                0x20000d60                _lv_indev_list
                0x20000d64                _lv_anim_ll
                0x20000d70                _lv_file_ll
                0x20000d7c                _lv_disp_list
 COMMON         0x20000d80        0x1 .\CortexM3\ARM_GCC_541\Debug\hello_world_label.a(I2C.o)
                0x20000d80                I2C_state
 *fill*         0x20000d81        0x3 
 COMMON         0x20000d84       0x10 .\CortexM3\ARM_GCC_541\Debug\hello_world_label.a(I2C_MASTER.o)
                0x20000d84                I2C_mstrWrBufIndex
                0x20000d85                I2C_mstrWrBufSize
                0x20000d86                I2C_mstrStatus
                0x20000d88                I2C_mstrRdBufPtr
                0x20000d8c                I2C_mstrControl
                0x20000d8d                I2C_mstrRdBufSize
                0x20000d8e                I2C_mstrRdBufIndex
                0x20000d90                I2C_mstrWrBufPtr
 COMMON         0x20000d94        0x4 c:/program files (x86)/cypress/psoc creator/4.2/psoc creator/import/gnu/arm/5.4.1/bin/../lib/gcc/arm-none-eabi/5.4.1/../../../../arm-none-eabi/lib/armv7-m\libg_nano.a(lib_a-reent.o)
                0x20000d94                errno
                0x20000d98                . = ALIGN (0x8)
 *(.ram.b)
                0x20000d98                _end = .
                0x20000d98                __end = .
                0x20000d98                PROVIDE (end, .)
                0x20000d98                PROVIDE (__bss_end__, .)
                0x00008488                __cy_region_init_ram = LOADADDR (.data)
                0x000000e0                __cy_region_init_size_ram = (_edata - ADDR (.data))
                0x00008bf0                __cy_region_zero_size_ram = (_end - _edata)

.heap           0x20000d98       0x80 load address 0x00008568
                0x20000d98                . = _end
                0x20000e18                . = (. + 0x80)
 *fill*         0x20000d98       0x80 
                0x20000e18                __cy_heap_limit = .

.stack          0x20007800      0x800
                0x20007800                __cy_stack_limit = .
                0x20008000                . = (. + 0x800)
 *fill*         0x20007800      0x800 
                0x00000001                ASSERT ((__cy_stack_limit >= __cy_heap_limit), region RAM overflowed with stack)
                0x00000000                cy_checksum_exclude_size = (CY_APPL_LOADABLE == 0x1)?SIZEOF (.cy_checksum_exclude):0x0
                0x00000001                ASSERT ((cy_checksum_exclude_size <= CY_CHECKSUM_EXCLUDE_SIZE), CY_BOOT: Section .cy_checksum_exclude size exceedes specified limit.)

.cyloadermeta
 *(.cyloadermeta)

.cyloadablemeta
 *(.cyloadablemeta)

.cyconfigecc    0x80000000       0xd4
 *(.cyconfigecc)
 .cyconfigecc   0x80000000       0xd4 .\CortexM3\ARM_GCC_541\Debug\cymetadata.o
                0x80000000                cy_meta_configecc

.cycustnvl      0x90000000        0x4
 *(.cycustnvl)
 .cycustnvl     0x90000000        0x4 .\CortexM3\ARM_GCC_541\Debug\cymetadata.o
                0x90000000                cy_meta_custnvl

.cywolatch      0x90100000        0x4
 *(.cywolatch)
 .cywolatch     0x90100000        0x4 .\CortexM3\ARM_GCC_541\Debug\cymetadata.o
                0x90100000                cy_meta_wonvl

.cyeeprom       0x90200000        0x0
 *(.cyeeprom)
                0x00000001                ASSERT ((. <= ((0x90200000 + ee_offset) + ee_size)), .cyeeprom data will not fit in EEPROM)

.cyflashprotect
                0x90400000      0x100
 *(.cyflashprotect)
 .cyflashprotect
                0x90400000      0x100 .\CortexM3\ARM_GCC_541\Debug\cymetadata.o
                0x90400000                cy_meta_flashprotect

.cymeta         0x90500000        0xc
 *(.cymeta)
 .cymeta        0x90500000        0xc .\CortexM3\ARM_GCC_541\Debug\cymetadata.o
                0x90500000                cy_metadata

.rel.dyn        0x00008568        0x0 load address 0x9050000c
 .rel.iplt      0x00008568        0x0 c:/program files (x86)/cypress/psoc creator/4.2/psoc creator/import/gnu/arm/5.4.1/bin/../lib/gcc/arm-none-eabi/5.4.1/armv7-m/crtbegin.o

.stab
 *(.stab)

.stabstr
 *(.stabstr)

.debug
 *(.debug)

.line
 *(.line)

.debug_srcinfo
 *(.debug_srcinfo)

.debug_sfnames
 *(.debug_sfnames)

.debug_aranges  0x00000000     0x1700
 *(.debug_aranges)
 .debug_aranges
                0x00000000       0x38 .\CortexM3\ARM_GCC_541\Debug\main.o
 .debug_aranges
                0x00000038       0x28 .\CortexM3\ARM_GCC_541\Debug\DBG.o
 .debug_aranges
                0x00000060       0x48 .\CortexM3\ARM_GCC_541\Debug\SSD1306.o
 .debug_aranges
                0x000000a8       0x18 .\CortexM3\ARM_GCC_541\Debug\lv_group.o
 .debug_aranges
                0x000000c0       0xe0 .\CortexM3\ARM_GCC_541\Debug\lv_indev.o
 .debug_aranges
                0x000001a0      0x268 .\CortexM3\ARM_GCC_541\Debug\lv_obj.o
 .debug_aranges
                0x00000408       0x90 .\CortexM3\ARM_GCC_541\Debug\lv_refr.o
 .debug_aranges
                0x00000498       0x30 .\CortexM3\ARM_GCC_541\Debug\lv_style.o
 .debug_aranges
                0x000004c8       0x50 .\CortexM3\ARM_GCC_541\Debug\lv_vdb.o
 .debug_aranges
                0x00000518       0x30 .\CortexM3\ARM_GCC_541\Debug\lv_draw.o
 .debug_aranges
                0x00000548       0x48 .\CortexM3\ARM_GCC_541\Debug\lv_draw_arc.o
 .debug_aranges
                0x00000590       0x80 .\CortexM3\ARM_GCC_541\Debug\lv_draw_img.o
 .debug_aranges
                0x00000610       0x28 .\CortexM3\ARM_GCC_541\Debug\lv_draw_label.o
 .debug_aranges
                0x00000638       0x58 .\CortexM3\ARM_GCC_541\Debug\lv_draw_line.o
 .debug_aranges
                0x00000690       0x50 .\CortexM3\ARM_GCC_541\Debug\lv_draw_rect.o
 .debug_aranges
                0x000006e0       0x28 .\CortexM3\ARM_GCC_541\Debug\lv_draw_triangle.o
 .debug_aranges
                0x00000708       0x48 .\CortexM3\ARM_GCC_541\Debug\lv_draw_vbasic.o
 .debug_aranges
                0x00000750       0x20 .\CortexM3\ARM_GCC_541\Debug\lv_font_builtin.o
 .debug_aranges
                0x00000770       0x18 .\CortexM3\ARM_GCC_541\Debug\lv_font_dejavu_10.o
 .debug_aranges
                0x00000788       0x18 .\CortexM3\ARM_GCC_541\Debug\lv_font_dejavu_10_cyrillic.o
 .debug_aranges
                0x000007a0       0x18 .\CortexM3\ARM_GCC_541\Debug\lv_font_dejavu_10_latin_sup.o
 .debug_aranges
                0x000007b8       0x18 .\CortexM3\ARM_GCC_541\Debug\lv_font_dejavu_20.o
 .debug_aranges
                0x000007d0       0x18 .\CortexM3\ARM_GCC_541\Debug\lv_font_dejavu_20_cyrillic.o
 .debug_aranges
                0x000007e8       0x18 .\CortexM3\ARM_GCC_541\Debug\lv_font_dejavu_20_latin_sup.o
 .debug_aranges
                0x00000800       0x18 .\CortexM3\ARM_GCC_541\Debug\lv_font_dejavu_30.o
 .debug_aranges
                0x00000818       0x18 .\CortexM3\ARM_GCC_541\Debug\lv_font_dejavu_30_cyrillic.o
 .debug_aranges
                0x00000830       0x18 .\CortexM3\ARM_GCC_541\Debug\lv_font_dejavu_30_latin_sup.o
 .debug_aranges
                0x00000848       0x18 .\CortexM3\ARM_GCC_541\Debug\lv_font_dejavu_40.o
 .debug_aranges
                0x00000860       0x18 .\CortexM3\ARM_GCC_541\Debug\lv_font_dejavu_40_cyrillic.o
 .debug_aranges
                0x00000878       0x18 .\CortexM3\ARM_GCC_541\Debug\lv_font_dejavu_40_latin_sup.o
 .debug_aranges
                0x00000890       0x18 .\CortexM3\ARM_GCC_541\Debug\lv_font_monospace_8.o
 .debug_aranges
                0x000008a8       0x18 .\CortexM3\ARM_GCC_541\Debug\lv_font_symbol_10.o
 .debug_aranges
                0x000008c0       0x18 .\CortexM3\ARM_GCC_541\Debug\lv_font_symbol_20.o
 .debug_aranges
                0x000008d8       0x18 .\CortexM3\ARM_GCC_541\Debug\lv_font_symbol_30.o
 .debug_aranges
                0x000008f0       0x18 .\CortexM3\ARM_GCC_541\Debug\lv_font_symbol_40.o
 .debug_aranges
                0x00000908       0x58 .\CortexM3\ARM_GCC_541\Debug\lv_hal_disp.o
 .debug_aranges
                0x00000960       0x38 .\CortexM3\ARM_GCC_541\Debug\lv_hal_indev.o
 .debug_aranges
                0x00000998       0x30 .\CortexM3\ARM_GCC_541\Debug\lv_hal_tick.o
 .debug_aranges
                0x000009c8       0x68 .\CortexM3\ARM_GCC_541\Debug\lv_area.o
 .debug_aranges
                0x00000a30       0x30 .\CortexM3\ARM_GCC_541\Debug\lv_circ.o
 .debug_aranges
                0x00000a60       0x28 .\CortexM3\ARM_GCC_541\Debug\lv_color.o
 .debug_aranges
                0x00000a88       0x78 .\CortexM3\ARM_GCC_541\Debug\lv_font.o
 .debug_aranges
                0x00000b00       0x18 .\CortexM3\ARM_GCC_541\Debug\lv_gc.o
 .debug_aranges
                0x00000b18       0x90 .\CortexM3\ARM_GCC_541\Debug\lv_ll.o
 .debug_aranges
                0x00000ba8       0x28 .\CortexM3\ARM_GCC_541\Debug\lv_log.o
 .debug_aranges
                0x00000bd0       0x30 .\CortexM3\ARM_GCC_541\Debug\lv_math.o
 .debug_aranges
                0x00000c00       0x68 .\CortexM3\ARM_GCC_541\Debug\lv_mem.o
 .debug_aranges
                0x00000c68       0x78 .\CortexM3\ARM_GCC_541\Debug\lv_task.o
 .debug_aranges
                0x00000ce0       0x90 .\CortexM3\ARM_GCC_541\Debug\lv_txt.o
 .debug_aranges
                0x00000d70       0x18 .\CortexM3\ARM_GCC_541\Debug\lv_canvas.o
 .debug_aranges
                0x00000d88       0xd0 .\CortexM3\ARM_GCC_541\Debug\lv_label.o
 .debug_aranges
                0x00000e58       0x28 .\CortexM3\ARM_GCC_541\Debug\lv_theme.o
 .debug_aranges
                0x00000e80       0x18 .\CortexM3\ARM_GCC_541\Debug\lv_theme_alien.o
 .debug_aranges
                0x00000e98       0x18 .\CortexM3\ARM_GCC_541\Debug\lv_theme_default.o
 .debug_aranges
                0x00000eb0       0x18 .\CortexM3\ARM_GCC_541\Debug\lv_theme_material.o
 .debug_aranges
                0x00000ec8       0x38 .\CortexM3\ARM_GCC_541\Debug\lv_theme_mono.o
 .debug_aranges
                0x00000f00       0x18 .\CortexM3\ARM_GCC_541\Debug\lv_theme_nemo.o
 .debug_aranges
                0x00000f18       0x18 .\CortexM3\ARM_GCC_541\Debug\lv_theme_night.o
 .debug_aranges
                0x00000f30       0x18 .\CortexM3\ARM_GCC_541\Debug\lv_theme_templ.o
 .debug_aranges
                0x00000f48       0x18 .\CortexM3\ARM_GCC_541\Debug\lv_theme_zen.o
 .debug_aranges
                0x00000f60       0x58 .\CortexM3\ARM_GCC_541\Debug\cyfitter_cfg.o
 .debug_aranges
                0x00000fb8       0x18 .\CortexM3\ARM_GCC_541\Debug\cymetadata.o
 .debug_aranges
                0x00000fd0       0x48 .\CortexM3\ARM_GCC_541\Debug\Cm3Start.o
 .debug_aranges
                0x00001018       0x38 .\CortexM3\ARM_GCC_541\Debug\hello_world_label.a(I2C.o)
 .debug_aranges
                0x00001050       0x20 .\CortexM3\ARM_GCC_541\Debug\hello_world_label.a(I2C_INT.o)
 .debug_aranges
                0x00001070       0x38 .\CortexM3\ARM_GCC_541\Debug\hello_world_label.a(I2C_PM.o)
 .debug_aranges
                0x000010a8       0x80 .\CortexM3\ARM_GCC_541\Debug\hello_world_label.a(I2C_MASTER.o)
 .debug_aranges
                0x00001128       0x50 .\CortexM3\ARM_GCC_541\Debug\hello_world_label.a(UART_Log.o)
 .debug_aranges
                0x00001178      0x2a0 .\CortexM3\ARM_GCC_541\Debug\hello_world_label.a(CyLib.o)
 .debug_aranges
                0x00001418       0x98 .\CortexM3\ARM_GCC_541\Debug\hello_world_label.a(cyPm.o)
 .debug_aranges
                0x000014b0       0x88 .\CortexM3\ARM_GCC_541\Debug\hello_world_label.a(Timer.o)
 .debug_aranges
                0x00001538       0x80 .\CortexM3\ARM_GCC_541\Debug\hello_world_label.a(isr_Timer.o)
 .debug_aranges
                0x000015b8       0x20 .\CortexM3\ARM_GCC_541\Debug\hello_world_label.a(UART_Log_AsmGnu.o)
 .debug_aranges
                0x000015d8       0x20 .\CortexM3\ARM_GCC_541\Debug\hello_world_label.a(CyBootAsmGnu.o)
 .debug_aranges
                0x000015f8       0x88 .\CortexM3\ARM_GCC_541\Debug\hello_world_label.a(CyFlash.o)
 .debug_aranges
                0x00001680       0x80 .\CortexM3\ARM_GCC_541\Debug\hello_world_label.a(CySpc.o)

.debug_pubnames
 *(.debug_pubnames)

.debug_info     0x00000000    0x1e4bd
 *(.debug_info .gnu.linkonce.wi.*)
 .debug_info    0x00000000      0xe3e .\CortexM3\ARM_GCC_541\Debug\main.o
 .debug_info    0x00000e3e      0x200 .\CortexM3\ARM_GCC_541\Debug\DBG.o
 .debug_info    0x0000103e      0x660 .\CortexM3\ARM_GCC_541\Debug\SSD1306.o
 .debug_info    0x0000169e       0x80 .\CortexM3\ARM_GCC_541\Debug\lv_group.o
 .debug_info    0x0000171e     0x1a32 .\CortexM3\ARM_GCC_541\Debug\lv_indev.o
 .debug_info    0x00003150     0x3723 .\CortexM3\ARM_GCC_541\Debug\lv_obj.o
 .debug_info    0x00006873     0x16a2 .\CortexM3\ARM_GCC_541\Debug\lv_refr.o
 .debug_info    0x00007f15      0x895 .\CortexM3\ARM_GCC_541\Debug\lv_style.o
 .debug_info    0x000087aa      0x2ee .\CortexM3\ARM_GCC_541\Debug\lv_vdb.o
 .debug_info    0x00008a98      0x7ee .\CortexM3\ARM_GCC_541\Debug\lv_draw.o
 .debug_info    0x00009286      0xd4f .\CortexM3\ARM_GCC_541\Debug\lv_draw_arc.o
 .debug_info    0x00009fd5     0x1410 .\CortexM3\ARM_GCC_541\Debug\lv_draw_img.o
 .debug_info    0x0000b3e5      0xb9c .\CortexM3\ARM_GCC_541\Debug\lv_draw_label.o
 .debug_info    0x0000bf81     0x1060 .\CortexM3\ARM_GCC_541\Debug\lv_draw_line.o
 .debug_info    0x0000cfe1     0x2afa .\CortexM3\ARM_GCC_541\Debug\lv_draw_rect.o
 .debug_info    0x0000fadb      0x443 .\CortexM3\ARM_GCC_541\Debug\lv_draw_triangle.o
 .debug_info    0x0000ff1e     0x12d8 .\CortexM3\ARM_GCC_541\Debug\lv_draw_vbasic.o
 .debug_info    0x000111f6       0x84 .\CortexM3\ARM_GCC_541\Debug\lv_font_builtin.o
 .debug_info    0x0001127a       0x6b .\CortexM3\ARM_GCC_541\Debug\lv_font_dejavu_10.o
 .debug_info    0x000112e5       0x6b .\CortexM3\ARM_GCC_541\Debug\lv_font_dejavu_10_cyrillic.o
 .debug_info    0x00011350       0x6b .\CortexM3\ARM_GCC_541\Debug\lv_font_dejavu_10_latin_sup.o
 .debug_info    0x000113bb       0x6b .\CortexM3\ARM_GCC_541\Debug\lv_font_dejavu_20.o
 .debug_info    0x00011426       0x6b .\CortexM3\ARM_GCC_541\Debug\lv_font_dejavu_20_cyrillic.o
 .debug_info    0x00011491       0x6b .\CortexM3\ARM_GCC_541\Debug\lv_font_dejavu_20_latin_sup.o
 .debug_info    0x000114fc       0x6b .\CortexM3\ARM_GCC_541\Debug\lv_font_dejavu_30.o
 .debug_info    0x00011567       0x6b .\CortexM3\ARM_GCC_541\Debug\lv_font_dejavu_30_cyrillic.o
 .debug_info    0x000115d2       0x6b .\CortexM3\ARM_GCC_541\Debug\lv_font_dejavu_30_latin_sup.o
 .debug_info    0x0001163d       0x6b .\CortexM3\ARM_GCC_541\Debug\lv_font_dejavu_40.o
 .debug_info    0x000116a8       0x6b .\CortexM3\ARM_GCC_541\Debug\lv_font_dejavu_40_cyrillic.o
 .debug_info    0x00011713       0x6b .\CortexM3\ARM_GCC_541\Debug\lv_font_dejavu_40_latin_sup.o
 .debug_info    0x0001177e      0x273 .\CortexM3\ARM_GCC_541\Debug\lv_font_monospace_8.o
 .debug_info    0x000119f1       0x6b .\CortexM3\ARM_GCC_541\Debug\lv_font_symbol_10.o
 .debug_info    0x00011a5c       0x6b .\CortexM3\ARM_GCC_541\Debug\lv_font_symbol_20.o
 .debug_info    0x00011ac7       0x6b .\CortexM3\ARM_GCC_541\Debug\lv_font_symbol_30.o
 .debug_info    0x00011b32       0x6b .\CortexM3\ARM_GCC_541\Debug\lv_font_symbol_40.o
 .debug_info    0x00011b9d      0x5ca .\CortexM3\ARM_GCC_541\Debug\lv_hal_disp.o
 .debug_info    0x00012167      0xc4a .\CortexM3\ARM_GCC_541\Debug\lv_hal_indev.o
 .debug_info    0x00012db1      0x153 .\CortexM3\ARM_GCC_541\Debug\lv_hal_tick.o
 .debug_info    0x00012f04      0x473 .\CortexM3\ARM_GCC_541\Debug\lv_area.o
 .debug_info    0x00013377      0x16b .\CortexM3\ARM_GCC_541\Debug\lv_circ.o
 .debug_info    0x000134e2      0x25c .\CortexM3\ARM_GCC_541\Debug\lv_color.o
 .debug_info    0x0001373e      0x5d3 .\CortexM3\ARM_GCC_541\Debug\lv_font.o
 .debug_info    0x00013d11      0x1ae .\CortexM3\ARM_GCC_541\Debug\lv_gc.o
 .debug_info    0x00013ebf      0x976 .\CortexM3\ARM_GCC_541\Debug\lv_ll.o
 .debug_info    0x00014835      0x177 .\CortexM3\ARM_GCC_541\Debug\lv_log.o
 .debug_info    0x000149ac      0x2af .\CortexM3\ARM_GCC_541\Debug\lv_math.o
 .debug_info    0x00014c5b      0x66f .\CortexM3\ARM_GCC_541\Debug\lv_mem.o
 .debug_info    0x000152ca      0x76e .\CortexM3\ARM_GCC_541\Debug\lv_task.o
 .debug_info    0x00015a38      0xe65 .\CortexM3\ARM_GCC_541\Debug\lv_txt.o
 .debug_info    0x0001689d       0x79 .\CortexM3\ARM_GCC_541\Debug\lv_canvas.o
 .debug_info    0x00016916     0x24ec .\CortexM3\ARM_GCC_541\Debug\lv_label.o
 .debug_info    0x00018e02      0x570 .\CortexM3\ARM_GCC_541\Debug\lv_theme.o
 .debug_info    0x00019372       0x79 .\CortexM3\ARM_GCC_541\Debug\lv_theme_alien.o
 .debug_info    0x000193eb       0x79 .\CortexM3\ARM_GCC_541\Debug\lv_theme_default.o
 .debug_info    0x00019464       0x79 .\CortexM3\ARM_GCC_541\Debug\lv_theme_material.o
 .debug_info    0x000194dd      0x778 .\CortexM3\ARM_GCC_541\Debug\lv_theme_mono.o
 .debug_info    0x00019c55       0x79 .\CortexM3\ARM_GCC_541\Debug\lv_theme_nemo.o
 .debug_info    0x00019cce       0x79 .\CortexM3\ARM_GCC_541\Debug\lv_theme_night.o
 .debug_info    0x00019d47       0x79 .\CortexM3\ARM_GCC_541\Debug\lv_theme_templ.o
 .debug_info    0x00019dc0       0x79 .\CortexM3\ARM_GCC_541\Debug\lv_theme_zen.o
 .debug_info    0x00019e39      0x4c9 .\CortexM3\ARM_GCC_541\Debug\cyfitter_cfg.o
 .debug_info    0x0001a302      0x134 .\CortexM3\ARM_GCC_541\Debug\cymetadata.o
 .debug_info    0x0001a436      0x3bb .\CortexM3\ARM_GCC_541\Debug\Cm3Start.o
 .debug_info    0x0001a7f1      0x2ad .\CortexM3\ARM_GCC_541\Debug\hello_world_label.a(I2C.o)
 .debug_info    0x0001aa9e      0x184 .\CortexM3\ARM_GCC_541\Debug\hello_world_label.a(I2C_INT.o)
 .debug_info    0x0001ac22      0x207 .\CortexM3\ARM_GCC_541\Debug\hello_world_label.a(I2C_PM.o)
 .debug_info    0x0001ae29      0x407 .\CortexM3\ARM_GCC_541\Debug\hello_world_label.a(I2C_MASTER.o)
 .debug_info    0x0001b230      0x2c4 .\CortexM3\ARM_GCC_541\Debug\hello_world_label.a(UART_Log.o)
 .debug_info    0x0001b4f4     0x1374 .\CortexM3\ARM_GCC_541\Debug\hello_world_label.a(CyLib.o)
 .debug_info    0x0001c868      0xa2a .\CortexM3\ARM_GCC_541\Debug\hello_world_label.a(cyPm.o)
 .debug_info    0x0001d292      0x291 .\CortexM3\ARM_GCC_541\Debug\hello_world_label.a(Timer.o)
 .debug_info    0x0001d523      0x2d2 .\CortexM3\ARM_GCC_541\Debug\hello_world_label.a(isr_Timer.o)
 .debug_info    0x0001d7f5       0x97 .\CortexM3\ARM_GCC_541\Debug\hello_world_label.a(UART_Log_AsmGnu.o)
 .debug_info    0x0001d88c       0x94 .\CortexM3\ARM_GCC_541\Debug\hello_world_label.a(CyBootAsmGnu.o)
 .debug_info    0x0001d920      0x64d .\CortexM3\ARM_GCC_541\Debug\hello_world_label.a(CyFlash.o)
 .debug_info    0x0001df6d      0x550 .\CortexM3\ARM_GCC_541\Debug\hello_world_label.a(CySpc.o)

.debug_abbrev   0x00000000     0x5c5e
 *(.debug_abbrev)
 .debug_abbrev  0x00000000      0x29b .\CortexM3\ARM_GCC_541\Debug\main.o
 .debug_abbrev  0x0000029b      0x124 .\CortexM3\ARM_GCC_541\Debug\DBG.o
 .debug_abbrev  0x000003bf      0x126 .\CortexM3\ARM_GCC_541\Debug\SSD1306.o
 .debug_abbrev  0x000004e5       0x26 .\CortexM3\ARM_GCC_541\Debug\lv_group.o
 .debug_abbrev  0x0000050b      0x335 .\CortexM3\ARM_GCC_541\Debug\lv_indev.o
 .debug_abbrev  0x00000840      0x3e9 .\CortexM3\ARM_GCC_541\Debug\lv_obj.o
 .debug_abbrev  0x00000c29      0x35e .\CortexM3\ARM_GCC_541\Debug\lv_refr.o
 .debug_abbrev  0x00000f87      0x1fa .\CortexM3\ARM_GCC_541\Debug\lv_style.o
 .debug_abbrev  0x00001181      0x186 .\CortexM3\ARM_GCC_541\Debug\lv_vdb.o
 .debug_abbrev  0x00001307      0x211 .\CortexM3\ARM_GCC_541\Debug\lv_draw.o
 .debug_abbrev  0x00001518      0x29e .\CortexM3\ARM_GCC_541\Debug\lv_draw_arc.o
 .debug_abbrev  0x000017b6      0x359 .\CortexM3\ARM_GCC_541\Debug\lv_draw_img.o
 .debug_abbrev  0x00001b0f      0x25e .\CortexM3\ARM_GCC_541\Debug\lv_draw_label.o
 .debug_abbrev  0x00001d6d      0x2d4 .\CortexM3\ARM_GCC_541\Debug\lv_draw_line.o
 .debug_abbrev  0x00002041      0x368 .\CortexM3\ARM_GCC_541\Debug\lv_draw_rect.o
 .debug_abbrev  0x000023a9      0x1ac .\CortexM3\ARM_GCC_541\Debug\lv_draw_triangle.o
 .debug_abbrev  0x00002555      0x368 .\CortexM3\ARM_GCC_541\Debug\lv_draw_vbasic.o
 .debug_abbrev  0x000028bd       0x42 .\CortexM3\ARM_GCC_541\Debug\lv_font_builtin.o
 .debug_abbrev  0x000028ff       0x26 .\CortexM3\ARM_GCC_541\Debug\lv_font_dejavu_10.o
 .debug_abbrev  0x00002925       0x26 .\CortexM3\ARM_GCC_541\Debug\lv_font_dejavu_10_cyrillic.o
 .debug_abbrev  0x0000294b       0x26 .\CortexM3\ARM_GCC_541\Debug\lv_font_dejavu_10_latin_sup.o
 .debug_abbrev  0x00002971       0x26 .\CortexM3\ARM_GCC_541\Debug\lv_font_dejavu_20.o
 .debug_abbrev  0x00002997       0x26 .\CortexM3\ARM_GCC_541\Debug\lv_font_dejavu_20_cyrillic.o
 .debug_abbrev  0x000029bd       0x26 .\CortexM3\ARM_GCC_541\Debug\lv_font_dejavu_20_latin_sup.o
 .debug_abbrev  0x000029e3       0x26 .\CortexM3\ARM_GCC_541\Debug\lv_font_dejavu_30.o
 .debug_abbrev  0x00002a09       0x26 .\CortexM3\ARM_GCC_541\Debug\lv_font_dejavu_30_cyrillic.o
 .debug_abbrev  0x00002a2f       0x26 .\CortexM3\ARM_GCC_541\Debug\lv_font_dejavu_30_latin_sup.o
 .debug_abbrev  0x00002a55       0x26 .\CortexM3\ARM_GCC_541\Debug\lv_font_dejavu_40.o
 .debug_abbrev  0x00002a7b       0x26 .\CortexM3\ARM_GCC_541\Debug\lv_font_dejavu_40_cyrillic.o
 .debug_abbrev  0x00002aa1       0x26 .\CortexM3\ARM_GCC_541\Debug\lv_font_dejavu_40_latin_sup.o
 .debug_abbrev  0x00002ac7       0xf4 .\CortexM3\ARM_GCC_541\Debug\lv_font_monospace_8.o
 .debug_abbrev  0x00002bbb       0x26 .\CortexM3\ARM_GCC_541\Debug\lv_font_symbol_10.o
 .debug_abbrev  0x00002be1       0x26 .\CortexM3\ARM_GCC_541\Debug\lv_font_symbol_20.o
 .debug_abbrev  0x00002c07       0x26 .\CortexM3\ARM_GCC_541\Debug\lv_font_symbol_30.o
 .debug_abbrev  0x00002c2d       0x26 .\CortexM3\ARM_GCC_541\Debug\lv_font_symbol_40.o
 .debug_abbrev  0x00002c53      0x1c6 .\CortexM3\ARM_GCC_541\Debug\lv_hal_disp.o
 .debug_abbrev  0x00002e19      0x217 .\CortexM3\ARM_GCC_541\Debug\lv_hal_indev.o
 .debug_abbrev  0x00003030       0xac .\CortexM3\ARM_GCC_541\Debug\lv_hal_tick.o
 .debug_abbrev  0x000030dc      0x169 .\CortexM3\ARM_GCC_541\Debug\lv_area.o
 .debug_abbrev  0x00003245       0xd7 .\CortexM3\ARM_GCC_541\Debug\lv_circ.o
 .debug_abbrev  0x0000331c       0xf8 .\CortexM3\ARM_GCC_541\Debug\lv_color.o
 .debug_abbrev  0x00003414      0x174 .\CortexM3\ARM_GCC_541\Debug\lv_font.o
 .debug_abbrev  0x00003588       0x70 .\CortexM3\ARM_GCC_541\Debug\lv_gc.o
 .debug_abbrev  0x000035f8      0x1ce .\CortexM3\ARM_GCC_541\Debug\lv_ll.o
 .debug_abbrev  0x000037c6       0xc5 .\CortexM3\ARM_GCC_541\Debug\lv_log.o
 .debug_abbrev  0x0000388b       0xde .\CortexM3\ARM_GCC_541\Debug\lv_math.o
 .debug_abbrev  0x00003969      0x236 .\CortexM3\ARM_GCC_541\Debug\lv_mem.o
 .debug_abbrev  0x00003b9f      0x20b .\CortexM3\ARM_GCC_541\Debug\lv_task.o
 .debug_abbrev  0x00003daa      0x319 .\CortexM3\ARM_GCC_541\Debug\lv_txt.o
 .debug_abbrev  0x000040c3       0x26 .\CortexM3\ARM_GCC_541\Debug\lv_canvas.o
 .debug_abbrev  0x000040e9      0x3c3 .\CortexM3\ARM_GCC_541\Debug\lv_label.o
 .debug_abbrev  0x000044ac      0x14f .\CortexM3\ARM_GCC_541\Debug\lv_theme.o
 .debug_abbrev  0x000045fb       0x26 .\CortexM3\ARM_GCC_541\Debug\lv_theme_alien.o
 .debug_abbrev  0x00004621       0x26 .\CortexM3\ARM_GCC_541\Debug\lv_theme_default.o
 .debug_abbrev  0x00004647       0x26 .\CortexM3\ARM_GCC_541\Debug\lv_theme_material.o
 .debug_abbrev  0x0000466d      0x224 .\CortexM3\ARM_GCC_541\Debug\lv_theme_mono.o
 .debug_abbrev  0x00004891       0x26 .\CortexM3\ARM_GCC_541\Debug\lv_theme_nemo.o
 .debug_abbrev  0x000048b7       0x26 .\CortexM3\ARM_GCC_541\Debug\lv_theme_night.o
 .debug_abbrev  0x000048dd       0x26 .\CortexM3\ARM_GCC_541\Debug\lv_theme_templ.o
 .debug_abbrev  0x00004903       0x26 .\CortexM3\ARM_GCC_541\Debug\lv_theme_zen.o
 .debug_abbrev  0x00004929      0x1fe .\CortexM3\ARM_GCC_541\Debug\cyfitter_cfg.o
 .debug_abbrev  0x00004b27       0x5d .\CortexM3\ARM_GCC_541\Debug\cymetadata.o
 .debug_abbrev  0x00004b84      0x1e8 .\CortexM3\ARM_GCC_541\Debug\Cm3Start.o
 .debug_abbrev  0x00004d6c      0x10a .\CortexM3\ARM_GCC_541\Debug\hello_world_label.a(I2C.o)
 .debug_abbrev  0x00004e76       0xb6 .\CortexM3\ARM_GCC_541\Debug\hello_world_label.a(I2C_INT.o)
 .debug_abbrev  0x00004f2c       0xfe .\CortexM3\ARM_GCC_541\Debug\hello_world_label.a(I2C_PM.o)
 .debug_abbrev  0x0000502a      0x13c .\CortexM3\ARM_GCC_541\Debug\hello_world_label.a(I2C_MASTER.o)
 .debug_abbrev  0x00005166      0x109 .\CortexM3\ARM_GCC_541\Debug\hello_world_label.a(UART_Log.o)
 .debug_abbrev  0x0000526f      0x254 .\CortexM3\ARM_GCC_541\Debug\hello_world_label.a(CyLib.o)
 .debug_abbrev  0x000054c3      0x1ab .\CortexM3\ARM_GCC_541\Debug\hello_world_label.a(cyPm.o)
 .debug_abbrev  0x0000566e      0x11a .\CortexM3\ARM_GCC_541\Debug\hello_world_label.a(Timer.o)
 .debug_abbrev  0x00005788      0x173 .\CortexM3\ARM_GCC_541\Debug\hello_world_label.a(isr_Timer.o)
 .debug_abbrev  0x000058fb       0x14 .\CortexM3\ARM_GCC_541\Debug\hello_world_label.a(UART_Log_AsmGnu.o)
 .debug_abbrev  0x0000590f       0x14 .\CortexM3\ARM_GCC_541\Debug\hello_world_label.a(CyBootAsmGnu.o)
 .debug_abbrev  0x00005923      0x1a7 .\CortexM3\ARM_GCC_541\Debug\hello_world_label.a(CyFlash.o)
 .debug_abbrev  0x00005aca      0x194 .\CortexM3\ARM_GCC_541\Debug\hello_world_label.a(CySpc.o)

.debug_line     0x00000000     0x9504
 *(.debug_line)
 .debug_line    0x00000000      0x36f .\CortexM3\ARM_GCC_541\Debug\main.o
 .debug_line    0x0000036f      0x285 .\CortexM3\ARM_GCC_541\Debug\DBG.o
 .debug_line    0x000005f4      0x288 .\CortexM3\ARM_GCC_541\Debug\SSD1306.o
 .debug_line    0x0000087c       0x1d .\CortexM3\ARM_GCC_541\Debug\lv_group.o
 .debug_line    0x00000899      0x589 .\CortexM3\ARM_GCC_541\Debug\lv_indev.o
 .debug_line    0x00000e22        0x0 .\CortexM3\ARM_GCC_541\Debug\lv_lang.o
 .debug_line    0x00000e22      0xae4 .\CortexM3\ARM_GCC_541\Debug\lv_obj.o
 .debug_line    0x00001906      0x4b1 .\CortexM3\ARM_GCC_541\Debug\lv_refr.o
 .debug_line    0x00001db7      0x396 .\CortexM3\ARM_GCC_541\Debug\lv_style.o
 .debug_line    0x0000214d      0x264 .\CortexM3\ARM_GCC_541\Debug\lv_vdb.o
 .debug_line    0x000023b1      0x217 .\CortexM3\ARM_GCC_541\Debug\lv_draw.o
 .debug_line    0x000025c8      0x37c .\CortexM3\ARM_GCC_541\Debug\lv_draw_arc.o
 .debug_line    0x00002944      0x428 .\CortexM3\ARM_GCC_541\Debug\lv_draw_img.o
 .debug_line    0x00002d6c      0x2dd .\CortexM3\ARM_GCC_541\Debug\lv_draw_label.o
 .debug_line    0x00003049      0x526 .\CortexM3\ARM_GCC_541\Debug\lv_draw_line.o
 .debug_line    0x0000356f        0x0 .\CortexM3\ARM_GCC_541\Debug\lv_draw_rbasic.o
 .debug_line    0x0000356f      0x75c .\CortexM3\ARM_GCC_541\Debug\lv_draw_rect.o
 .debug_line    0x00003ccb      0x2a5 .\CortexM3\ARM_GCC_541\Debug\lv_draw_triangle.o
 .debug_line    0x00003f70      0x5b9 .\CortexM3\ARM_GCC_541\Debug\lv_draw_vbasic.o
 .debug_line    0x00004529       0x52 .\CortexM3\ARM_GCC_541\Debug\lv_font_builtin.o
 .debug_line    0x0000457b       0x1d .\CortexM3\ARM_GCC_541\Debug\lv_font_dejavu_10.o
 .debug_line    0x00004598       0x1d .\CortexM3\ARM_GCC_541\Debug\lv_font_dejavu_10_cyrillic.o
 .debug_line    0x000045b5       0x1d .\CortexM3\ARM_GCC_541\Debug\lv_font_dejavu_10_latin_sup.o
 .debug_line    0x000045d2       0x1d .\CortexM3\ARM_GCC_541\Debug\lv_font_dejavu_20.o
 .debug_line    0x000045ef       0x1d .\CortexM3\ARM_GCC_541\Debug\lv_font_dejavu_20_cyrillic.o
 .debug_line    0x0000460c       0x1d .\CortexM3\ARM_GCC_541\Debug\lv_font_dejavu_20_latin_sup.o
 .debug_line    0x00004629       0x1d .\CortexM3\ARM_GCC_541\Debug\lv_font_dejavu_30.o
 .debug_line    0x00004646       0x1d .\CortexM3\ARM_GCC_541\Debug\lv_font_dejavu_30_cyrillic.o
 .debug_line    0x00004663       0x1d .\CortexM3\ARM_GCC_541\Debug\lv_font_dejavu_30_latin_sup.o
 .debug_line    0x00004680       0x1d .\CortexM3\ARM_GCC_541\Debug\lv_font_dejavu_40.o
 .debug_line    0x0000469d       0x1d .\CortexM3\ARM_GCC_541\Debug\lv_font_dejavu_40_cyrillic.o
 .debug_line    0x000046ba       0x1d .\CortexM3\ARM_GCC_541\Debug\lv_font_dejavu_40_latin_sup.o
 .debug_line    0x000046d7      0x16d .\CortexM3\ARM_GCC_541\Debug\lv_font_monospace_8.o
 .debug_line    0x00004844       0x1d .\CortexM3\ARM_GCC_541\Debug\lv_font_symbol_10.o
 .debug_line    0x00004861       0x1d .\CortexM3\ARM_GCC_541\Debug\lv_font_symbol_20.o
 .debug_line    0x0000487e       0x1d .\CortexM3\ARM_GCC_541\Debug\lv_font_symbol_30.o
 .debug_line    0x0000489b       0x1d .\CortexM3\ARM_GCC_541\Debug\lv_font_symbol_40.o
 .debug_line    0x000048b8      0x2fd .\CortexM3\ARM_GCC_541\Debug\lv_hal_disp.o
 .debug_line    0x00004bb5      0x2d0 .\CortexM3\ARM_GCC_541\Debug\lv_hal_indev.o
 .debug_line    0x00004e85      0x17f .\CortexM3\ARM_GCC_541\Debug\lv_hal_tick.o
 .debug_line    0x00005004        0x0 .\CortexM3\ARM_GCC_541\Debug\lv_anim.o
 .debug_line    0x00005004      0x245 .\CortexM3\ARM_GCC_541\Debug\lv_area.o
 .debug_line    0x00005249      0x17d .\CortexM3\ARM_GCC_541\Debug\lv_circ.o
 .debug_line    0x000053c6      0x1bd .\CortexM3\ARM_GCC_541\Debug\lv_color.o
 .debug_line    0x00005583      0x2d9 .\CortexM3\ARM_GCC_541\Debug\lv_font.o
 .debug_line    0x0000585c        0x0 .\CortexM3\ARM_GCC_541\Debug\lv_fs.o
 .debug_line    0x0000585c      0x140 .\CortexM3\ARM_GCC_541\Debug\lv_gc.o
 .debug_line    0x0000599c      0x2e2 .\CortexM3\ARM_GCC_541\Debug\lv_ll.o
 .debug_line    0x00005c7e      0x16d .\CortexM3\ARM_GCC_541\Debug\lv_log.o
 .debug_line    0x00005deb      0x1d4 .\CortexM3\ARM_GCC_541\Debug\lv_math.o
 .debug_line    0x00005fbf      0x2a5 .\CortexM3\ARM_GCC_541\Debug\lv_mem.o
 .debug_line    0x00006264      0x315 .\CortexM3\ARM_GCC_541\Debug\lv_task.o
 .debug_line    0x00006579        0x0 .\CortexM3\ARM_GCC_541\Debug\lv_templ.o
 .debug_line    0x00006579      0x499 .\CortexM3\ARM_GCC_541\Debug\lv_txt.o
 .debug_line    0x00006a12        0x0 .\CortexM3\ARM_GCC_541\Debug\lv_ufs.o
 .debug_line    0x00006a12        0x0 .\CortexM3\ARM_GCC_541\Debug\lv_arc.o